Archive member included because of file (symbol)

.\CortexM0\ARM_GCC_473\Debug\My First Project.a(cyfitter_cfg.o)
                              .\CortexM0\ARM_GCC_473\Debug\Cm0Start.o (cyfitter_cfg)
.\CortexM0\ARM_GCC_473\Debug\My First Project.a(PWM_1.o)
                              .\CortexM0\ARM_GCC_473\Debug\piezoelectric.o (PWM_1_WritePeriod)
.\CortexM0\ARM_GCC_473\Debug\My First Project.a(CyBootAsmGnu.o)
                              .\CortexM0\ARM_GCC_473\Debug\My First Project.a(cyfitter_cfg.o) (CyDelayCycles)
.\CortexM0\ARM_GCC_473\Debug\My First Project.a(CyLib.o)
                              .\CortexM0\ARM_GCC_473\Debug\My First Project.a(cyfitter_cfg.o) (CyDelayUs)
d:/program files (x86)/cypress/psoc creator/3.0/psoc creator/import/gnu_cs/arm/4.7.3/bin/../lib/gcc/arm-none-eabi/4.7.3/armv6-m\libgcc.a(_udivsi3.o)
                              .\CortexM0\ARM_GCC_473\Debug\My First Project.a(CyLib.o) (__aeabi_uidiv)
d:/program files (x86)/cypress/psoc creator/3.0/psoc creator/import/gnu_cs/arm/4.7.3/bin/../lib/gcc/arm-none-eabi/4.7.3/armv6-m\libgcc.a(_divsi3.o)
                              .\CortexM0\ARM_GCC_473\Debug\piezoelectric.o (__aeabi_idiv)
d:/program files (x86)/cypress/psoc creator/3.0/psoc creator/import/gnu_cs/arm/4.7.3/bin/../lib/gcc/arm-none-eabi/4.7.3/armv6-m\libgcc.a(_dvmd_tls.o)
                              d:/program files (x86)/cypress/psoc creator/3.0/psoc creator/import/gnu_cs/arm/4.7.3/bin/../lib/gcc/arm-none-eabi/4.7.3/armv6-m\libgcc.a(_udivsi3.o) (__aeabi_idiv0)
d:/program files (x86)/cypress/psoc creator/3.0/psoc creator/import/gnu_cs/arm/4.7.3/bin/../lib/gcc/arm-none-eabi/4.7.3/../../../../arm-none-eabi/lib/armv6-m\libc_s.a(lib_a-__atexit2.o)
                              d:/program files (x86)/cypress/psoc creator/3.0/psoc creator/import/gnu_cs/arm/4.7.3/bin/../lib/gcc/arm-none-eabi/4.7.3/../../../../arm-none-eabi/lib/armv6-m/crt0.o (__register_exitproc)
d:/program files (x86)/cypress/psoc creator/3.0/psoc creator/import/gnu_cs/arm/4.7.3/bin/../lib/gcc/arm-none-eabi/4.7.3/../../../../arm-none-eabi/lib/armv6-m\libc_s.a(lib_a-exit.o)
                              d:/program files (x86)/cypress/psoc creator/3.0/psoc creator/import/gnu_cs/arm/4.7.3/bin/../lib/gcc/arm-none-eabi/4.7.3/../../../../arm-none-eabi/lib/armv6-m/crt0.o (exit)
d:/program files (x86)/cypress/psoc creator/3.0/psoc creator/import/gnu_cs/arm/4.7.3/bin/../lib/gcc/arm-none-eabi/4.7.3/../../../../arm-none-eabi/lib/armv6-m\libc_s.a(lib_a-fini.o)
                              d:/program files (x86)/cypress/psoc creator/3.0/psoc creator/import/gnu_cs/arm/4.7.3/bin/../lib/gcc/arm-none-eabi/4.7.3/../../../../arm-none-eabi/lib/armv6-m/crt0.o (__libc_fini_array)
d:/program files (x86)/cypress/psoc creator/3.0/psoc creator/import/gnu_cs/arm/4.7.3/bin/../lib/gcc/arm-none-eabi/4.7.3/../../../../arm-none-eabi/lib/armv6-m\libc_s.a(lib_a-impure.o)
                              d:/program files (x86)/cypress/psoc creator/3.0/psoc creator/import/gnu_cs/arm/4.7.3/bin/../lib/gcc/arm-none-eabi/4.7.3/../../../../arm-none-eabi/lib/armv6-m\libc_s.a(lib_a-exit.o) (_global_impure_ptr)
d:/program files (x86)/cypress/psoc creator/3.0/psoc creator/import/gnu_cs/arm/4.7.3/bin/../lib/gcc/arm-none-eabi/4.7.3/../../../../arm-none-eabi/lib/armv6-m\libc_s.a(lib_a-init.o)
                              d:/program files (x86)/cypress/psoc creator/3.0/psoc creator/import/gnu_cs/arm/4.7.3/bin/../lib/gcc/arm-none-eabi/4.7.3/../../../../arm-none-eabi/lib/armv6-m/crt0.o (__libc_init_array)
d:/program files (x86)/cypress/psoc creator/3.0/psoc creator/import/gnu_cs/arm/4.7.3/bin/../lib/gcc/arm-none-eabi/4.7.3/../../../../arm-none-eabi/lib/armv6-m\libc_s.a(lib_a-memcpy.o)
                              .\CortexM0\ARM_GCC_473\Debug\My First Project.a(cyfitter_cfg.o) (memcpy)
d:/program files (x86)/cypress/psoc creator/3.0/psoc creator/import/gnu_cs/arm/4.7.3/bin/../lib/gcc/arm-none-eabi/4.7.3/../../../../arm-none-eabi/lib/armv6-m\libc_s.a(lib_a-memset.o)
                              d:/program files (x86)/cypress/psoc creator/3.0/psoc creator/import/gnu_cs/arm/4.7.3/bin/../lib/gcc/arm-none-eabi/4.7.3/../../../../arm-none-eabi/lib/armv6-m/crt0.o (memset)

Discarded input sections

 .text          0x00000000        0x0 d:/program files (x86)/cypress/psoc creator/3.0/psoc creator/import/gnu_cs/arm/4.7.3/bin/../lib/gcc/arm-none-eabi/4.7.3/armv6-m/crti.o
 .data          0x00000000        0x0 d:/program files (x86)/cypress/psoc creator/3.0/psoc creator/import/gnu_cs/arm/4.7.3/bin/../lib/gcc/arm-none-eabi/4.7.3/armv6-m/crti.o
 .bss           0x00000000        0x0 d:/program files (x86)/cypress/psoc creator/3.0/psoc creator/import/gnu_cs/arm/4.7.3/bin/../lib/gcc/arm-none-eabi/4.7.3/armv6-m/crti.o
 .data          0x00000000        0x4 d:/program files (x86)/cypress/psoc creator/3.0/psoc creator/import/gnu_cs/arm/4.7.3/bin/../lib/gcc/arm-none-eabi/4.7.3/armv6-m/crtbegin.o
 .text          0x00000000       0x74 d:/program files (x86)/cypress/psoc creator/3.0/psoc creator/import/gnu_cs/arm/4.7.3/bin/../lib/gcc/arm-none-eabi/4.7.3/../../../../arm-none-eabi/lib/armv6-m/crt0.o
 .data          0x00000000        0x0 d:/program files (x86)/cypress/psoc creator/3.0/psoc creator/import/gnu_cs/arm/4.7.3/bin/../lib/gcc/arm-none-eabi/4.7.3/../../../../arm-none-eabi/lib/armv6-m/crt0.o
 .bss           0x00000000        0x0 d:/program files (x86)/cypress/psoc creator/3.0/psoc creator/import/gnu_cs/arm/4.7.3/bin/../lib/gcc/arm-none-eabi/4.7.3/../../../../arm-none-eabi/lib/armv6-m/crt0.o
 .ARM.extab     0x00000000        0x0 d:/program files (x86)/cypress/psoc creator/3.0/psoc creator/import/gnu_cs/arm/4.7.3/bin/../lib/gcc/arm-none-eabi/4.7.3/../../../../arm-none-eabi/lib/armv6-m/crt0.o
 .ARM.exidx     0x00000000        0x8 d:/program files (x86)/cypress/psoc creator/3.0/psoc creator/import/gnu_cs/arm/4.7.3/bin/../lib/gcc/arm-none-eabi/4.7.3/../../../../arm-none-eabi/lib/armv6-m/crt0.o
 .text          0x00000000        0x0 .\CortexM0\ARM_GCC_473\Debug\main.o
 .data          0x00000000        0x0 .\CortexM0\ARM_GCC_473\Debug\main.o
 .bss           0x00000000        0x0 .\CortexM0\ARM_GCC_473\Debug\main.o
 .text          0x00000000        0x0 .\CortexM0\ARM_GCC_473\Debug\piezoelectric.o
 .bss           0x00000000        0x0 .\CortexM0\ARM_GCC_473\Debug\piezoelectric.o
 .text.piezo_volume
                0x00000000       0x20 .\CortexM0\ARM_GCC_473\Debug\piezoelectric.o
 .text          0x00000000        0x0 .\CortexM0\ARM_GCC_473\Debug\cymetadata.o
 .data          0x00000000        0x0 .\CortexM0\ARM_GCC_473\Debug\cymetadata.o
 .bss           0x00000000        0x0 .\CortexM0\ARM_GCC_473\Debug\cymetadata.o
 .text          0x00000000        0x0 .\CortexM0\ARM_GCC_473\Debug\Cm0Start.o
 .data          0x00000000        0x0 .\CortexM0\ARM_GCC_473\Debug\Cm0Start.o
 .bss           0x00000000        0x0 .\CortexM0\ARM_GCC_473\Debug\Cm0Start.o
 .text._exit    0x00000000       0x28 .\CortexM0\ARM_GCC_473\Debug\Cm0Start.o
 .text          0x00000000        0x0 .\CortexM0\ARM_GCC_473\Debug\My First Project.a(cyfitter_cfg.o)
 .bss           0x00000000        0x0 .\CortexM0\ARM_GCC_473\Debug\My First Project.a(cyfitter_cfg.o)
 .text.CYCONFIGCPY
                0x00000000       0x24 .\CortexM0\ARM_GCC_473\Debug\My First Project.a(cyfitter_cfg.o)
 .text.CYCONFIGCPYCODE
                0x00000000       0x24 .\CortexM0\ARM_GCC_473\Debug\My First Project.a(cyfitter_cfg.o)
 .text          0x00000000        0x0 .\CortexM0\ARM_GCC_473\Debug\My First Project.a(PWM_1.o)
 .data          0x00000000        0x0 .\CortexM0\ARM_GCC_473\Debug\My First Project.a(PWM_1.o)
 .text.PWM_1_Stop
                0x00000000       0x30 .\CortexM0\ARM_GCC_473\Debug\My First Project.a(PWM_1.o)
 .text.PWM_1_SetMode
                0x00000000       0x48 .\CortexM0\ARM_GCC_473\Debug\My First Project.a(PWM_1.o)
 .text.PWM_1_SetQDMode
                0x00000000       0x48 .\CortexM0\ARM_GCC_473\Debug\My First Project.a(PWM_1.o)
 .text.PWM_1_SetPrescaler
                0x00000000       0x48 .\CortexM0\ARM_GCC_473\Debug\My First Project.a(PWM_1.o)
 .text.PWM_1_SetOneShot
                0x00000000       0x4c .\CortexM0\ARM_GCC_473\Debug\My First Project.a(PWM_1.o)
 .text.PWM_1_SetPWMMode
                0x00000000       0x1c .\CortexM0\ARM_GCC_473\Debug\My First Project.a(PWM_1.o)
 .text.PWM_1_SetPWMSyncKill
                0x00000000       0x48 .\CortexM0\ARM_GCC_473\Debug\My First Project.a(PWM_1.o)
 .text.PWM_1_SetPWMStopOnKill
                0x00000000       0x48 .\CortexM0\ARM_GCC_473\Debug\My First Project.a(PWM_1.o)
 .text.PWM_1_SetPWMDeadTime
                0x00000000       0x4c .\CortexM0\ARM_GCC_473\Debug\My First Project.a(PWM_1.o)
 .text.PWM_1_SetPWMInvert
                0x00000000       0x48 .\CortexM0\ARM_GCC_473\Debug\My First Project.a(PWM_1.o)
 .text.PWM_1_WriteCounter
                0x00000000       0x1c .\CortexM0\ARM_GCC_473\Debug\My First Project.a(PWM_1.o)
 .text.PWM_1_ReadCounter
                0x00000000       0x18 .\CortexM0\ARM_GCC_473\Debug\My First Project.a(PWM_1.o)
 .text.PWM_1_SetCounterMode
                0x00000000       0x48 .\CortexM0\ARM_GCC_473\Debug\My First Project.a(PWM_1.o)
 .text.PWM_1_ReadPeriod
                0x00000000       0x18 .\CortexM0\ARM_GCC_473\Debug\My First Project.a(PWM_1.o)
 .text.PWM_1_SetCompareSwap
                0x00000000       0x48 .\CortexM0\ARM_GCC_473\Debug\My First Project.a(PWM_1.o)
 .text.PWM_1_WritePeriodBuf
                0x00000000       0x1c .\CortexM0\ARM_GCC_473\Debug\My First Project.a(PWM_1.o)
 .text.PWM_1_ReadPeriodBuf
                0x00000000       0x18 .\CortexM0\ARM_GCC_473\Debug\My First Project.a(PWM_1.o)
 .text.PWM_1_SetPeriodSwap
                0x00000000       0x48 .\CortexM0\ARM_GCC_473\Debug\My First Project.a(PWM_1.o)
 .text.PWM_1_ReadCompare
                0x00000000       0x18 .\CortexM0\ARM_GCC_473\Debug\My First Project.a(PWM_1.o)
 .text.PWM_1_WriteCompareBuf
                0x00000000       0x1c .\CortexM0\ARM_GCC_473\Debug\My First Project.a(PWM_1.o)
 .text.PWM_1_ReadCompareBuf
                0x00000000       0x18 .\CortexM0\ARM_GCC_473\Debug\My First Project.a(PWM_1.o)
 .text.PWM_1_ReadCapture
                0x00000000       0x18 .\CortexM0\ARM_GCC_473\Debug\My First Project.a(PWM_1.o)
 .text.PWM_1_ReadCaptureBuf
                0x00000000       0x18 .\CortexM0\ARM_GCC_473\Debug\My First Project.a(PWM_1.o)
 .text.PWM_1_SetCaptureMode
                0x00000000       0x44 .\CortexM0\ARM_GCC_473\Debug\My First Project.a(PWM_1.o)
 .text.PWM_1_SetReloadMode
                0x00000000       0x44 .\CortexM0\ARM_GCC_473\Debug\My First Project.a(PWM_1.o)
 .text.PWM_1_SetStartMode
                0x00000000       0x48 .\CortexM0\ARM_GCC_473\Debug\My First Project.a(PWM_1.o)
 .text.PWM_1_SetStopMode
                0x00000000       0x44 .\CortexM0\ARM_GCC_473\Debug\My First Project.a(PWM_1.o)
 .text.PWM_1_SetCountMode
                0x00000000       0x44 .\CortexM0\ARM_GCC_473\Debug\My First Project.a(PWM_1.o)
 .text.PWM_1_ReadStatus
                0x00000000       0x20 .\CortexM0\ARM_GCC_473\Debug\My First Project.a(PWM_1.o)
 .text.PWM_1_GetInterruptSourceMasked
                0x00000000       0x14 .\CortexM0\ARM_GCC_473\Debug\My First Project.a(PWM_1.o)
 .text.PWM_1_GetInterruptSource
                0x00000000       0x14 .\CortexM0\ARM_GCC_473\Debug\My First Project.a(PWM_1.o)
 .text.PWM_1_ClearInterrupt
                0x00000000       0x18 .\CortexM0\ARM_GCC_473\Debug\My First Project.a(PWM_1.o)
 .text.PWM_1_SetInterrupt
                0x00000000       0x18 .\CortexM0\ARM_GCC_473\Debug\My First Project.a(PWM_1.o)
 .data          0x00000000        0x0 .\CortexM0\ARM_GCC_473\Debug\My First Project.a(CyBootAsmGnu.o)
 .bss           0x00000000        0x0 .\CortexM0\ARM_GCC_473\Debug\My First Project.a(CyBootAsmGnu.o)
 .text          0x00000000        0x0 .\CortexM0\ARM_GCC_473\Debug\My First Project.a(CyLib.o)
 .bss           0x00000000        0x0 .\CortexM0\ARM_GCC_473\Debug\My First Project.a(CyLib.o)
 .text.CySysClkImoStart
                0x00000000       0x1c .\CortexM0\ARM_GCC_473\Debug\My First Project.a(CyLib.o)
 .text.CySysClkImoStop
                0x00000000       0x18 .\CortexM0\ARM_GCC_473\Debug\My First Project.a(CyLib.o)
 .text.CySysClkIloStart
                0x00000000       0x1c .\CortexM0\ARM_GCC_473\Debug\My First Project.a(CyLib.o)
 .text.CySysClkIloStop
                0x00000000       0x18 .\CortexM0\ARM_GCC_473\Debug\My First Project.a(CyLib.o)
 .text.CySysClkWriteHfclkDirect
                0x00000000       0x44 .\CortexM0\ARM_GCC_473\Debug\My First Project.a(CyLib.o)
 .text.CySysClkWriteSysclkDiv
                0x00000000       0x44 .\CortexM0\ARM_GCC_473\Debug\My First Project.a(CyLib.o)
 .text.CySysClkWriteImoFreq
                0x00000000      0x200 .\CortexM0\ARM_GCC_473\Debug\My First Project.a(CyLib.o)
 .text.CySysWdtLock
                0x00000000       0x44 .\CortexM0\ARM_GCC_473\Debug\My First Project.a(CyLib.o)
 .text.CySysWdtUnlock
                0x00000000       0x5c .\CortexM0\ARM_GCC_473\Debug\My First Project.a(CyLib.o)
 .text.CySysWdtReadEnabledStatus
                0x00000000       0x30 .\CortexM0\ARM_GCC_473\Debug\My First Project.a(CyLib.o)
 .text.CySysWdtWriteMode
                0x00000000       0x70 .\CortexM0\ARM_GCC_473\Debug\My First Project.a(CyLib.o)
 .text.CySysWdtReadMode
                0x00000000       0x24 .\CortexM0\ARM_GCC_473\Debug\My First Project.a(CyLib.o)
 .text.CySysWdtWriteClearOnMatch
                0x00000000       0x68 .\CortexM0\ARM_GCC_473\Debug\My First Project.a(CyLib.o)
 .text.CySysWdtReadClearOnMatch
                0x00000000       0x40 .\CortexM0\ARM_GCC_473\Debug\My First Project.a(CyLib.o)
 .text.CySysWdtEnable
                0x00000000       0x30 .\CortexM0\ARM_GCC_473\Debug\My First Project.a(CyLib.o)
 .text.CySysWdtDisable
                0x00000000       0x30 .\CortexM0\ARM_GCC_473\Debug\My First Project.a(CyLib.o)
 .text.CySysWdtWriteCascade
                0x00000000       0x68 .\CortexM0\ARM_GCC_473\Debug\My First Project.a(CyLib.o)
 .text.CySysWdtReadCascade
                0x00000000       0x1c .\CortexM0\ARM_GCC_473\Debug\My First Project.a(CyLib.o)
 .text.CySysWdtWriteMatch
                0x00000000       0x74 .\CortexM0\ARM_GCC_473\Debug\My First Project.a(CyLib.o)
 .text.CySysWdtWriteToggleBit
                0x00000000       0x54 .\CortexM0\ARM_GCC_473\Debug\My First Project.a(CyLib.o)
 .text.CySysWdtReadToggleBit
                0x00000000       0x18 .\CortexM0\ARM_GCC_473\Debug\My First Project.a(CyLib.o)
 .text.CySysWdtReadMatch
                0x00000000       0x44 .\CortexM0\ARM_GCC_473\Debug\My First Project.a(CyLib.o)
 .text.CySysWdtReadCount
                0x00000000       0x54 .\CortexM0\ARM_GCC_473\Debug\My First Project.a(CyLib.o)
 .text.CySysWdtGetInterruptSource
                0x00000000       0x1c .\CortexM0\ARM_GCC_473\Debug\My First Project.a(CyLib.o)
 .text.CySysWdtClearInterrupt
                0x00000000       0xb8 .\CortexM0\ARM_GCC_473\Debug\My First Project.a(CyLib.o)
 .text.CySysWdtResetCounters
                0x00000000       0x38 .\CortexM0\ARM_GCC_473\Debug\My First Project.a(CyLib.o)
 .text.CySysLvdEnable
                0x00000000       0x48 .\CortexM0\ARM_GCC_473\Debug\My First Project.a(CyLib.o)
 .text.CySysLvdDisable
                0x00000000       0x28 .\CortexM0\ARM_GCC_473\Debug\My First Project.a(CyLib.o)
 .text.CySysLvdGetInterruptSource
                0x00000000       0x18 .\CortexM0\ARM_GCC_473\Debug\My First Project.a(CyLib.o)
 .text.CySysLvdClearInterrupt
                0x00000000       0x14 .\CortexM0\ARM_GCC_473\Debug\My First Project.a(CyLib.o)
 .text.CySysGetResetReason
                0x00000000       0x30 .\CortexM0\ARM_GCC_473\Debug\My First Project.a(CyLib.o)
 .text.CyDisableInts
                0x00000000       0x24 .\CortexM0\ARM_GCC_473\Debug\My First Project.a(CyLib.o)
 .text.CyEnableInts
                0x00000000       0x18 .\CortexM0\ARM_GCC_473\Debug\My First Project.a(CyLib.o)
 .text.CyIntSetSysVector
                0x00000000       0x48 .\CortexM0\ARM_GCC_473\Debug\My First Project.a(CyLib.o)
 .text.CyIntGetSysVector
                0x00000000       0x34 .\CortexM0\ARM_GCC_473\Debug\My First Project.a(CyLib.o)
 .text.CyIntSetVector
                0x00000000       0x4c .\CortexM0\ARM_GCC_473\Debug\My First Project.a(CyLib.o)
 .text.CyIntGetVector
                0x00000000       0x38 .\CortexM0\ARM_GCC_473\Debug\My First Project.a(CyLib.o)
 .text.CyIntSetPriority
                0x00000000       0xa8 .\CortexM0\ARM_GCC_473\Debug\My First Project.a(CyLib.o)
 .text.CyIntGetPriority
                0x00000000       0x58 .\CortexM0\ARM_GCC_473\Debug\My First Project.a(CyLib.o)
 .text.CyIntEnable
                0x00000000       0x2c .\CortexM0\ARM_GCC_473\Debug\My First Project.a(CyLib.o)
 .text.CyIntGetState
                0x00000000       0x34 .\CortexM0\ARM_GCC_473\Debug\My First Project.a(CyLib.o)
 .text.CyIntDisable
                0x00000000       0x2c .\CortexM0\ARM_GCC_473\Debug\My First Project.a(CyLib.o)
 .text.CyIntSetPending
                0x00000000       0x2c .\CortexM0\ARM_GCC_473\Debug\My First Project.a(CyLib.o)
 .text.CyIntClearPending
                0x00000000       0x2c .\CortexM0\ARM_GCC_473\Debug\My First Project.a(CyLib.o)
 .text.CyHalt   0x00000000       0x14 .\CortexM0\ARM_GCC_473\Debug\My First Project.a(CyLib.o)
 .text.CySoftwareReset
                0x00000000       0x20 .\CortexM0\ARM_GCC_473\Debug\My First Project.a(CyLib.o)
 .text.CyDelay  0x00000000       0x48 .\CortexM0\ARM_GCC_473\Debug\My First Project.a(CyLib.o)
 .text.CyDelayFreq
                0x00000000       0x80 .\CortexM0\ARM_GCC_473\Debug\My First Project.a(CyLib.o)
 .rodata        0x00000000       0x30 .\CortexM0\ARM_GCC_473\Debug\My First Project.a(CyLib.o)
 .text          0x00000000       0x9c d:/program files (x86)/cypress/psoc creator/3.0/psoc creator/import/gnu_cs/arm/4.7.3/bin/../lib/gcc/arm-none-eabi/4.7.3/armv6-m\libgcc.a(_udivsi3.o)
 .data          0x00000000        0x0 d:/program files (x86)/cypress/psoc creator/3.0/psoc creator/import/gnu_cs/arm/4.7.3/bin/../lib/gcc/arm-none-eabi/4.7.3/armv6-m\libgcc.a(_udivsi3.o)
 .bss           0x00000000        0x0 d:/program files (x86)/cypress/psoc creator/3.0/psoc creator/import/gnu_cs/arm/4.7.3/bin/../lib/gcc/arm-none-eabi/4.7.3/armv6-m\libgcc.a(_udivsi3.o)
 .data          0x00000000        0x0 d:/program files (x86)/cypress/psoc creator/3.0/psoc creator/import/gnu_cs/arm/4.7.3/bin/../lib/gcc/arm-none-eabi/4.7.3/armv6-m\libgcc.a(_divsi3.o)
 .bss           0x00000000        0x0 d:/program files (x86)/cypress/psoc creator/3.0/psoc creator/import/gnu_cs/arm/4.7.3/bin/../lib/gcc/arm-none-eabi/4.7.3/armv6-m\libgcc.a(_divsi3.o)
 .data          0x00000000        0x0 d:/program files (x86)/cypress/psoc creator/3.0/psoc creator/import/gnu_cs/arm/4.7.3/bin/../lib/gcc/arm-none-eabi/4.7.3/armv6-m\libgcc.a(_dvmd_tls.o)
 .bss           0x00000000        0x0 d:/program files (x86)/cypress/psoc creator/3.0/psoc creator/import/gnu_cs/arm/4.7.3/bin/../lib/gcc/arm-none-eabi/4.7.3/armv6-m\libgcc.a(_dvmd_tls.o)
 .text          0x00000000        0x0 d:/program files (x86)/cypress/psoc creator/3.0/psoc creator/import/gnu_cs/arm/4.7.3/bin/../lib/gcc/arm-none-eabi/4.7.3/../../../../arm-none-eabi/lib/armv6-m\libc_s.a(lib_a-__atexit2.o)
 .data          0x00000000        0x0 d:/program files (x86)/cypress/psoc creator/3.0/psoc creator/import/gnu_cs/arm/4.7.3/bin/../lib/gcc/arm-none-eabi/4.7.3/../../../../arm-none-eabi/lib/armv6-m\libc_s.a(lib_a-__atexit2.o)
 .bss           0x00000000        0x0 d:/program files (x86)/cypress/psoc creator/3.0/psoc creator/import/gnu_cs/arm/4.7.3/bin/../lib/gcc/arm-none-eabi/4.7.3/../../../../arm-none-eabi/lib/armv6-m\libc_s.a(lib_a-__atexit2.o)
 .text.__register_exitproc
                0x00000000       0x18 d:/program files (x86)/cypress/psoc creator/3.0/psoc creator/import/gnu_cs/arm/4.7.3/bin/../lib/gcc/arm-none-eabi/4.7.3/../../../../arm-none-eabi/lib/armv6-m\libc_s.a(lib_a-__atexit2.o)
 .text          0x00000000        0x0 d:/program files (x86)/cypress/psoc creator/3.0/psoc creator/import/gnu_cs/arm/4.7.3/bin/../lib/gcc/arm-none-eabi/4.7.3/../../../../arm-none-eabi/lib/armv6-m\libc_s.a(lib_a-exit.o)
 .data          0x00000000        0x0 d:/program files (x86)/cypress/psoc creator/3.0/psoc creator/import/gnu_cs/arm/4.7.3/bin/../lib/gcc/arm-none-eabi/4.7.3/../../../../arm-none-eabi/lib/armv6-m\libc_s.a(lib_a-exit.o)
 .bss           0x00000000        0x0 d:/program files (x86)/cypress/psoc creator/3.0/psoc creator/import/gnu_cs/arm/4.7.3/bin/../lib/gcc/arm-none-eabi/4.7.3/../../../../arm-none-eabi/lib/armv6-m\libc_s.a(lib_a-exit.o)
 .text.exit     0x00000000       0x30 d:/program files (x86)/cypress/psoc creator/3.0/psoc creator/import/gnu_cs/arm/4.7.3/bin/../lib/gcc/arm-none-eabi/4.7.3/../../../../arm-none-eabi/lib/armv6-m\libc_s.a(lib_a-exit.o)
 .text          0x00000000        0x0 d:/program files (x86)/cypress/psoc creator/3.0/psoc creator/import/gnu_cs/arm/4.7.3/bin/../lib/gcc/arm-none-eabi/4.7.3/../../../../arm-none-eabi/lib/armv6-m\libc_s.a(lib_a-fini.o)
 .data          0x00000000        0x0 d:/program files (x86)/cypress/psoc creator/3.0/psoc creator/import/gnu_cs/arm/4.7.3/bin/../lib/gcc/arm-none-eabi/4.7.3/../../../../arm-none-eabi/lib/armv6-m\libc_s.a(lib_a-fini.o)
 .bss           0x00000000        0x0 d:/program files (x86)/cypress/psoc creator/3.0/psoc creator/import/gnu_cs/arm/4.7.3/bin/../lib/gcc/arm-none-eabi/4.7.3/../../../../arm-none-eabi/lib/armv6-m\libc_s.a(lib_a-fini.o)
 .text.__libc_fini_array
                0x00000000       0x2c d:/program files (x86)/cypress/psoc creator/3.0/psoc creator/import/gnu_cs/arm/4.7.3/bin/../lib/gcc/arm-none-eabi/4.7.3/../../../../arm-none-eabi/lib/armv6-m\libc_s.a(lib_a-fini.o)
 .text          0x00000000        0x0 d:/program files (x86)/cypress/psoc creator/3.0/psoc creator/import/gnu_cs/arm/4.7.3/bin/../lib/gcc/arm-none-eabi/4.7.3/../../../../arm-none-eabi/lib/armv6-m\libc_s.a(lib_a-impure.o)
 .data          0x00000000        0x0 d:/program files (x86)/cypress/psoc creator/3.0/psoc creator/import/gnu_cs/arm/4.7.3/bin/../lib/gcc/arm-none-eabi/4.7.3/../../../../arm-none-eabi/lib/armv6-m\libc_s.a(lib_a-impure.o)
 .bss           0x00000000        0x0 d:/program files (x86)/cypress/psoc creator/3.0/psoc creator/import/gnu_cs/arm/4.7.3/bin/../lib/gcc/arm-none-eabi/4.7.3/../../../../arm-none-eabi/lib/armv6-m\libc_s.a(lib_a-impure.o)
 .data.impure_data
                0x00000000       0x64 d:/program files (x86)/cypress/psoc creator/3.0/psoc creator/import/gnu_cs/arm/4.7.3/bin/../lib/gcc/arm-none-eabi/4.7.3/../../../../arm-none-eabi/lib/armv6-m\libc_s.a(lib_a-impure.o)
 .data._impure_ptr
                0x00000000        0x4 d:/program files (x86)/cypress/psoc creator/3.0/psoc creator/import/gnu_cs/arm/4.7.3/bin/../lib/gcc/arm-none-eabi/4.7.3/../../../../arm-none-eabi/lib/armv6-m\libc_s.a(lib_a-impure.o)
 .rodata.str1.1
                0x00000000        0x2 d:/program files (x86)/cypress/psoc creator/3.0/psoc creator/import/gnu_cs/arm/4.7.3/bin/../lib/gcc/arm-none-eabi/4.7.3/../../../../arm-none-eabi/lib/armv6-m\libc_s.a(lib_a-impure.o)
 .rodata._global_impure_ptr
                0x00000000        0x4 d:/program files (x86)/cypress/psoc creator/3.0/psoc creator/import/gnu_cs/arm/4.7.3/bin/../lib/gcc/arm-none-eabi/4.7.3/../../../../arm-none-eabi/lib/armv6-m\libc_s.a(lib_a-impure.o)
 .text          0x00000000        0x0 d:/program files (x86)/cypress/psoc creator/3.0/psoc creator/import/gnu_cs/arm/4.7.3/bin/../lib/gcc/arm-none-eabi/4.7.3/../../../../arm-none-eabi/lib/armv6-m\libc_s.a(lib_a-init.o)
 .data          0x00000000        0x0 d:/program files (x86)/cypress/psoc creator/3.0/psoc creator/import/gnu_cs/arm/4.7.3/bin/../lib/gcc/arm-none-eabi/4.7.3/../../../../arm-none-eabi/lib/armv6-m\libc_s.a(lib_a-init.o)
 .bss           0x00000000        0x0 d:/program files (x86)/cypress/psoc creator/3.0/psoc creator/import/gnu_cs/arm/4.7.3/bin/../lib/gcc/arm-none-eabi/4.7.3/../../../../arm-none-eabi/lib/armv6-m\libc_s.a(lib_a-init.o)
 .text          0x00000000        0x0 d:/program files (x86)/cypress/psoc creator/3.0/psoc creator/import/gnu_cs/arm/4.7.3/bin/../lib/gcc/arm-none-eabi/4.7.3/../../../../arm-none-eabi/lib/armv6-m\libc_s.a(lib_a-memcpy.o)
 .data          0x00000000        0x0 d:/program files (x86)/cypress/psoc creator/3.0/psoc creator/import/gnu_cs/arm/4.7.3/bin/../lib/gcc/arm-none-eabi/4.7.3/../../../../arm-none-eabi/lib/armv6-m\libc_s.a(lib_a-memcpy.o)
 .bss           0x00000000        0x0 d:/program files (x86)/cypress/psoc creator/3.0/psoc creator/import/gnu_cs/arm/4.7.3/bin/../lib/gcc/arm-none-eabi/4.7.3/../../../../arm-none-eabi/lib/armv6-m\libc_s.a(lib_a-memcpy.o)
 .text.memcpy   0x00000000       0x12 d:/program files (x86)/cypress/psoc creator/3.0/psoc creator/import/gnu_cs/arm/4.7.3/bin/../lib/gcc/arm-none-eabi/4.7.3/../../../../arm-none-eabi/lib/armv6-m\libc_s.a(lib_a-memcpy.o)
 .text          0x00000000        0x0 d:/program files (x86)/cypress/psoc creator/3.0/psoc creator/import/gnu_cs/arm/4.7.3/bin/../lib/gcc/arm-none-eabi/4.7.3/../../../../arm-none-eabi/lib/armv6-m\libc_s.a(lib_a-memset.o)
 .data          0x00000000        0x0 d:/program files (x86)/cypress/psoc creator/3.0/psoc creator/import/gnu_cs/arm/4.7.3/bin/../lib/gcc/arm-none-eabi/4.7.3/../../../../arm-none-eabi/lib/armv6-m\libc_s.a(lib_a-memset.o)
 .bss           0x00000000        0x0 d:/program files (x86)/cypress/psoc creator/3.0/psoc creator/import/gnu_cs/arm/4.7.3/bin/../lib/gcc/arm-none-eabi/4.7.3/../../../../arm-none-eabi/lib/armv6-m\libc_s.a(lib_a-memset.o)
 .text          0x00000000        0x0 d:/program files (x86)/cypress/psoc creator/3.0/psoc creator/import/gnu_cs/arm/4.7.3/bin/../lib/gcc/arm-none-eabi/4.7.3/armv6-m/crtend.o
 .data          0x00000000        0x0 d:/program files (x86)/cypress/psoc creator/3.0/psoc creator/import/gnu_cs/arm/4.7.3/bin/../lib/gcc/arm-none-eabi/4.7.3/armv6-m/crtend.o
 .bss           0x00000000        0x0 d:/program files (x86)/cypress/psoc creator/3.0/psoc creator/import/gnu_cs/arm/4.7.3/bin/../lib/gcc/arm-none-eabi/4.7.3/armv6-m/crtend.o
 .text          0x00000000        0x0 d:/program files (x86)/cypress/psoc creator/3.0/psoc creator/import/gnu_cs/arm/4.7.3/bin/../lib/gcc/arm-none-eabi/4.7.3/armv6-m/crtn.o
 .data          0x00000000        0x0 d:/program files (x86)/cypress/psoc creator/3.0/psoc creator/import/gnu_cs/arm/4.7.3/bin/../lib/gcc/arm-none-eabi/4.7.3/armv6-m/crtn.o
 .bss           0x00000000        0x0 d:/program files (x86)/cypress/psoc creator/3.0/psoc creator/import/gnu_cs/arm/4.7.3/bin/../lib/gcc/arm-none-eabi/4.7.3/armv6-m/crtn.o

Memory Configuration

Name             Origin             Length             Attributes
rom              0x00000000         0x00008000         xr
ram              0x20000000         0x00001000         xrw
*default*        0x00000000         0xffffffff

Linker script and memory map

LOAD d:/program files (x86)/cypress/psoc creator/3.0/psoc creator/import/gnu_cs/arm/4.7.3/bin/../lib/gcc/arm-none-eabi/4.7.3/armv6-m/crti.o
LOAD d:/program files (x86)/cypress/psoc creator/3.0/psoc creator/import/gnu_cs/arm/4.7.3/bin/../lib/gcc/arm-none-eabi/4.7.3/armv6-m/crtbegin.o
LOAD d:/program files (x86)/cypress/psoc creator/3.0/psoc creator/import/gnu_cs/arm/4.7.3/bin/../lib/gcc/arm-none-eabi/4.7.3/../../../../arm-none-eabi/lib/armv6-m/crt0.o
START GROUP
LOAD .\CortexM0\ARM_GCC_473\Debug\main.o
LOAD .\CortexM0\ARM_GCC_473\Debug\piezoelectric.o
LOAD .\CortexM0\ARM_GCC_473\Debug\cymetadata.o
LOAD .\CortexM0\ARM_GCC_473\Debug\Cm0Start.o
LOAD .\CortexM0\ARM_GCC_473\Debug\My First Project.a
LOAD D:\Program Files (x86)\Cypress\PSoC Creator\3.0\PSoC Creator\psoc\content\cycomponentlibrary\CyComponentLibrary.cylib\CortexM0\ARM_GCC_473\Debug\CyComponentLibrary.a
END GROUP
START GROUP
LOAD d:/program files (x86)/cypress/psoc creator/3.0/psoc creator/import/gnu_cs/arm/4.7.3/bin/../lib/gcc/arm-none-eabi/4.7.3/armv6-m\libgcc.a
LOAD d:/program files (x86)/cypress/psoc creator/3.0/psoc creator/import/gnu_cs/arm/4.7.3/bin/../lib/gcc/arm-none-eabi/4.7.3/../../../../arm-none-eabi/lib/armv6-m\libc_s.a
END GROUP
LOAD d:/program files (x86)/cypress/psoc creator/3.0/psoc creator/import/gnu_cs/arm/4.7.3/bin/../lib/gcc/arm-none-eabi/4.7.3/armv6-m/crtend.o
LOAD d:/program files (x86)/cypress/psoc creator/3.0/psoc creator/import/gnu_cs/arm/4.7.3/bin/../lib/gcc/arm-none-eabi/4.7.3/armv6-m/crtn.o
START GROUP
LOAD d:/program files (x86)/cypress/psoc creator/3.0/psoc creator/import/gnu_cs/arm/4.7.3/bin/../lib/gcc/arm-none-eabi/4.7.3/armv6-m\libgcc.a
LOAD d:/program files (x86)/cypress/psoc creator/3.0/psoc creator/import/gnu_cs/arm/4.7.3/bin/../lib/gcc/arm-none-eabi/4.7.3/../../../../arm-none-eabi/lib/armv6-m\libc.a
LOAD d:/program files (x86)/cypress/psoc creator/3.0/psoc creator/import/gnu_cs/arm/4.7.3/bin/../lib/gcc/arm-none-eabi/4.7.3/../../../../arm-none-eabi/lib/armv6-m\libnosys.a
END GROUP
                0x00000000                CY_APPL_ORIGIN = 0x0
                0x00000080                CY_FLASH_ROW_SIZE = 0x80
                0x00000001                CY_APPL_NUM = 0x1
                0x00000040                CY_METADATA_SIZE = 0x40
                0x20000108                PROVIDE (__cy_heap_start, _end)
                0x00000001                PROVIDE (__cy_region_num, ((__cy_regions_end - __cy_regions) / 0x10))
                0x20001000                PROVIDE (__cy_stack, (ORIGIN (ram) + 0x1000))
                0x20000c00                PROVIDE (__cy_heap_end, (__cy_stack - 0x400))

.cybootloader   0x00000000        0x0
 *(.cybootloader)
                0x00000000                appl1_start = CY_APPL_ORIGIN?CY_APPL_ORIGIN:ALIGN (CY_FLASH_ROW_SIZE)
                0x00003f80                appl2_start = (appl1_start + ALIGN ((((0x8000 - appl1_start) - (0x2 * CY_FLASH_ROW_SIZE)) / 0x2), CY_FLASH_ROW_SIZE))
                0x00000000                appl_start = (CY_APPL_NUM == 0x1)?appl1_start:appl2_start

.text           0x00000000      0x79a
 CREATE_OBJECT_SYMBOLS
                0x00000000                PROVIDE (__cy_interrupt_vector, RomVectors)
 *(.romvectors)
 .romvectors    0x00000000       0x10 .\CortexM0\ARM_GCC_473\Debug\Cm0Start.o
                0x00000000                RomVectors
                0x00000001                ASSERT ((. != __cy_interrupt_vector), No interrupt vector)
                0x00000001                ASSERT (CY_APPL_ORIGIN?(SIZEOF (.cybootloader) <= CY_APPL_ORIGIN):0x1, Wrong image location)
                0x00000010                PROVIDE (__cy_reset, Reset)
 *(.text.Reset)
 .text.Reset    0x00000010        0x8 .\CortexM0\ARM_GCC_473\Debug\Cm0Start.o
                0x00000010                Reset
                0x00000001                ASSERT ((. != __cy_reset), No reset code)
 *(.psocinit)
 .psocinit      0x00000018      0x240 .\CortexM0\ARM_GCC_473\Debug\My First Project.a(cyfitter_cfg.o)
                0x00000150                cyfitter_cfg
                0x00000258                . = MAX (., 0x100)
 *(.text .text.* .gnu.linkonce.t.*)
 .text          0x00000258       0x60 d:/program files (x86)/cypress/psoc creator/3.0/psoc creator/import/gnu_cs/arm/4.7.3/bin/../lib/gcc/arm-none-eabi/4.7.3/armv6-m/crtbegin.o
 .text.main     0x000002b8       0x18 .\CortexM0\ARM_GCC_473\Debug\main.o
                0x000002b8                main
 .text.piezo_tone
                0x000002d0       0x64 .\CortexM0\ARM_GCC_473\Debug\piezoelectric.o
                0x000002d0                piezo_tone
 .text.IntDefaultHandler
                0x00000334        0x8 .\CortexM0\ARM_GCC_473\Debug\Cm0Start.o
                0x00000334                IntDefaultHandler
 .text.Start_c  0x0000033c       0xa4 .\CortexM0\ARM_GCC_473\Debug\Cm0Start.o
                0x0000033c                Start_c
 .text.initialize_psoc
                0x000003e0       0x64 .\CortexM0\ARM_GCC_473\Debug\Cm0Start.o
                0x000003e0                initialize_psoc
 .text.CYMEMZERO
                0x00000444       0x20 .\CortexM0\ARM_GCC_473\Debug\My First Project.a(cyfitter_cfg.o)
 .text.cfg_write_bytes32
                0x00000464       0x80 .\CortexM0\ARM_GCC_473\Debug\My First Project.a(cyfitter_cfg.o)
 .text.AnalogSetDefault
                0x000004e4        0x8 .\CortexM0\ARM_GCC_473\Debug\My First Project.a(cyfitter_cfg.o)
 .text.PWM_1_Init
                0x000004ec       0x58 .\CortexM0\ARM_GCC_473\Debug\My First Project.a(PWM_1.o)
                0x000004ec                PWM_1_Init
 .text.PWM_1_Enable
                0x00000544       0x38 .\CortexM0\ARM_GCC_473\Debug\My First Project.a(PWM_1.o)
                0x00000544                PWM_1_Enable
 .text.PWM_1_Start
                0x0000057c       0x24 .\CortexM0\ARM_GCC_473\Debug\My First Project.a(PWM_1.o)
                0x0000057c                PWM_1_Start
 .text.PWM_1_WritePeriod
                0x000005a0       0x1c .\CortexM0\ARM_GCC_473\Debug\My First Project.a(PWM_1.o)
                0x000005a0                PWM_1_WritePeriod
 .text.PWM_1_WriteCompare
                0x000005bc       0x1c .\CortexM0\ARM_GCC_473\Debug\My First Project.a(PWM_1.o)
                0x000005bc                PWM_1_WriteCompare
 .text.PWM_1_TriggerCommand
                0x000005d8       0x3c .\CortexM0\ARM_GCC_473\Debug\My First Project.a(PWM_1.o)
                0x000005d8                PWM_1_TriggerCommand
 .text.PWM_1_SetInterruptMode
                0x00000614       0x18 .\CortexM0\ARM_GCC_473\Debug\My First Project.a(PWM_1.o)
                0x00000614                PWM_1_SetInterruptMode
 *fill*         0x0000062c        0x4 00
 .text          0x00000630       0x20 .\CortexM0\ARM_GCC_473\Debug\My First Project.a(CyBootAsmGnu.o)
                0x00000630                CyDelayCycles
                0x00000642                CyEnterCriticalSection
                0x0000064a                CyExitCriticalSection
 .text.CyDelayUs
                0x00000650       0x28 .\CortexM0\ARM_GCC_473\Debug\My First Project.a(CyLib.o)
                0x00000650                CyDelayUs
 .text          0x00000678       0xc0 d:/program files (x86)/cypress/psoc creator/3.0/psoc creator/import/gnu_cs/arm/4.7.3/bin/../lib/gcc/arm-none-eabi/4.7.3/armv6-m\libgcc.a(_divsi3.o)
                0x00000678                __divsi3
                0x00000678                __aeabi_idiv
                0x00000724                __aeabi_idivmod
 .text          0x00000738        0x4 d:/program files (x86)/cypress/psoc creator/3.0/psoc creator/import/gnu_cs/arm/4.7.3/bin/../lib/gcc/arm-none-eabi/4.7.3/armv6-m\libgcc.a(_dvmd_tls.o)
                0x00000738                __aeabi_idiv0
                0x00000738                __aeabi_ldiv0
 .text.__libc_init_array
                0x0000073c       0x4c d:/program files (x86)/cypress/psoc creator/3.0/psoc creator/import/gnu_cs/arm/4.7.3/bin/../lib/gcc/arm-none-eabi/4.7.3/../../../../arm-none-eabi/lib/armv6-m\libc_s.a(lib_a-init.o)
                0x0000073c                __libc_init_array
 .text.memset   0x00000788       0x12 d:/program files (x86)/cypress/psoc creator/3.0/psoc creator/import/gnu_cs/arm/4.7.3/bin/../lib/gcc/arm-none-eabi/4.7.3/../../../../arm-none-eabi/lib/armv6-m\libc_s.a(lib_a-memset.o)
                0x00000788                memset
 *(.plt)
 *(.gnu.warning)
 *(.glue_7t)
 .glue_7t       0x00000000        0x0 linker stubs
 *(.glue_7)
 .glue_7        0x00000000        0x0 linker stubs
 *(.vfp11_veneer)
 .vfp11_veneer  0x00000000        0x0 linker stubs
 *(.bootloader)
 *(.ARM.extab* .gnu.linkonce.armextab.*)
 *(.gcc_except_table)

.v4_bx          0x0000079c        0x0
 .v4_bx         0x00000000        0x0 linker stubs

.iplt           0x0000079c        0x0
 .iplt          0x00000000        0x0 d:/program files (x86)/cypress/psoc creator/3.0/psoc creator/import/gnu_cs/arm/4.7.3/bin/../lib/gcc/arm-none-eabi/4.7.3/armv6-m/crtbegin.o

.eh_frame_hdr
 *(.eh_frame_hdr)

.eh_frame       0x0000079c        0x4
 *(.eh_frame)
 .eh_frame      0x0000079c        0x0 d:/program files (x86)/cypress/psoc creator/3.0/psoc creator/import/gnu_cs/arm/4.7.3/bin/../lib/gcc/arm-none-eabi/4.7.3/armv6-m/crtbegin.o
 .eh_frame      0x0000079c        0x4 d:/program files (x86)/cypress/psoc creator/3.0/psoc creator/import/gnu_cs/arm/4.7.3/bin/../lib/gcc/arm-none-eabi/4.7.3/armv6-m/crtend.o
                0x000007a0                PROVIDE (__exidx_start, .)

.ARM.exidx
 *(.ARM.exidx* .gnu.linkonce.armexidx.*)
                0x000007a0                __exidx_end = .

.rodata         0x000007a0       0x68
 *(.rodata .rodata.* .gnu.linkonce.r.*)
 .rodata        0x000007a0       0x34 .\CortexM0\ARM_GCC_473\Debug\My First Project.a(cyfitter_cfg.o)
                0x000007d4                . = ALIGN (0x4)
 *(.init)
 .init          0x000007d4        0x4 d:/program files (x86)/cypress/psoc creator/3.0/psoc creator/import/gnu_cs/arm/4.7.3/bin/../lib/gcc/arm-none-eabi/4.7.3/armv6-m/crti.o
                0x000007d4                _init
 .init          0x000007d8        0x8 d:/program files (x86)/cypress/psoc creator/3.0/psoc creator/import/gnu_cs/arm/4.7.3/bin/../lib/gcc/arm-none-eabi/4.7.3/armv6-m/crtn.o
                0x000007e0                . = ALIGN (0x4)
                0x000007e0                __preinit_array_start = .
 *(.preinit_array)
                0x000007e0                __preinit_array_end = .
                0x000007e0                . = ALIGN (0x4)
                0x000007e0                __init_array_start = .
 *(SORT(.init_array.*))
 *(.init_array)
 .init_array    0x000007e0        0x4 d:/program files (x86)/cypress/psoc creator/3.0/psoc creator/import/gnu_cs/arm/4.7.3/bin/../lib/gcc/arm-none-eabi/4.7.3/armv6-m/crtbegin.o
 .init_array    0x000007e4        0x4 .\CortexM0\ARM_GCC_473\Debug\Cm0Start.o
                0x000007e8                __init_array_end = .
                0x000007e8                . = ALIGN (0x4)
 *(.fini)
 .fini          0x000007e8        0x4 d:/program files (x86)/cypress/psoc creator/3.0/psoc creator/import/gnu_cs/arm/4.7.3/bin/../lib/gcc/arm-none-eabi/4.7.3/armv6-m/crti.o
                0x000007e8                _fini
 .fini          0x000007ec        0x8 d:/program files (x86)/cypress/psoc creator/3.0/psoc creator/import/gnu_cs/arm/4.7.3/bin/../lib/gcc/arm-none-eabi/4.7.3/armv6-m/crtn.o
                0x000007f4                . = ALIGN (0x4)
                0x000007f4                __fini_array_start = .
 *(.fini_array)
 .fini_array    0x000007f4        0x4 d:/program files (x86)/cypress/psoc creator/3.0/psoc creator/import/gnu_cs/arm/4.7.3/bin/../lib/gcc/arm-none-eabi/4.7.3/armv6-m/crtbegin.o
 *(SORT(.fini_array.*))
                0x000007f8                __fini_array_end = .
                0x000007f8                . = ALIGN (0x4)
 *crtbegin.o(.ctors)
 *(EXCLUDE_FILE(*crtend.o) .ctors)
 *(SORT(.ctors.*))
 *crtend.o(.ctors)
                0x000007f8                . = ALIGN (0x4)
 *crtbegin.o(.dtors)
 *(EXCLUDE_FILE(*crtend.o) .dtors)
 *(SORT(.dtors.*))
 *crtend.o(.dtors)
                0x000007f8                . = ALIGN (0x4)
                0x000007f8                __cy_regions = .
                0x000007f8        0x4 LONG 0x808 __cy_region_init_ram
                0x000007fc        0x4 LONG 0x200000c8 __cy_region_start_data
                0x00000800        0x4 LONG 0x20 __cy_region_init_size_ram
                0x00000804        0x4 LONG 0x20 __cy_region_zero_size_ram
                0x00000808                __cy_regions_end = .
                0x00000808                . = ALIGN (0x8)
                0x00000808                _etext = .

.ramvectors     0x20000000       0xc0
                0x20000000                __cy_region_start_ram = .
 *(.ramvectors)
 .ramvectors    0x20000000       0xc0 .\CortexM0\ARM_GCC_473\Debug\Cm0Start.o
                0x20000000                CyRamVectors

.noinit         0x200000c0        0x4
 *(.noinit)
 .noinit        0x200000c0        0x4 .\CortexM0\ARM_GCC_473\Debug\Cm0Start.o

.data           0x200000c8       0x20 load address 0x00000808
                0x200000c8                __cy_region_start_data = .
 *(.jcr)
 .jcr           0x200000c8        0x0 d:/program files (x86)/cypress/psoc creator/3.0/psoc creator/import/gnu_cs/arm/4.7.3/bin/../lib/gcc/arm-none-eabi/4.7.3/armv6-m/crtbegin.o
 .jcr           0x200000c8        0x4 d:/program files (x86)/cypress/psoc creator/3.0/psoc creator/import/gnu_cs/arm/4.7.3/bin/../lib/gcc/arm-none-eabi/4.7.3/armv6-m/crtend.o
 *(.got.plt)
 *(.got)
 *(.shdata)
 *(.data .data.* .gnu.linkonce.d.*)
 .data          0x200000cc        0x1 .\CortexM0\ARM_GCC_473\Debug\piezoelectric.o
                0x200000cc                volume
 *fill*         0x200000cd        0x3 00
 .data          0x200000d0        0x4 .\CortexM0\ARM_GCC_473\Debug\My First Project.a(cyfitter_cfg.o)
 .data          0x200000d4       0x10 .\CortexM0\ARM_GCC_473\Debug\My First Project.a(CyLib.o)
                0x200000d4                cydelayFreqHz
                0x200000d8                cydelayFreqKhz
                0x200000dc                cydelayFreqMhz
                0x200000e0                cydelay32kMs
                0x200000e8                . = ALIGN (0x8)
 *fill*         0x200000e4        0x4 00
 *(.ram)
                0x200000e8                _edata = .

.igot.plt       0x200000e8        0x0 load address 0x00000828
 .igot.plt      0x00000000        0x0 d:/program files (x86)/cypress/psoc creator/3.0/psoc creator/import/gnu_cs/arm/4.7.3/bin/../lib/gcc/arm-none-eabi/4.7.3/armv6-m/crtbegin.o

.bss            0x200000e8       0x20 load address 0x00000828
                0x200000e8                PROVIDE (__bss_start__, .)
 *(.shbss)
 *(.bss .bss.* .gnu.linkonce.b.*)
 .bss           0x200000e8       0x1c d:/program files (x86)/cypress/psoc creator/3.0/psoc creator/import/gnu_cs/arm/4.7.3/bin/../lib/gcc/arm-none-eabi/4.7.3/armv6-m/crtbegin.o
 .bss           0x20000104        0x1 .\CortexM0\ARM_GCC_473\Debug\My First Project.a(PWM_1.o)
                0x20000104                PWM_1_initVar
 *(COMMON)
                0x20000108                . = ALIGN (0x8)
 *fill*         0x20000105        0x3 00
 *(.ram.b)
                0x20000108                _end = .
                0x20000108                __end = .
                0x20000108                PROVIDE (end, .)
                0x20000108                PROVIDE (__bss_end__, .)
                0x00000808                __cy_region_init_ram = LOADADDR (.data)
                0x00000020                __cy_region_init_size_ram = (_edata - ADDR (.data))
                0x00000020                __cy_region_zero_size_ram = (_end - _edata)

.heap           0x20000108      0x100 load address 0x00000828
                0x20000108                . = _end
                0x20000208                . = (. + 0x100)
 *fill*         0x20000108      0x100 00
                0x20000208                __cy_heap_limit = .

.stack          0x20000c00      0x400
                0x20000c00                __cy_stack_limit = .
                0x20001000                . = (. + 0x400)
 *fill*         0x20000c00      0x400 00
                0x00000001                ASSERT ((__cy_stack_limit >= __cy_heap_limit), region RAM overflowed with stack)

.cyloadermeta
 *(.cyloadermeta)

.cyloadablemeta
 *(.cyloadablemeta)

.cyflashprotect
                0x90400000       0x20
 *(.cyflashprotect)
 .cyflashprotect
                0x90400000       0x20 .\CortexM0\ARM_GCC_473\Debug\cymetadata.o
                0x90400000                cy_meta_flashprotect

.cymeta         0x90500000        0xc
 *(.cymeta)
 .cymeta        0x90500000        0xc .\CortexM0\ARM_GCC_473\Debug\cymetadata.o
                0x90500000                cy_metadata

.cychipprotect  0x90600000        0x4
 *(.cychipprotect)
 .cychipprotect
                0x90600000        0x4 .\CortexM0\ARM_GCC_473\Debug\cymetadata.o
                0x90600000                cy_meta_chipprotect

.rel.dyn        0x00000828        0x0 load address 0x90600004
 .rel.iplt      0x00000000        0x0 d:/program files (x86)/cypress/psoc creator/3.0/psoc creator/import/gnu_cs/arm/4.7.3/bin/../lib/gcc/arm-none-eabi/4.7.3/armv6-m/crtbegin.o

.stab
 *(.stab)

.stabstr
 *(.stabstr)

.debug
 *(.debug)

.line
 *(.line)

.debug_srcinfo
 *(.debug_srcinfo)

.debug_sfnames
 *(.debug_sfnames)

.debug_aranges  0x00000000      0x410
 *(.debug_aranges)
 .debug_aranges
                0x00000000       0x20 .\CortexM0\ARM_GCC_473\Debug\main.o
 .debug_aranges
                0x00000020       0x28 .\CortexM0\ARM_GCC_473\Debug\piezoelectric.o
 .debug_aranges
                0x00000048       0x18 .\CortexM0\ARM_GCC_473\Debug\cymetadata.o
 .debug_aranges
                0x00000060       0x40 .\CortexM0\ARM_GCC_473\Debug\Cm0Start.o
 .debug_aranges
                0x000000a0       0x58 .\CortexM0\ARM_GCC_473\Debug\My First Project.a(cyfitter_cfg.o)
 .debug_aranges
                0x000000f8      0x158 .\CortexM0\ARM_GCC_473\Debug\My First Project.a(PWM_1.o)
 .debug_aranges
                0x00000250       0x20 .\CortexM0\ARM_GCC_473\Debug\My First Project.a(CyBootAsmGnu.o)
 .debug_aranges
                0x00000270      0x1a0 .\CortexM0\ARM_GCC_473\Debug\My First Project.a(CyLib.o)

.debug_pubnames
 *(.debug_pubnames)

.debug_info     0x00000000     0x1d03
 *(.debug_info .gnu.linkonce.wi.*)
 .debug_info    0x00000000       0xa5 .\CortexM0\ARM_GCC_473\Debug\main.o
 .debug_info    0x000000a5      0x10d .\CortexM0\ARM_GCC_473\Debug\piezoelectric.o
 .debug_info    0x000001b2      0x100 .\CortexM0\ARM_GCC_473\Debug\cymetadata.o
 .debug_info    0x000002b2      0x2c0 .\CortexM0\ARM_GCC_473\Debug\Cm0Start.o
 .debug_info    0x00000572      0x475 .\CortexM0\ARM_GCC_473\Debug\My First Project.a(cyfitter_cfg.o)
 .debug_info    0x000009e7      0x7be .\CortexM0\ARM_GCC_473\Debug\My First Project.a(PWM_1.o)
 .debug_info    0x000011a5       0x99 .\CortexM0\ARM_GCC_473\Debug\My First Project.a(CyBootAsmGnu.o)
 .debug_info    0x0000123e      0xac5 .\CortexM0\ARM_GCC_473\Debug\My First Project.a(CyLib.o)

.debug_abbrev   0x00000000      0x6e1
 *(.debug_abbrev)
 .debug_abbrev  0x00000000       0x44 .\CortexM0\ARM_GCC_473\Debug\main.o
 .debug_abbrev  0x00000044       0x9c .\CortexM0\ARM_GCC_473\Debug\piezoelectric.o
 .debug_abbrev  0x000000e0       0x5d .\CortexM0\ARM_GCC_473\Debug\cymetadata.o
 .debug_abbrev  0x0000013d      0x164 .\CortexM0\ARM_GCC_473\Debug\Cm0Start.o
 .debug_abbrev  0x000002a1      0x18c .\CortexM0\ARM_GCC_473\Debug\My First Project.a(cyfitter_cfg.o)
 .debug_abbrev  0x0000042d       0xfe .\CortexM0\ARM_GCC_473\Debug\My First Project.a(PWM_1.o)
 .debug_abbrev  0x0000052b       0x14 .\CortexM0\ARM_GCC_473\Debug\My First Project.a(CyBootAsmGnu.o)
 .debug_abbrev  0x0000053f      0x1a2 .\CortexM0\ARM_GCC_473\Debug\My First Project.a(CyLib.o)

.debug_line     0x00000000      0xd7b
 *(.debug_line)
 .debug_line    0x00000000       0x3f .\CortexM0\ARM_GCC_473\Debug\main.o
 .debug_line    0x0000003f       0x7e .\CortexM0\ARM_GCC_473\Debug\piezoelectric.o
 .debug_line    0x000000bd       0x53 .\CortexM0\ARM_GCC_473\Debug\cymetadata.o
 .debug_line    0x00000110      0x19b .\CortexM0\ARM_GCC_473\Debug\Cm0Start.o
 .debug_line    0x000002ab      0x1ad .\CortexM0\ARM_GCC_473\Debug\My First Project.a(cyfitter_cfg.o)
 .debug_line    0x00000458      0x37a .\CortexM0\ARM_GCC_473\Debug\My First Project.a(PWM_1.o)
 .debug_line    0x000007d2       0x68 .\CortexM0\ARM_GCC_473\Debug\My First Project.a(CyBootAsmGnu.o)
 .debug_line    0x0000083a      0x541 .\CortexM0\ARM_GCC_473\Debug\My First Project.a(CyLib.o)

.debug_frame    0x00000000      0xeb8
 *(.debug_frame)
 .debug_frame   0x00000000       0x2c .\CortexM0\ARM_GCC_473\Debug\main.o
 .debug_frame   0x0000002c       0x50 .\CortexM0\ARM_GCC_473\Debug\piezoelectric.o
 .debug_frame   0x0000007c       0xa8 .\CortexM0\ARM_GCC_473\Debug\Cm0Start.o
 .debug_frame   0x00000124      0x108 .\CortexM0\ARM_GCC_473\Debug\My First Project.a(cyfitter_cfg.o)
 .debug_frame   0x0000022c      0x52c .\CortexM0\ARM_GCC_473\Debug\My First Project.a(PWM_1.o)
 .debug_frame   0x00000758      0x628 .\CortexM0\ARM_GCC_473\Debug\My First Project.a(CyLib.o)
 .debug_frame   0x00000d80       0x20 d:/program files (x86)/cypress/psoc creator/3.0/psoc creator/import/gnu_cs/arm/4.7.3/bin/../lib/gcc/arm-none-eabi/4.7.3/armv6-m\libgcc.a(_udivsi3.o)
 .debug_frame   0x00000da0       0x20 d:/program files (x86)/cypress/psoc creator/3.0/psoc creator/import/gnu_cs/arm/4.7.3/bin/../lib/gcc/arm-none-eabi/4.7.3/armv6-m\libgcc.a(_divsi3.o)
 .debug_frame   0x00000dc0       0x28 d:/program files (x86)/cypress/psoc creator/3.0/psoc creator/import/gnu_cs/arm/4.7.3/bin/../lib/gcc/arm-none-eabi/4.7.3/../../../../arm-none-eabi/lib/armv6-m\libc_s.a(lib_a-__atexit2.o)
 .debug_frame   0x00000de8       0x28 d:/program files (x86)/cypress/psoc creator/3.0/psoc creator/import/gnu_cs/arm/4.7.3/bin/../lib/gcc/arm-none-eabi/4.7.3/../../../../arm-none-eabi/lib/armv6-m\libc_s.a(lib_a-exit.o)
 .debug_frame   0x00000e10       0x2c d:/program files (x86)/cypress/psoc creator/3.0/psoc creator/import/gnu_cs/arm/4.7.3/bin/../lib/gcc/arm-none-eabi/4.7.3/../../../../arm-none-eabi/lib/armv6-m\libc_s.a(lib_a-fini.o)
 .debug_frame   0x00000e3c       0x2c d:/program files (x86)/cypress/psoc creator/3.0/psoc creator/import/gnu_cs/arm/4.7.3/bin/../lib/gcc/arm-none-eabi/4.7.3/../../../../arm-none-eabi/lib/armv6-m\libc_s.a(lib_a-init.o)
 .debug_frame   0x00000e68       0x28 d:/program files (x86)/cypress/psoc creator/3.0/psoc creator/import/gnu_cs/arm/4.7.3/bin/../lib/gcc/arm-none-eabi/4.7.3/../../../../arm-none-eabi/lib/armv6-m\libc_s.a(lib_a-memcpy.o)
 .debug_frame   0x00000e90       0x28 d:/program files (x86)/cypress/psoc creator/3.0/psoc creator/import/gnu_cs/arm/4.7.3/bin/../lib/gcc/arm-none-eabi/4.7.3/../../../../arm-none-eabi/lib/armv6-m\libc_s.a(lib_a-memset.o)

.debug_str      0x00000000      0xd42
 *(.debug_str)
 .debug_str     0x00000000      0x106 .\CortexM0\ARM_GCC_473\Debug\main.o
                                0x13f (size before relaxing)
 .debug_str     0x00000106       0x58 .\CortexM0\ARM_GCC_473\Debug\piezoelectric.o
                                0x187 (size before relaxing)
 .debug_str     0x0000015e       0x5b .\CortexM0\ARM_GCC_473\Debug\cymetadata.o
                                0x192 (size before relaxing)
 .debug_str     0x000001b9      0x117 .\CortexM0\ARM_GCC_473\Debug\Cm0Start.o
                                0x25b (size before relaxing)
 .debug_str     0x000002d0      0x193 .\CortexM0\ARM_GCC_473\Debug\My First Project.a(cyfitter_cfg.o)
                                0x31a (size before relaxing)
 .debug_str     0x00000463      0x3f2 .\CortexM0\ARM_GCC_473\Debug\My First Project.a(PWM_1.o)
                                0x53c (size before relaxing)
 .debug_str     0x00000855      0x4ed .\CortexM0\ARM_GCC_473\Debug\My First Project.a(CyLib.o)
                                0x66e (size before relaxing)

.debug_loc      0x00000000     0x15a8
 *(.debug_loc)
 .debug_loc     0x00000000       0x2c .\CortexM0\ARM_GCC_473\Debug\main.o
 .debug_loc     0x0000002c       0x70 .\CortexM0\ARM_GCC_473\Debug\piezoelectric.o
 .debug_loc     0x0000009c      0x100 .\CortexM0\ARM_GCC_473\Debug\Cm0Start.o
 .debug_loc     0x0000019c      0x1a8 .\CortexM0\ARM_GCC_473\Debug\My First Project.a(cyfitter_cfg.o)
 .debug_loc     0x00000344      0x830 .\CortexM0\ARM_GCC_473\Debug\My First Project.a(PWM_1.o)
 .debug_loc     0x00000b74      0xa34 .\CortexM0\ARM_GCC_473\Debug\My First Project.a(CyLib.o)

.debug_macinfo
 *(.debug_macinfo)

.debug_ranges   0x00000000      0x378
 *(.debug_ranges)
 .debug_ranges  0x00000000       0x10 .\CortexM0\ARM_GCC_473\Debug\main.o
 .debug_ranges  0x00000010       0x18 .\CortexM0\ARM_GCC_473\Debug\piezoelectric.o
 .debug_ranges  0x00000028       0x30 .\CortexM0\ARM_GCC_473\Debug\Cm0Start.o
 .debug_ranges  0x00000058       0x48 .\CortexM0\ARM_GCC_473\Debug\My First Project.a(cyfitter_cfg.o)
 .debug_ranges  0x000000a0      0x148 .\CortexM0\ARM_GCC_473\Debug\My First Project.a(PWM_1.o)
 .debug_ranges  0x000001e8      0x190 .\CortexM0\ARM_GCC_473\Debug\My First Project.a(CyLib.o)

.comment        0x00000000       0x70
 .comment       0x00000000       0x70 .\CortexM0\ARM_GCC_473\Debug\main.o
                                 0x71 (size before relaxing)
 .comment       0x00000000       0x71 .\CortexM0\ARM_GCC_473\Debug\piezoelectric.o
 .comment       0x00000000       0x71 .\CortexM0\ARM_GCC_473\Debug\cymetadata.o
 .comment       0x00000000       0x71 .\CortexM0\ARM_GCC_473\Debug\Cm0Start.o
 .comment       0x00000000       0x71 .\CortexM0\ARM_GCC_473\Debug\My First Project.a(cyfitter_cfg.o)
 .comment       0x00000000       0x71 .\CortexM0\ARM_GCC_473\Debug\My First Project.a(PWM_1.o)
 .comment       0x00000000       0x71 .\CortexM0\ARM_GCC_473\Debug\My First Project.a(CyLib.o)

.debug_weaknames
 *(.debug_weaknames)

.debug_funcnames
 *(.debug_funcnames)

.debug_typenames
 *(.debug_typenames)

.debug_varnames
 *(.debug_varnames)

.note.gnu.arm.ident
 *(.note.gnu.arm.ident)

.ARM.attributes
                0x00000000       0x28
 *(.ARM.attributes)
 .ARM.attributes
                0x00000000       0x1e d:/program files (x86)/cypress/psoc creator/3.0/psoc creator/import/gnu_cs/arm/4.7.3/bin/../lib/gcc/arm-none-eabi/4.7.3/armv6-m/crti.o
 .ARM.attributes
                0x0000001e       0x2c d:/program files (x86)/cypress/psoc creator/3.0/psoc creator/import/gnu_cs/arm/4.7.3/bin/../lib/gcc/arm-none-eabi/4.7.3/armv6-m/crtbegin.o
 .ARM.attributes
                0x0000004a       0x1c d:/program files (x86)/cypress/psoc creator/3.0/psoc creator/import/gnu_cs/arm/4.7.3/bin/../lib/gcc/arm-none-eabi/4.7.3/../../../../arm-none-eabi/lib/armv6-m/crt0.o
 .ARM.attributes
                0x00000066       0x31 .\CortexM0\ARM_GCC_473\Debug\main.o
 .ARM.attributes
                0x00000097       0x31 .\CortexM0\ARM_GCC_473\Debug\piezoelectric.o
 .ARM.attributes
                0x000000c8       0x31 .\CortexM0\ARM_GCC_473\Debug\cymetadata.o
 .ARM.attributes
                0x000000f9       0x31 .\CortexM0\ARM_GCC_473\Debug\Cm0Start.o
 .ARM.attributes
                0x0000012a       0x31 .\CortexM0\ARM_GCC_473\Debug\My First Project.a(cyfitter_cfg.o)
 .ARM.attributes
                0x0000015b       0x31 .\CortexM0\ARM_GCC_473\Debug\My First Project.a(PWM_1.o)
 .ARM.attributes
                0x0000018c       0x21 .\CortexM0\ARM_GCC_473\Debug\My First Project.a(CyBootAsmGnu.o)
 .ARM.attributes
                0x000001ad       0x31 .\CortexM0\ARM_GCC_473\Debug\My First Project.a(CyLib.o)
 .ARM.attributes
                0x000001de       0x1e d:/program files (x86)/cypress/psoc creator/3.0/psoc creator/import/gnu_cs/arm/4.7.3/bin/../lib/gcc/arm-none-eabi/4.7.3/armv6-m\libgcc.a(_udivsi3.o)
 .ARM.attributes
                0x000001fc       0x1e d:/program files (x86)/cypress/psoc creator/3.0/psoc creator/import/gnu_cs/arm/4.7.3/bin/../lib/gcc/arm-none-eabi/4.7.3/armv6-m\libgcc.a(_divsi3.o)
 .ARM.attributes
                0x0000021a       0x1e d:/program files (x86)/cypress/psoc creator/3.0/psoc creator/import/gnu_cs/arm/4.7.3/bin/../lib/gcc/arm-none-eabi/4.7.3/armv6-m\libgcc.a(_dvmd_tls.o)
 .ARM.attributes
                0x00000238       0x2c d:/program files (x86)/cypress/psoc creator/3.0/psoc creator/import/gnu_cs/arm/4.7.3/bin/../lib/gcc/arm-none-eabi/4.7.3/../../../../arm-none-eabi/lib/armv6-m\libc_s.a(lib_a-__atexit2.o)
 .ARM.attributes
                0x00000264       0x2c d:/program files (x86)/cypress/psoc creator/3.0/psoc creator/import/gnu_cs/arm/4.7.3/bin/../lib/gcc/arm-none-eabi/4.7.3/../../../../arm-none-eabi/lib/armv6-m\libc_s.a(lib_a-exit.o)
 .ARM.attributes
                0x00000290       0x2c d:/program files (x86)/cypress/psoc creator/3.0/psoc creator/import/gnu_cs/arm/4.7.3/bin/../lib/gcc/arm-none-eabi/4.7.3/../../../../arm-none-eabi/lib/armv6-m\libc_s.a(lib_a-fini.o)
 .ARM.attributes
                0x000002bc       0x2c d:/program files (x86)/cypress/psoc creator/3.0/psoc creator/import/gnu_cs/arm/4.7.3/bin/../lib/gcc/arm-none-eabi/4.7.3/../../../../arm-none-eabi/lib/armv6-m\libc_s.a(lib_a-impure.o)
 .ARM.attributes
                0x000002e8       0x2c d:/program files (x86)/cypress/psoc creator/3.0/psoc creator/import/gnu_cs/arm/4.7.3/bin/../lib/gcc/arm-none-eabi/4.7.3/../../../../arm-none-eabi/lib/armv6-m\libc_s.a(lib_a-init.o)
 .ARM.attributes
                0x00000314       0x2c d:/program files (x86)/cypress/psoc creator/3.0/psoc creator/import/gnu_cs/arm/4.7.3/bin/../lib/gcc/arm-none-eabi/4.7.3/../../../../arm-none-eabi/lib/armv6-m\libc_s.a(lib_a-memcpy.o)
 .ARM.attributes
                0x00000340       0x2c d:/program files (x86)/cypress/psoc creator/3.0/psoc creator/import/gnu_cs/arm/4.7.3/bin/../lib/gcc/arm-none-eabi/4.7.3/../../../../arm-none-eabi/lib/armv6-m\libc_s.a(lib_a-memset.o)
 .ARM.attributes
                0x0000036c       0x2c d:/program files (x86)/cypress/psoc creator/3.0/psoc creator/import/gnu_cs/arm/4.7.3/bin/../lib/gcc/arm-none-eabi/4.7.3/armv6-m/crtend.o
 .ARM.attributes
                0x00000398       0x1e d:/program files (x86)/cypress/psoc creator/3.0/psoc creator/import/gnu_cs/arm/4.7.3/bin/../lib/gcc/arm-none-eabi/4.7.3/armv6-m/crtn.o

/DISCARD/
 *(.note.GNU-stack)
OUTPUT(.\CortexM0\ARM_GCC_473\Debug\My First Project.elf elf32-littlearm)
