ARM GAS  C:\Users\IEUser\AppData\Local\Temp\ccnpVfFa.s 			page 1


   1              		.cpu cortex-m0
   2              		.fpu softvfp
   3              		.eabi_attribute 20, 1
   4              		.eabi_attribute 21, 1
   5              		.eabi_attribute 23, 3
   6              		.eabi_attribute 24, 1
   7              		.eabi_attribute 25, 1
   8              		.eabi_attribute 26, 1
   9              		.eabi_attribute 30, 6
  10              		.eabi_attribute 34, 0
  11              		.eabi_attribute 18, 4
  12              		.code	16
  13              		.file	"CapSense_PM.c"
  14              		.text
  15              	.Ltext0:
  16              		.cfi_sections	.debug_frame
  17              		.bss
  18              		.align	2
  19              	CapSense_backup:
  20 0000 00       		.space	1
  21 0001 000000   		.section	.text.CapSense_SaveConfig,"ax",%progbits
  22              		.align	2
  23              		.global	CapSense_SaveConfig
  24              		.code	16
  25              		.thumb_func
  26              		.type	CapSense_SaveConfig, %function
  27              	CapSense_SaveConfig:
  28              	.LFB33:
  29              		.file 1 ".\\Generated_Source\\PSoC4\\CapSense_PM.c"
   1:.\Generated_Source\PSoC4/CapSense_PM.c **** /*******************************************************************************
   2:.\Generated_Source\PSoC4/CapSense_PM.c **** * File Name: CapSense_PM.c
   3:.\Generated_Source\PSoC4/CapSense_PM.c **** * Version 2.20
   4:.\Generated_Source\PSoC4/CapSense_PM.c **** *
   5:.\Generated_Source\PSoC4/CapSense_PM.c **** * Description:
   6:.\Generated_Source\PSoC4/CapSense_PM.c **** *  This file provides Sleep APIs for CapSense CSD Component.
   7:.\Generated_Source\PSoC4/CapSense_PM.c **** *
   8:.\Generated_Source\PSoC4/CapSense_PM.c **** * Note:
   9:.\Generated_Source\PSoC4/CapSense_PM.c **** *
  10:.\Generated_Source\PSoC4/CapSense_PM.c **** ********************************************************************************
  11:.\Generated_Source\PSoC4/CapSense_PM.c **** * Copyright 2014, Cypress Semiconductor Corporation.  All rights reserved.
  12:.\Generated_Source\PSoC4/CapSense_PM.c **** * You may use this file only in accordance with the license, terms, conditions, 
  13:.\Generated_Source\PSoC4/CapSense_PM.c **** * disclaimers, and limitations in the end user license agreement accompanying 
  14:.\Generated_Source\PSoC4/CapSense_PM.c **** * the software package with which this file was provided.
  15:.\Generated_Source\PSoC4/CapSense_PM.c **** *******************************************************************************/
  16:.\Generated_Source\PSoC4/CapSense_PM.c **** 
  17:.\Generated_Source\PSoC4/CapSense_PM.c **** #include "CapSense.h"
  18:.\Generated_Source\PSoC4/CapSense_PM.c **** 
  19:.\Generated_Source\PSoC4/CapSense_PM.c **** static CapSense_BACKUP_STRUCT CapSense_backup =
  20:.\Generated_Source\PSoC4/CapSense_PM.c **** {   
  21:.\Generated_Source\PSoC4/CapSense_PM.c ****     0x00u, /* enableState; */
  22:.\Generated_Source\PSoC4/CapSense_PM.c **** };
  23:.\Generated_Source\PSoC4/CapSense_PM.c **** 
  24:.\Generated_Source\PSoC4/CapSense_PM.c **** 
  25:.\Generated_Source\PSoC4/CapSense_PM.c **** /*******************************************************************************
  26:.\Generated_Source\PSoC4/CapSense_PM.c **** * Function Name: CapSense_SaveConfig
  27:.\Generated_Source\PSoC4/CapSense_PM.c **** ********************************************************************************
  28:.\Generated_Source\PSoC4/CapSense_PM.c **** *
ARM GAS  C:\Users\IEUser\AppData\Local\Temp\ccnpVfFa.s 			page 2


  29:.\Generated_Source\PSoC4/CapSense_PM.c **** * Summary:
  30:.\Generated_Source\PSoC4/CapSense_PM.c **** *  Saves the customer configuration of CapSense.
  31:.\Generated_Source\PSoC4/CapSense_PM.c **** *
  32:.\Generated_Source\PSoC4/CapSense_PM.c **** * Parameters:
  33:.\Generated_Source\PSoC4/CapSense_PM.c **** *  None
  34:.\Generated_Source\PSoC4/CapSense_PM.c **** *
  35:.\Generated_Source\PSoC4/CapSense_PM.c **** * Return:
  36:.\Generated_Source\PSoC4/CapSense_PM.c **** *  None
  37:.\Generated_Source\PSoC4/CapSense_PM.c **** *
  38:.\Generated_Source\PSoC4/CapSense_PM.c **** * Global Variables:
  39:.\Generated_Source\PSoC4/CapSense_PM.c **** *  CapSense_backup - used to save the component state before entering the  sleep 
  40:.\Generated_Source\PSoC4/CapSense_PM.c **** *  mode and none-retention registers.
  41:.\Generated_Source\PSoC4/CapSense_PM.c **** *
  42:.\Generated_Source\PSoC4/CapSense_PM.c **** * Side Effects:
  43:.\Generated_Source\PSoC4/CapSense_PM.c **** *  None
  44:.\Generated_Source\PSoC4/CapSense_PM.c **** *
  45:.\Generated_Source\PSoC4/CapSense_PM.c **** *******************************************************************************/
  46:.\Generated_Source\PSoC4/CapSense_PM.c **** void CapSense_SaveConfig(void)
  47:.\Generated_Source\PSoC4/CapSense_PM.c **** {
  30              		.loc 1 47 0
  31              		.cfi_startproc
  32 0000 80B5     		push	{r7, lr}
  33              		.cfi_def_cfa_offset 8
  34              		.cfi_offset 7, -8
  35              		.cfi_offset 14, -4
  36 0002 00AF     		add	r7, sp, #0
  37              		.cfi_def_cfa_register 7
  48:.\Generated_Source\PSoC4/CapSense_PM.c **** 	if ((CapSense_CSD_CFG_REG & CapSense_CSD_CFG_ENABLE) != 0u)
  38              		.loc 1 48 0
  39 0004 044B     		ldr	r3, .L3
  40 0006 1B68     		ldr	r3, [r3]
  41 0008 002B     		cmp	r3, #0
  42 000a 02DA     		bge	.L1
  49:.\Generated_Source\PSoC4/CapSense_PM.c **** 	{
  50:.\Generated_Source\PSoC4/CapSense_PM.c **** 		CapSense_backup.enableState = 1u;
  43              		.loc 1 50 0
  44 000c 034B     		ldr	r3, .L3+4
  45 000e 0122     		mov	r2, #1
  46 0010 1A70     		strb	r2, [r3]
  47              	.L1:
  51:.\Generated_Source\PSoC4/CapSense_PM.c **** 	}
  52:.\Generated_Source\PSoC4/CapSense_PM.c **** }
  48              		.loc 1 52 0
  49 0012 BD46     		mov	sp, r7
  50              		@ sp needed
  51 0014 80BD     		pop	{r7, pc}
  52              	.L4:
  53 0016 C046     		.align	2
  54              	.L3:
  55 0018 04000840 		.word	1074266116
  56 001c 00000000 		.word	CapSense_backup
  57              		.cfi_endproc
  58              	.LFE33:
  59              		.size	CapSense_SaveConfig, .-CapSense_SaveConfig
  60              		.section	.text.CapSense_Sleep,"ax",%progbits
  61              		.align	2
  62              		.global	CapSense_Sleep
ARM GAS  C:\Users\IEUser\AppData\Local\Temp\ccnpVfFa.s 			page 3


  63              		.code	16
  64              		.thumb_func
  65              		.type	CapSense_Sleep, %function
  66              	CapSense_Sleep:
  67              	.LFB34:
  53:.\Generated_Source\PSoC4/CapSense_PM.c **** 
  54:.\Generated_Source\PSoC4/CapSense_PM.c **** 
  55:.\Generated_Source\PSoC4/CapSense_PM.c **** /*******************************************************************************
  56:.\Generated_Source\PSoC4/CapSense_PM.c **** * Function Name: CapSense_Sleep
  57:.\Generated_Source\PSoC4/CapSense_PM.c **** ********************************************************************************
  58:.\Generated_Source\PSoC4/CapSense_PM.c **** *
  59:.\Generated_Source\PSoC4/CapSense_PM.c **** * Summary:
  60:.\Generated_Source\PSoC4/CapSense_PM.c **** *  Disables the Active mode power.
  61:.\Generated_Source\PSoC4/CapSense_PM.c **** *
  62:.\Generated_Source\PSoC4/CapSense_PM.c **** * Parameters:
  63:.\Generated_Source\PSoC4/CapSense_PM.c **** *  None
  64:.\Generated_Source\PSoC4/CapSense_PM.c **** *
  65:.\Generated_Source\PSoC4/CapSense_PM.c **** * Return:
  66:.\Generated_Source\PSoC4/CapSense_PM.c **** *  None
  67:.\Generated_Source\PSoC4/CapSense_PM.c **** *
  68:.\Generated_Source\PSoC4/CapSense_PM.c **** * Global Variables:
  69:.\Generated_Source\PSoC4/CapSense_PM.c **** *  CapSense_backup - used to save the component state before entering the sleep 
  70:.\Generated_Source\PSoC4/CapSense_PM.c **** *  mode.
  71:.\Generated_Source\PSoC4/CapSense_PM.c **** *
  72:.\Generated_Source\PSoC4/CapSense_PM.c **** *******************************************************************************/
  73:.\Generated_Source\PSoC4/CapSense_PM.c **** void CapSense_Sleep(void)
  74:.\Generated_Source\PSoC4/CapSense_PM.c **** {
  68              		.loc 1 74 0
  69              		.cfi_startproc
  70 0000 80B5     		push	{r7, lr}
  71              		.cfi_def_cfa_offset 8
  72              		.cfi_offset 7, -8
  73              		.cfi_offset 14, -4
  74 0002 00AF     		add	r7, sp, #0
  75              		.cfi_def_cfa_register 7
  75:.\Generated_Source\PSoC4/CapSense_PM.c **** 	CapSense_SaveConfig();
  76              		.loc 1 75 0
  77 0004 FFF7FEFF 		bl	CapSense_SaveConfig
  76:.\Generated_Source\PSoC4/CapSense_PM.c **** 		
  77:.\Generated_Source\PSoC4/CapSense_PM.c **** 	/* Disable interrupt */
  78:.\Generated_Source\PSoC4/CapSense_PM.c **** 	CyIntDisable(CapSense_ISR_NUMBER);
  78              		.loc 1 78 0
  79 0008 0F20     		mov	r0, #15
  80 000a FFF7FEFF 		bl	CyIntDisable
  79:.\Generated_Source\PSoC4/CapSense_PM.c **** 	
  80:.\Generated_Source\PSoC4/CapSense_PM.c **** 	CapSense_CSD_CFG_REG &= ~(CapSense_CSD_CFG_SENSE_COMP_EN | CapSense_CSD_CFG_SENSE_EN);
  81              		.loc 1 80 0
  82 000e 094B     		ldr	r3, .L6
  83 0010 084A     		ldr	r2, .L6
  84 0012 1168     		ldr	r1, [r2]
  85 0014 084A     		ldr	r2, .L6+4
  86 0016 0A40     		and	r2, r1
  87 0018 1A60     		str	r2, [r3]
  81:.\Generated_Source\PSoC4/CapSense_PM.c **** 	
  82:.\Generated_Source\PSoC4/CapSense_PM.c **** 	#if(CapSense_IDAC_CNT == 2u)
  83:.\Generated_Source\PSoC4/CapSense_PM.c **** 		CapSense_CSD_CFG_REG &= ~(CapSense_CSD_CFG_ENABLE);
  88              		.loc 1 83 0
ARM GAS  C:\Users\IEUser\AppData\Local\Temp\ccnpVfFa.s 			page 4


  89 001a 064B     		ldr	r3, .L6
  90 001c 054A     		ldr	r2, .L6
  91 001e 1268     		ldr	r2, [r2]
  92 0020 5200     		lsl	r2, r2, #1
  93 0022 5208     		lsr	r2, r2, #1
  94 0024 1A60     		str	r2, [r3]
  84:.\Generated_Source\PSoC4/CapSense_PM.c **** 	#endif /* (CapSense_IDAC_CNT == 2u) */
  85:.\Generated_Source\PSoC4/CapSense_PM.c **** 	
  86:.\Generated_Source\PSoC4/CapSense_PM.c **** 	/* Disable Clocks */
  87:.\Generated_Source\PSoC4/CapSense_PM.c ****     CapSense_SenseClk_Stop();
  95              		.loc 1 87 0
  96 0026 FFF7FEFF 		bl	CapSense_SenseClk_Stop
  88:.\Generated_Source\PSoC4/CapSense_PM.c ****     CapSense_SampleClk_Stop();
  97              		.loc 1 88 0
  98 002a FFF7FEFF 		bl	CapSense_SampleClk_Stop
  89:.\Generated_Source\PSoC4/CapSense_PM.c **** }
  99              		.loc 1 89 0
 100 002e BD46     		mov	sp, r7
 101              		@ sp needed
 102 0030 80BD     		pop	{r7, pc}
 103              	.L7:
 104 0032 C046     		.align	2
 105              	.L6:
 106 0034 04000840 		.word	1074266116
 107 0038 FFEFF7FF 		.word	-528385
 108              		.cfi_endproc
 109              	.LFE34:
 110              		.size	CapSense_Sleep, .-CapSense_Sleep
 111              		.section	.text.CapSense_RestoreConfig,"ax",%progbits
 112              		.align	2
 113              		.global	CapSense_RestoreConfig
 114              		.code	16
 115              		.thumb_func
 116              		.type	CapSense_RestoreConfig, %function
 117              	CapSense_RestoreConfig:
 118              	.LFB35:
  90:.\Generated_Source\PSoC4/CapSense_PM.c **** 
  91:.\Generated_Source\PSoC4/CapSense_PM.c **** 
  92:.\Generated_Source\PSoC4/CapSense_PM.c **** /*******************************************************************************
  93:.\Generated_Source\PSoC4/CapSense_PM.c **** * Function Name: CapSense_RestoreConfig
  94:.\Generated_Source\PSoC4/CapSense_PM.c **** ********************************************************************************
  95:.\Generated_Source\PSoC4/CapSense_PM.c **** *
  96:.\Generated_Source\PSoC4/CapSense_PM.c **** * Summary:
  97:.\Generated_Source\PSoC4/CapSense_PM.c **** *  Restores the CapSense configuration.
  98:.\Generated_Source\PSoC4/CapSense_PM.c **** *
  99:.\Generated_Source\PSoC4/CapSense_PM.c **** * Parameters:
 100:.\Generated_Source\PSoC4/CapSense_PM.c **** *  None
 101:.\Generated_Source\PSoC4/CapSense_PM.c **** *
 102:.\Generated_Source\PSoC4/CapSense_PM.c **** * Return:
 103:.\Generated_Source\PSoC4/CapSense_PM.c **** *  None
 104:.\Generated_Source\PSoC4/CapSense_PM.c **** *
 105:.\Generated_Source\PSoC4/CapSense_PM.c **** * Side Effects:
 106:.\Generated_Source\PSoC4/CapSense_PM.c **** *  Must be called only after CapSense_SaveConfig() routine. Otherwise 
 107:.\Generated_Source\PSoC4/CapSense_PM.c **** *  the component configuration will be overwritten with its initial setting.  
 108:.\Generated_Source\PSoC4/CapSense_PM.c **** *
 109:.\Generated_Source\PSoC4/CapSense_PM.c **** * Global Variables:
 110:.\Generated_Source\PSoC4/CapSense_PM.c **** *  CapSense_backup - used to save the component state before entering the sleep 
ARM GAS  C:\Users\IEUser\AppData\Local\Temp\ccnpVfFa.s 			page 5


 111:.\Generated_Source\PSoC4/CapSense_PM.c **** *  mode and none-retention registers.
 112:.\Generated_Source\PSoC4/CapSense_PM.c **** *
 113:.\Generated_Source\PSoC4/CapSense_PM.c **** *******************************************************************************/
 114:.\Generated_Source\PSoC4/CapSense_PM.c **** void CapSense_RestoreConfig(void)
 115:.\Generated_Source\PSoC4/CapSense_PM.c **** {
 119              		.loc 1 115 0
 120              		.cfi_startproc
 121 0000 80B5     		push	{r7, lr}
 122              		.cfi_def_cfa_offset 8
 123              		.cfi_offset 7, -8
 124              		.cfi_offset 14, -4
 125 0002 00AF     		add	r7, sp, #0
 126              		.cfi_def_cfa_register 7
 116:.\Generated_Source\PSoC4/CapSense_PM.c **** 
 117:.\Generated_Source\PSoC4/CapSense_PM.c **** }
 127              		.loc 1 117 0
 128 0004 BD46     		mov	sp, r7
 129              		@ sp needed
 130 0006 80BD     		pop	{r7, pc}
 131              		.cfi_endproc
 132              	.LFE35:
 133              		.size	CapSense_RestoreConfig, .-CapSense_RestoreConfig
 134              		.section	.text.CapSense_Wakeup,"ax",%progbits
 135              		.align	2
 136              		.global	CapSense_Wakeup
 137              		.code	16
 138              		.thumb_func
 139              		.type	CapSense_Wakeup, %function
 140              	CapSense_Wakeup:
 141              	.LFB36:
 118:.\Generated_Source\PSoC4/CapSense_PM.c ****  
 119:.\Generated_Source\PSoC4/CapSense_PM.c ****  
 120:.\Generated_Source\PSoC4/CapSense_PM.c **** /*******************************************************************************
 121:.\Generated_Source\PSoC4/CapSense_PM.c **** * Function Name: CapSense_Wakeup
 122:.\Generated_Source\PSoC4/CapSense_PM.c **** ********************************************************************************
 123:.\Generated_Source\PSoC4/CapSense_PM.c **** *
 124:.\Generated_Source\PSoC4/CapSense_PM.c **** * Summary:
 125:.\Generated_Source\PSoC4/CapSense_PM.c **** *  Restores the CapSense configuration and non-retention register values. 
 126:.\Generated_Source\PSoC4/CapSense_PM.c **** *  Restores the enabled state of the component by setting the Active mode power template 
 127:.\Generated_Source\PSoC4/CapSense_PM.c **** *  bits for a number of components used within CapSense.
 128:.\Generated_Source\PSoC4/CapSense_PM.c **** *
 129:.\Generated_Source\PSoC4/CapSense_PM.c **** * Parameters:
 130:.\Generated_Source\PSoC4/CapSense_PM.c **** *  None
 131:.\Generated_Source\PSoC4/CapSense_PM.c **** *
 132:.\Generated_Source\PSoC4/CapSense_PM.c **** * Return:
 133:.\Generated_Source\PSoC4/CapSense_PM.c **** *  None
 134:.\Generated_Source\PSoC4/CapSense_PM.c **** *
 135:.\Generated_Source\PSoC4/CapSense_PM.c **** * Global Variables:
 136:.\Generated_Source\PSoC4/CapSense_PM.c **** *  CapSense_backup - used to save the component state before entering the sleep 
 137:.\Generated_Source\PSoC4/CapSense_PM.c **** *  mode and none-retention registers.
 138:.\Generated_Source\PSoC4/CapSense_PM.c **** *
 139:.\Generated_Source\PSoC4/CapSense_PM.c **** *******************************************************************************/
 140:.\Generated_Source\PSoC4/CapSense_PM.c **** void CapSense_Wakeup(void)
 141:.\Generated_Source\PSoC4/CapSense_PM.c **** {
 142              		.loc 1 141 0
 143              		.cfi_startproc
 144 0000 80B5     		push	{r7, lr}
ARM GAS  C:\Users\IEUser\AppData\Local\Temp\ccnpVfFa.s 			page 6


 145              		.cfi_def_cfa_offset 8
 146              		.cfi_offset 7, -8
 147              		.cfi_offset 14, -4
 148 0002 00AF     		add	r7, sp, #0
 149              		.cfi_def_cfa_register 7
 142:.\Generated_Source\PSoC4/CapSense_PM.c **** 	/* Enable the Clocks */
 143:.\Generated_Source\PSoC4/CapSense_PM.c ****     CapSense_SenseClk_Start();
 150              		.loc 1 143 0
 151 0004 FFF7FEFF 		bl	CapSense_SenseClk_Start
 144:.\Generated_Source\PSoC4/CapSense_PM.c ****     CapSense_SampleClk_Start();
 152              		.loc 1 144 0
 153 0008 FFF7FEFF 		bl	CapSense_SampleClk_Start
 145:.\Generated_Source\PSoC4/CapSense_PM.c ****     
 146:.\Generated_Source\PSoC4/CapSense_PM.c **** 	/* Restore CapSense Enable state */
 147:.\Generated_Source\PSoC4/CapSense_PM.c ****     if (CapSense_backup.enableState != 0u)
 154              		.loc 1 147 0
 155 000c 034B     		ldr	r3, .L11
 156 000e 1B78     		ldrb	r3, [r3]
 157 0010 002B     		cmp	r3, #0
 158 0012 01D0     		beq	.L9
 148:.\Generated_Source\PSoC4/CapSense_PM.c ****     {
 149:.\Generated_Source\PSoC4/CapSense_PM.c ****         CapSense_Enable();
 159              		.loc 1 149 0
 160 0014 FFF7FEFF 		bl	CapSense_Enable
 161              	.L9:
 150:.\Generated_Source\PSoC4/CapSense_PM.c ****     }
 151:.\Generated_Source\PSoC4/CapSense_PM.c **** }
 162              		.loc 1 151 0
 163 0018 BD46     		mov	sp, r7
 164              		@ sp needed
 165 001a 80BD     		pop	{r7, pc}
 166              	.L12:
 167              		.align	2
 168              	.L11:
 169 001c 00000000 		.word	CapSense_backup
 170              		.cfi_endproc
 171              	.LFE36:
 172              		.size	CapSense_Wakeup, .-CapSense_Wakeup
 173              		.text
 174              	.Letext0:
 175              		.file 2 ".\\Generated_Source\\PSoC4\\cytypes.h"
 176              		.file 3 ".\\Generated_Source\\PSoC4\\CapSense.h"
 177              		.section	.debug_info,"",%progbits
 178              	.Ldebug_info0:
 179 0000 20010000 		.4byte	0x120
 180 0004 0400     		.2byte	0x4
 181 0006 00000000 		.4byte	.Ldebug_abbrev0
 182 000a 04       		.byte	0x4
 183 000b 01       		.uleb128 0x1
 184 000c 8E000000 		.4byte	.LASF21
 185 0010 01       		.byte	0x1
 186 0011 86010000 		.4byte	.LASF22
 187 0015 18010000 		.4byte	.LASF23
 188 0019 00000000 		.4byte	.Ldebug_ranges0+0
 189 001d 00000000 		.4byte	0
 190 0021 00000000 		.4byte	.Ldebug_line0
 191 0025 02       		.uleb128 0x2
ARM GAS  C:\Users\IEUser\AppData\Local\Temp\ccnpVfFa.s 			page 7


 192 0026 01       		.byte	0x1
 193 0027 06       		.byte	0x6
 194 0028 C6010000 		.4byte	.LASF0
 195 002c 02       		.uleb128 0x2
 196 002d 01       		.byte	0x1
 197 002e 08       		.byte	0x8
 198 002f 0A010000 		.4byte	.LASF1
 199 0033 02       		.uleb128 0x2
 200 0034 02       		.byte	0x2
 201 0035 05       		.byte	0x5
 202 0036 E8010000 		.4byte	.LASF2
 203 003a 02       		.uleb128 0x2
 204 003b 02       		.byte	0x2
 205 003c 07       		.byte	0x7
 206 003d B3010000 		.4byte	.LASF3
 207 0041 02       		.uleb128 0x2
 208 0042 04       		.byte	0x4
 209 0043 05       		.byte	0x5
 210 0044 7D010000 		.4byte	.LASF4
 211 0048 02       		.uleb128 0x2
 212 0049 04       		.byte	0x4
 213 004a 07       		.byte	0x7
 214 004b 4E000000 		.4byte	.LASF5
 215 004f 02       		.uleb128 0x2
 216 0050 08       		.byte	0x8
 217 0051 05       		.byte	0x5
 218 0052 00000000 		.4byte	.LASF6
 219 0056 02       		.uleb128 0x2
 220 0057 08       		.byte	0x8
 221 0058 07       		.byte	0x7
 222 0059 60000000 		.4byte	.LASF7
 223 005d 03       		.uleb128 0x3
 224 005e 04       		.byte	0x4
 225 005f 05       		.byte	0x5
 226 0060 696E7400 		.ascii	"int\000"
 227 0064 02       		.uleb128 0x2
 228 0065 04       		.byte	0x4
 229 0066 07       		.byte	0x7
 230 0067 F2010000 		.4byte	.LASF8
 231 006b 04       		.uleb128 0x4
 232 006c 48000000 		.4byte	.LASF9
 233 0070 02       		.byte	0x2
 234 0071 B3       		.byte	0xb3
 235 0072 2C000000 		.4byte	0x2c
 236 0076 04       		.uleb128 0x4
 237 0077 0E000000 		.4byte	.LASF10
 238 007b 02       		.byte	0x2
 239 007c B5       		.byte	0xb5
 240 007d 48000000 		.4byte	0x48
 241 0081 02       		.uleb128 0x2
 242 0082 04       		.byte	0x4
 243 0083 04       		.byte	0x4
 244 0084 E2010000 		.4byte	.LASF11
 245 0088 02       		.uleb128 0x2
 246 0089 08       		.byte	0x8
 247 008a 04       		.byte	0x4
 248 008b 76010000 		.4byte	.LASF12
ARM GAS  C:\Users\IEUser\AppData\Local\Temp\ccnpVfFa.s 			page 8


 249 008f 02       		.uleb128 0x2
 250 0090 01       		.byte	0x1
 251 0091 08       		.byte	0x8
 252 0092 5D010000 		.4byte	.LASF13
 253 0096 05       		.uleb128 0x5
 254 0097 AD010000 		.4byte	.LASF14
 255 009b 02       		.byte	0x2
 256 009c 5F01     		.2byte	0x15f
 257 009e A2000000 		.4byte	0xa2
 258 00a2 06       		.uleb128 0x6
 259 00a3 76000000 		.4byte	0x76
 260 00a7 02       		.uleb128 0x2
 261 00a8 04       		.byte	0x4
 262 00a9 07       		.byte	0x7
 263 00aa FF010000 		.4byte	.LASF15
 264 00ae 07       		.uleb128 0x7
 265 00af 01       		.byte	0x1
 266 00b0 03       		.byte	0x3
 267 00b1 8D       		.byte	0x8d
 268 00b2 C3000000 		.4byte	0xc3
 269 00b6 08       		.uleb128 0x8
 270 00b7 15000000 		.4byte	.LASF24
 271 00bb 03       		.byte	0x3
 272 00bc 8F       		.byte	0x8f
 273 00bd 6B000000 		.4byte	0x6b
 274 00c1 00       		.byte	0
 275 00c2 00       		.byte	0
 276 00c3 04       		.uleb128 0x4
 277 00c4 31000000 		.4byte	.LASF16
 278 00c8 03       		.byte	0x3
 279 00c9 90       		.byte	0x90
 280 00ca AE000000 		.4byte	0xae
 281 00ce 09       		.uleb128 0x9
 282 00cf 62010000 		.4byte	.LASF17
 283 00d3 01       		.byte	0x1
 284 00d4 2E       		.byte	0x2e
 285 00d5 00000000 		.4byte	.LFB33
 286 00d9 20000000 		.4byte	.LFE33-.LFB33
 287 00dd 01       		.uleb128 0x1
 288 00de 9C       		.byte	0x9c
 289 00df 0A       		.uleb128 0xa
 290 00e0 08020000 		.4byte	.LASF18
 291 00e4 01       		.byte	0x1
 292 00e5 49       		.byte	0x49
 293 00e6 00000000 		.4byte	.LFB34
 294 00ea 3C000000 		.4byte	.LFE34-.LFB34
 295 00ee 01       		.uleb128 0x1
 296 00ef 9C       		.byte	0x9c
 297 00f0 09       		.uleb128 0x9
 298 00f1 77000000 		.4byte	.LASF19
 299 00f5 01       		.byte	0x1
 300 00f6 72       		.byte	0x72
 301 00f7 00000000 		.4byte	.LFB35
 302 00fb 08000000 		.4byte	.LFE35-.LFB35
 303 00ff 01       		.uleb128 0x1
 304 0100 9C       		.byte	0x9c
 305 0101 0A       		.uleb128 0xa
ARM GAS  C:\Users\IEUser\AppData\Local\Temp\ccnpVfFa.s 			page 9


 306 0102 21000000 		.4byte	.LASF20
 307 0106 01       		.byte	0x1
 308 0107 8C       		.byte	0x8c
 309 0108 00000000 		.4byte	.LFB36
 310 010c 20000000 		.4byte	.LFE36-.LFB36
 311 0110 01       		.uleb128 0x1
 312 0111 9C       		.byte	0x9c
 313 0112 0B       		.uleb128 0xb
 314 0113 D2010000 		.4byte	.LASF25
 315 0117 01       		.byte	0x1
 316 0118 13       		.byte	0x13
 317 0119 C3000000 		.4byte	0xc3
 318 011d 05       		.uleb128 0x5
 319 011e 03       		.byte	0x3
 320 011f 00000000 		.4byte	CapSense_backup
 321 0123 00       		.byte	0
 322              		.section	.debug_abbrev,"",%progbits
 323              	.Ldebug_abbrev0:
 324 0000 01       		.uleb128 0x1
 325 0001 11       		.uleb128 0x11
 326 0002 01       		.byte	0x1
 327 0003 25       		.uleb128 0x25
 328 0004 0E       		.uleb128 0xe
 329 0005 13       		.uleb128 0x13
 330 0006 0B       		.uleb128 0xb
 331 0007 03       		.uleb128 0x3
 332 0008 0E       		.uleb128 0xe
 333 0009 1B       		.uleb128 0x1b
 334 000a 0E       		.uleb128 0xe
 335 000b 55       		.uleb128 0x55
 336 000c 17       		.uleb128 0x17
 337 000d 11       		.uleb128 0x11
 338 000e 01       		.uleb128 0x1
 339 000f 10       		.uleb128 0x10
 340 0010 17       		.uleb128 0x17
 341 0011 00       		.byte	0
 342 0012 00       		.byte	0
 343 0013 02       		.uleb128 0x2
 344 0014 24       		.uleb128 0x24
 345 0015 00       		.byte	0
 346 0016 0B       		.uleb128 0xb
 347 0017 0B       		.uleb128 0xb
 348 0018 3E       		.uleb128 0x3e
 349 0019 0B       		.uleb128 0xb
 350 001a 03       		.uleb128 0x3
 351 001b 0E       		.uleb128 0xe
 352 001c 00       		.byte	0
 353 001d 00       		.byte	0
 354 001e 03       		.uleb128 0x3
 355 001f 24       		.uleb128 0x24
 356 0020 00       		.byte	0
 357 0021 0B       		.uleb128 0xb
 358 0022 0B       		.uleb128 0xb
 359 0023 3E       		.uleb128 0x3e
 360 0024 0B       		.uleb128 0xb
 361 0025 03       		.uleb128 0x3
 362 0026 08       		.uleb128 0x8
ARM GAS  C:\Users\IEUser\AppData\Local\Temp\ccnpVfFa.s 			page 10


 363 0027 00       		.byte	0
 364 0028 00       		.byte	0
 365 0029 04       		.uleb128 0x4
 366 002a 16       		.uleb128 0x16
 367 002b 00       		.byte	0
 368 002c 03       		.uleb128 0x3
 369 002d 0E       		.uleb128 0xe
 370 002e 3A       		.uleb128 0x3a
 371 002f 0B       		.uleb128 0xb
 372 0030 3B       		.uleb128 0x3b
 373 0031 0B       		.uleb128 0xb
 374 0032 49       		.uleb128 0x49
 375 0033 13       		.uleb128 0x13
 376 0034 00       		.byte	0
 377 0035 00       		.byte	0
 378 0036 05       		.uleb128 0x5
 379 0037 16       		.uleb128 0x16
 380 0038 00       		.byte	0
 381 0039 03       		.uleb128 0x3
 382 003a 0E       		.uleb128 0xe
 383 003b 3A       		.uleb128 0x3a
 384 003c 0B       		.uleb128 0xb
 385 003d 3B       		.uleb128 0x3b
 386 003e 05       		.uleb128 0x5
 387 003f 49       		.uleb128 0x49
 388 0040 13       		.uleb128 0x13
 389 0041 00       		.byte	0
 390 0042 00       		.byte	0
 391 0043 06       		.uleb128 0x6
 392 0044 35       		.uleb128 0x35
 393 0045 00       		.byte	0
 394 0046 49       		.uleb128 0x49
 395 0047 13       		.uleb128 0x13
 396 0048 00       		.byte	0
 397 0049 00       		.byte	0
 398 004a 07       		.uleb128 0x7
 399 004b 13       		.uleb128 0x13
 400 004c 01       		.byte	0x1
 401 004d 0B       		.uleb128 0xb
 402 004e 0B       		.uleb128 0xb
 403 004f 3A       		.uleb128 0x3a
 404 0050 0B       		.uleb128 0xb
 405 0051 3B       		.uleb128 0x3b
 406 0052 0B       		.uleb128 0xb
 407 0053 01       		.uleb128 0x1
 408 0054 13       		.uleb128 0x13
 409 0055 00       		.byte	0
 410 0056 00       		.byte	0
 411 0057 08       		.uleb128 0x8
 412 0058 0D       		.uleb128 0xd
 413 0059 00       		.byte	0
 414 005a 03       		.uleb128 0x3
 415 005b 0E       		.uleb128 0xe
 416 005c 3A       		.uleb128 0x3a
 417 005d 0B       		.uleb128 0xb
 418 005e 3B       		.uleb128 0x3b
 419 005f 0B       		.uleb128 0xb
ARM GAS  C:\Users\IEUser\AppData\Local\Temp\ccnpVfFa.s 			page 11


 420 0060 49       		.uleb128 0x49
 421 0061 13       		.uleb128 0x13
 422 0062 38       		.uleb128 0x38
 423 0063 0B       		.uleb128 0xb
 424 0064 00       		.byte	0
 425 0065 00       		.byte	0
 426 0066 09       		.uleb128 0x9
 427 0067 2E       		.uleb128 0x2e
 428 0068 00       		.byte	0
 429 0069 3F       		.uleb128 0x3f
 430 006a 19       		.uleb128 0x19
 431 006b 03       		.uleb128 0x3
 432 006c 0E       		.uleb128 0xe
 433 006d 3A       		.uleb128 0x3a
 434 006e 0B       		.uleb128 0xb
 435 006f 3B       		.uleb128 0x3b
 436 0070 0B       		.uleb128 0xb
 437 0071 27       		.uleb128 0x27
 438 0072 19       		.uleb128 0x19
 439 0073 11       		.uleb128 0x11
 440 0074 01       		.uleb128 0x1
 441 0075 12       		.uleb128 0x12
 442 0076 06       		.uleb128 0x6
 443 0077 40       		.uleb128 0x40
 444 0078 18       		.uleb128 0x18
 445 0079 9742     		.uleb128 0x2117
 446 007b 19       		.uleb128 0x19
 447 007c 00       		.byte	0
 448 007d 00       		.byte	0
 449 007e 0A       		.uleb128 0xa
 450 007f 2E       		.uleb128 0x2e
 451 0080 00       		.byte	0
 452 0081 3F       		.uleb128 0x3f
 453 0082 19       		.uleb128 0x19
 454 0083 03       		.uleb128 0x3
 455 0084 0E       		.uleb128 0xe
 456 0085 3A       		.uleb128 0x3a
 457 0086 0B       		.uleb128 0xb
 458 0087 3B       		.uleb128 0x3b
 459 0088 0B       		.uleb128 0xb
 460 0089 27       		.uleb128 0x27
 461 008a 19       		.uleb128 0x19
 462 008b 11       		.uleb128 0x11
 463 008c 01       		.uleb128 0x1
 464 008d 12       		.uleb128 0x12
 465 008e 06       		.uleb128 0x6
 466 008f 40       		.uleb128 0x40
 467 0090 18       		.uleb128 0x18
 468 0091 9642     		.uleb128 0x2116
 469 0093 19       		.uleb128 0x19
 470 0094 00       		.byte	0
 471 0095 00       		.byte	0
 472 0096 0B       		.uleb128 0xb
 473 0097 34       		.uleb128 0x34
 474 0098 00       		.byte	0
 475 0099 03       		.uleb128 0x3
 476 009a 0E       		.uleb128 0xe
ARM GAS  C:\Users\IEUser\AppData\Local\Temp\ccnpVfFa.s 			page 12


 477 009b 3A       		.uleb128 0x3a
 478 009c 0B       		.uleb128 0xb
 479 009d 3B       		.uleb128 0x3b
 480 009e 0B       		.uleb128 0xb
 481 009f 49       		.uleb128 0x49
 482 00a0 13       		.uleb128 0x13
 483 00a1 02       		.uleb128 0x2
 484 00a2 18       		.uleb128 0x18
 485 00a3 00       		.byte	0
 486 00a4 00       		.byte	0
 487 00a5 00       		.byte	0
 488              		.section	.debug_aranges,"",%progbits
 489 0000 34000000 		.4byte	0x34
 490 0004 0200     		.2byte	0x2
 491 0006 00000000 		.4byte	.Ldebug_info0
 492 000a 04       		.byte	0x4
 493 000b 00       		.byte	0
 494 000c 0000     		.2byte	0
 495 000e 0000     		.2byte	0
 496 0010 00000000 		.4byte	.LFB33
 497 0014 20000000 		.4byte	.LFE33-.LFB33
 498 0018 00000000 		.4byte	.LFB34
 499 001c 3C000000 		.4byte	.LFE34-.LFB34
 500 0020 00000000 		.4byte	.LFB35
 501 0024 08000000 		.4byte	.LFE35-.LFB35
 502 0028 00000000 		.4byte	.LFB36
 503 002c 20000000 		.4byte	.LFE36-.LFB36
 504 0030 00000000 		.4byte	0
 505 0034 00000000 		.4byte	0
 506              		.section	.debug_ranges,"",%progbits
 507              	.Ldebug_ranges0:
 508 0000 00000000 		.4byte	.LFB33
 509 0004 20000000 		.4byte	.LFE33
 510 0008 00000000 		.4byte	.LFB34
 511 000c 3C000000 		.4byte	.LFE34
 512 0010 00000000 		.4byte	.LFB35
 513 0014 08000000 		.4byte	.LFE35
 514 0018 00000000 		.4byte	.LFB36
 515 001c 20000000 		.4byte	.LFE36
 516 0020 00000000 		.4byte	0
 517 0024 00000000 		.4byte	0
 518              		.section	.debug_line,"",%progbits
 519              	.Ldebug_line0:
 520 0000 AD000000 		.section	.debug_str,"MS",%progbits,1
 520      02005800 
 520      00000201 
 520      FB0E0D00 
 520      01010101 
 521              	.LASF6:
 522 0000 6C6F6E67 		.ascii	"long long int\000"
 522      206C6F6E 
 522      6720696E 
 522      7400
 523              	.LASF10:
 524 000e 75696E74 		.ascii	"uint32\000"
 524      333200
 525              	.LASF24:
ARM GAS  C:\Users\IEUser\AppData\Local\Temp\ccnpVfFa.s 			page 13


 526 0015 656E6162 		.ascii	"enableState\000"
 526      6C655374 
 526      61746500 
 527              	.LASF20:
 528 0021 43617053 		.ascii	"CapSense_Wakeup\000"
 528      656E7365 
 528      5F57616B 
 528      65757000 
 529              	.LASF16:
 530 0031 43617053 		.ascii	"CapSense_BACKUP_STRUCT\000"
 530      656E7365 
 530      5F424143 
 530      4B55505F 
 530      53545255 
 531              	.LASF9:
 532 0048 75696E74 		.ascii	"uint8\000"
 532      3800
 533              	.LASF5:
 534 004e 6C6F6E67 		.ascii	"long unsigned int\000"
 534      20756E73 
 534      69676E65 
 534      6420696E 
 534      7400
 535              	.LASF7:
 536 0060 6C6F6E67 		.ascii	"long long unsigned int\000"
 536      206C6F6E 
 536      6720756E 
 536      7369676E 
 536      65642069 
 537              	.LASF19:
 538 0077 43617053 		.ascii	"CapSense_RestoreConfig\000"
 538      656E7365 
 538      5F526573 
 538      746F7265 
 538      436F6E66 
 539              	.LASF21:
 540 008e 474E5520 		.ascii	"GNU C 4.8.4 20140526 (release) [ARM/embedded-4_8-br"
 540      4320342E 
 540      382E3420 
 540      32303134 
 540      30353236 
 541 00c1 616E6368 		.ascii	"anch revision 211358] -mcpu=cortex-m0 -mthumb -g -O"
 541      20726576 
 541      6973696F 
 541      6E203231 
 541      31333538 
 542 00f4 30202D66 		.ascii	"0 -ffunction-sections\000"
 542      66756E63 
 542      74696F6E 
 542      2D736563 
 542      74696F6E 
 543              	.LASF1:
 544 010a 756E7369 		.ascii	"unsigned char\000"
 544      676E6564 
 544      20636861 
 544      7200
 545              	.LASF23:
ARM GAS  C:\Users\IEUser\AppData\Local\Temp\ccnpVfFa.s 			page 14


 546 0118 433A5C55 		.ascii	"C:\\Users\\IEUser\\Documents\\GitHub\\piezo-sensor\\"
 546      73657273 
 546      5C494555 
 546      7365725C 
 546      446F6375 
 547 0146 4D792046 		.ascii	"My First Project.cydsn\000"
 547      69727374 
 547      2050726F 
 547      6A656374 
 547      2E637964 
 548              	.LASF13:
 549 015d 63686172 		.ascii	"char\000"
 549      00
 550              	.LASF17:
 551 0162 43617053 		.ascii	"CapSense_SaveConfig\000"
 551      656E7365 
 551      5F536176 
 551      65436F6E 
 551      66696700 
 552              	.LASF12:
 553 0176 646F7562 		.ascii	"double\000"
 553      6C6500
 554              	.LASF4:
 555 017d 6C6F6E67 		.ascii	"long int\000"
 555      20696E74 
 555      00
 556              	.LASF22:
 557 0186 2E5C4765 		.ascii	".\\Generated_Source\\PSoC4\\CapSense_PM.c\000"
 557      6E657261 
 557      7465645F 
 557      536F7572 
 557      63655C50 
 558              	.LASF14:
 559 01ad 72656733 		.ascii	"reg32\000"
 559      3200
 560              	.LASF3:
 561 01b3 73686F72 		.ascii	"short unsigned int\000"
 561      7420756E 
 561      7369676E 
 561      65642069 
 561      6E7400
 562              	.LASF0:
 563 01c6 7369676E 		.ascii	"signed char\000"
 563      65642063 
 563      68617200 
 564              	.LASF25:
 565 01d2 43617053 		.ascii	"CapSense_backup\000"
 565      656E7365 
 565      5F626163 
 565      6B757000 
 566              	.LASF11:
 567 01e2 666C6F61 		.ascii	"float\000"
 567      7400
 568              	.LASF2:
 569 01e8 73686F72 		.ascii	"short int\000"
 569      7420696E 
 569      7400
ARM GAS  C:\Users\IEUser\AppData\Local\Temp\ccnpVfFa.s 			page 15


 570              	.LASF8:
 571 01f2 756E7369 		.ascii	"unsigned int\000"
 571      676E6564 
 571      20696E74 
 571      00
 572              	.LASF15:
 573 01ff 73697A65 		.ascii	"sizetype\000"
 573      74797065 
 573      00
 574              	.LASF18:
 575 0208 43617053 		.ascii	"CapSense_Sleep\000"
 575      656E7365 
 575      5F536C65 
 575      657000
 576              		.ident	"GCC: (GNU Tools for ARM Embedded Processors) 4.8.4 20140526 (release) [ARM/embedded-4_8-br
