ARM GAS  C:\Users\IEUser\AppData\Local\Temp\cc37hFBn.s 			page 1


   1              		.cpu cortex-m0
   2              		.fpu softvfp
   3              		.eabi_attribute 20, 1
   4              		.eabi_attribute 21, 1
   5              		.eabi_attribute 23, 3
   6              		.eabi_attribute 24, 1
   7              		.eabi_attribute 25, 1
   8              		.eabi_attribute 26, 1
   9              		.eabi_attribute 30, 6
  10              		.eabi_attribute 34, 0
  11              		.eabi_attribute 18, 4
  12              		.code	16
  13              		.file	"cyfitter_cfg.c"
  14              		.text
  15              	.Ltext0:
  16              		.cfi_sections	.debug_frame
  17              		.section	.text.CYMEMZERO,"ax",%progbits
  18              		.align	2
  19              		.code	16
  20              		.thumb_func
  21              		.type	CYMEMZERO, %function
  22              	CYMEMZERO:
  23              	.LFB0:
  24              		.file 1 ".\\Generated_Source\\PSoC4\\cyfitter_cfg.c"
   1:.\Generated_Source\PSoC4/cyfitter_cfg.c **** /*******************************************************************************
   2:.\Generated_Source\PSoC4/cyfitter_cfg.c **** * FILENAME: cyfitter_cfg.c
   3:.\Generated_Source\PSoC4/cyfitter_cfg.c **** * 
   4:.\Generated_Source\PSoC4/cyfitter_cfg.c **** * PSoC Creator  3.2
   5:.\Generated_Source\PSoC4/cyfitter_cfg.c **** *
   6:.\Generated_Source\PSoC4/cyfitter_cfg.c **** * DESCRIPTION:
   7:.\Generated_Source\PSoC4/cyfitter_cfg.c **** * This file contains device initialization code.
   8:.\Generated_Source\PSoC4/cyfitter_cfg.c **** * Except for the user defined sections in CyClockStartupError(), this file should not be modified.
   9:.\Generated_Source\PSoC4/cyfitter_cfg.c **** * This file is automatically generated by PSoC Creator.
  10:.\Generated_Source\PSoC4/cyfitter_cfg.c **** *
  11:.\Generated_Source\PSoC4/cyfitter_cfg.c **** ********************************************************************************
  12:.\Generated_Source\PSoC4/cyfitter_cfg.c **** * Copyright (c) 2007-2015 Cypress Semiconductor.  All rights reserved.
  13:.\Generated_Source\PSoC4/cyfitter_cfg.c **** * You may use this file only in accordance with the license, terms, conditions, 
  14:.\Generated_Source\PSoC4/cyfitter_cfg.c **** * disclaimers, and limitations in the end user license agreement accompanying 
  15:.\Generated_Source\PSoC4/cyfitter_cfg.c **** * the software package with which this file was provided.
  16:.\Generated_Source\PSoC4/cyfitter_cfg.c **** ********************************************************************************/
  17:.\Generated_Source\PSoC4/cyfitter_cfg.c **** 
  18:.\Generated_Source\PSoC4/cyfitter_cfg.c **** #include <string.h>
  19:.\Generated_Source\PSoC4/cyfitter_cfg.c **** #include "cytypes.h"
  20:.\Generated_Source\PSoC4/cyfitter_cfg.c **** #include "cydevice_trm.h"
  21:.\Generated_Source\PSoC4/cyfitter_cfg.c **** #include "cyfitter.h"
  22:.\Generated_Source\PSoC4/cyfitter_cfg.c **** #include "CyLib.h"
  23:.\Generated_Source\PSoC4/cyfitter_cfg.c **** #include "cyfitter_cfg.h"
  24:.\Generated_Source\PSoC4/cyfitter_cfg.c **** 
  25:.\Generated_Source\PSoC4/cyfitter_cfg.c **** 
  26:.\Generated_Source\PSoC4/cyfitter_cfg.c **** #if defined(__GNUC__) || defined(__ARMCC_VERSION)
  27:.\Generated_Source\PSoC4/cyfitter_cfg.c ****     #define CYPACKED 
  28:.\Generated_Source\PSoC4/cyfitter_cfg.c ****     #define CYPACKED_ATTR __attribute__ ((packed))
  29:.\Generated_Source\PSoC4/cyfitter_cfg.c ****     #define CYALIGNED __attribute__ ((aligned))
  30:.\Generated_Source\PSoC4/cyfitter_cfg.c ****     #define CY_CFG_UNUSED __attribute__ ((unused))
  31:.\Generated_Source\PSoC4/cyfitter_cfg.c ****     #define CY_CFG_SECTION __attribute__ ((section(".psocinit")))
  32:.\Generated_Source\PSoC4/cyfitter_cfg.c ****     
  33:.\Generated_Source\PSoC4/cyfitter_cfg.c ****     #if defined(__ARMCC_VERSION)
ARM GAS  C:\Users\IEUser\AppData\Local\Temp\cc37hFBn.s 			page 2


  34:.\Generated_Source\PSoC4/cyfitter_cfg.c ****         #define CY_CFG_MEMORY_BARRIER() __memory_changed()
  35:.\Generated_Source\PSoC4/cyfitter_cfg.c ****     #else
  36:.\Generated_Source\PSoC4/cyfitter_cfg.c ****         #define CY_CFG_MEMORY_BARRIER() __sync_synchronize()
  37:.\Generated_Source\PSoC4/cyfitter_cfg.c ****     #endif
  38:.\Generated_Source\PSoC4/cyfitter_cfg.c ****     
  39:.\Generated_Source\PSoC4/cyfitter_cfg.c **** #elif defined(__ICCARM__)
  40:.\Generated_Source\PSoC4/cyfitter_cfg.c ****     #include <intrinsics.h>
  41:.\Generated_Source\PSoC4/cyfitter_cfg.c **** 
  42:.\Generated_Source\PSoC4/cyfitter_cfg.c ****     #define CYPACKED __packed
  43:.\Generated_Source\PSoC4/cyfitter_cfg.c ****     #define CYPACKED_ATTR 
  44:.\Generated_Source\PSoC4/cyfitter_cfg.c ****     #define CYALIGNED _Pragma("data_alignment=4")
  45:.\Generated_Source\PSoC4/cyfitter_cfg.c ****     #define CY_CFG_UNUSED _Pragma("diag_suppress=Pe177")
  46:.\Generated_Source\PSoC4/cyfitter_cfg.c ****     #define CY_CFG_SECTION _Pragma("location=\".psocinit\"")
  47:.\Generated_Source\PSoC4/cyfitter_cfg.c ****     
  48:.\Generated_Source\PSoC4/cyfitter_cfg.c ****     #define CY_CFG_MEMORY_BARRIER() __DMB()
  49:.\Generated_Source\PSoC4/cyfitter_cfg.c ****     
  50:.\Generated_Source\PSoC4/cyfitter_cfg.c **** #else
  51:.\Generated_Source\PSoC4/cyfitter_cfg.c ****     #error Unsupported toolchain
  52:.\Generated_Source\PSoC4/cyfitter_cfg.c **** #endif
  53:.\Generated_Source\PSoC4/cyfitter_cfg.c **** 
  54:.\Generated_Source\PSoC4/cyfitter_cfg.c **** 
  55:.\Generated_Source\PSoC4/cyfitter_cfg.c **** CY_CFG_UNUSED
  56:.\Generated_Source\PSoC4/cyfitter_cfg.c **** static void CYMEMZERO(void *s, size_t n);
  57:.\Generated_Source\PSoC4/cyfitter_cfg.c **** CY_CFG_UNUSED
  58:.\Generated_Source\PSoC4/cyfitter_cfg.c **** static void CYMEMZERO(void *s, size_t n)
  59:.\Generated_Source\PSoC4/cyfitter_cfg.c **** {
  25              		.loc 1 59 0
  26              		.cfi_startproc
  27 0000 80B5     		push	{r7, lr}
  28              		.cfi_def_cfa_offset 8
  29              		.cfi_offset 7, -8
  30              		.cfi_offset 14, -4
  31 0002 82B0     		sub	sp, sp, #8
  32              		.cfi_def_cfa_offset 16
  33 0004 00AF     		add	r7, sp, #0
  34              		.cfi_def_cfa_register 7
  35 0006 7860     		str	r0, [r7, #4]
  36 0008 3960     		str	r1, [r7]
  60:.\Generated_Source\PSoC4/cyfitter_cfg.c **** 	(void)memset(s, 0, n);
  37              		.loc 1 60 0
  38 000a 7A68     		ldr	r2, [r7, #4]
  39 000c 3B68     		ldr	r3, [r7]
  40 000e 101C     		mov	r0, r2
  41 0010 0021     		mov	r1, #0
  42 0012 1A1C     		mov	r2, r3
  43 0014 FFF7FEFF 		bl	memset
  61:.\Generated_Source\PSoC4/cyfitter_cfg.c **** }
  44              		.loc 1 61 0
  45 0018 BD46     		mov	sp, r7
  46 001a 02B0     		add	sp, sp, #8
  47              		@ sp needed
  48 001c 80BD     		pop	{r7, pc}
  49              		.cfi_endproc
  50              	.LFE0:
  51              		.size	CYMEMZERO, .-CYMEMZERO
  52 001e C046     		.section	.text.CYCONFIGCPY,"ax",%progbits
  53              		.align	2
ARM GAS  C:\Users\IEUser\AppData\Local\Temp\cc37hFBn.s 			page 3


  54              		.code	16
  55              		.thumb_func
  56              		.type	CYCONFIGCPY, %function
  57              	CYCONFIGCPY:
  58              	.LFB1:
  62:.\Generated_Source\PSoC4/cyfitter_cfg.c **** CY_CFG_UNUSED
  63:.\Generated_Source\PSoC4/cyfitter_cfg.c **** static void CYCONFIGCPY(void *dest, const void *src, size_t n);
  64:.\Generated_Source\PSoC4/cyfitter_cfg.c **** CY_CFG_UNUSED
  65:.\Generated_Source\PSoC4/cyfitter_cfg.c **** static void CYCONFIGCPY(void *dest, const void *src, size_t n)
  66:.\Generated_Source\PSoC4/cyfitter_cfg.c **** {
  59              		.loc 1 66 0
  60              		.cfi_startproc
  61 0000 80B5     		push	{r7, lr}
  62              		.cfi_def_cfa_offset 8
  63              		.cfi_offset 7, -8
  64              		.cfi_offset 14, -4
  65 0002 84B0     		sub	sp, sp, #16
  66              		.cfi_def_cfa_offset 24
  67 0004 00AF     		add	r7, sp, #0
  68              		.cfi_def_cfa_register 7
  69 0006 F860     		str	r0, [r7, #12]
  70 0008 B960     		str	r1, [r7, #8]
  71 000a 7A60     		str	r2, [r7, #4]
  67:.\Generated_Source\PSoC4/cyfitter_cfg.c **** 	(void)memcpy(dest, src, n);
  72              		.loc 1 67 0
  73 000c F968     		ldr	r1, [r7, #12]
  74 000e BA68     		ldr	r2, [r7, #8]
  75 0010 7B68     		ldr	r3, [r7, #4]
  76 0012 081C     		mov	r0, r1
  77 0014 111C     		mov	r1, r2
  78 0016 1A1C     		mov	r2, r3
  79 0018 FFF7FEFF 		bl	memcpy
  68:.\Generated_Source\PSoC4/cyfitter_cfg.c **** }
  80              		.loc 1 68 0
  81 001c BD46     		mov	sp, r7
  82 001e 04B0     		add	sp, sp, #16
  83              		@ sp needed
  84 0020 80BD     		pop	{r7, pc}
  85              		.cfi_endproc
  86              	.LFE1:
  87              		.size	CYCONFIGCPY, .-CYCONFIGCPY
  88 0022 C046     		.section	.text.CYCONFIGCPYCODE,"ax",%progbits
  89              		.align	2
  90              		.code	16
  91              		.thumb_func
  92              		.type	CYCONFIGCPYCODE, %function
  93              	CYCONFIGCPYCODE:
  94              	.LFB2:
  69:.\Generated_Source\PSoC4/cyfitter_cfg.c **** CY_CFG_UNUSED
  70:.\Generated_Source\PSoC4/cyfitter_cfg.c **** static void CYCONFIGCPYCODE(void *dest, const void *src, size_t n);
  71:.\Generated_Source\PSoC4/cyfitter_cfg.c **** CY_CFG_UNUSED
  72:.\Generated_Source\PSoC4/cyfitter_cfg.c **** static void CYCONFIGCPYCODE(void *dest, const void *src, size_t n)
  73:.\Generated_Source\PSoC4/cyfitter_cfg.c **** {
  95              		.loc 1 73 0
  96              		.cfi_startproc
  97 0000 80B5     		push	{r7, lr}
  98              		.cfi_def_cfa_offset 8
ARM GAS  C:\Users\IEUser\AppData\Local\Temp\cc37hFBn.s 			page 4


  99              		.cfi_offset 7, -8
 100              		.cfi_offset 14, -4
 101 0002 84B0     		sub	sp, sp, #16
 102              		.cfi_def_cfa_offset 24
 103 0004 00AF     		add	r7, sp, #0
 104              		.cfi_def_cfa_register 7
 105 0006 F860     		str	r0, [r7, #12]
 106 0008 B960     		str	r1, [r7, #8]
 107 000a 7A60     		str	r2, [r7, #4]
  74:.\Generated_Source\PSoC4/cyfitter_cfg.c **** 	(void)memcpy(dest, src, n);
 108              		.loc 1 74 0
 109 000c F968     		ldr	r1, [r7, #12]
 110 000e BA68     		ldr	r2, [r7, #8]
 111 0010 7B68     		ldr	r3, [r7, #4]
 112 0012 081C     		mov	r0, r1
 113 0014 111C     		mov	r1, r2
 114 0016 1A1C     		mov	r2, r3
 115 0018 FFF7FEFF 		bl	memcpy
  75:.\Generated_Source\PSoC4/cyfitter_cfg.c **** }
 116              		.loc 1 75 0
 117 001c BD46     		mov	sp, r7
 118 001e 04B0     		add	sp, sp, #16
 119              		@ sp needed
 120 0020 80BD     		pop	{r7, pc}
 121              		.cfi_endproc
 122              	.LFE2:
 123              		.size	CYCONFIGCPYCODE, .-CYCONFIGCPYCODE
 124 0022 C046     		.section	.text.cfg_write_bytes32,"ax",%progbits
 125              		.align	2
 126              		.code	16
 127              		.thumb_func
 128              		.type	cfg_write_bytes32, %function
 129              	cfg_write_bytes32:
 130              	.LFB3:
  76:.\Generated_Source\PSoC4/cyfitter_cfg.c **** 
  77:.\Generated_Source\PSoC4/cyfitter_cfg.c **** 
  78:.\Generated_Source\PSoC4/cyfitter_cfg.c **** 
  79:.\Generated_Source\PSoC4/cyfitter_cfg.c **** /* Clock startup error codes                                                   */
  80:.\Generated_Source\PSoC4/cyfitter_cfg.c **** #define CYCLOCKSTART_NO_ERROR    0u
  81:.\Generated_Source\PSoC4/cyfitter_cfg.c **** #define CYCLOCKSTART_XTAL_ERROR  1u
  82:.\Generated_Source\PSoC4/cyfitter_cfg.c **** #define CYCLOCKSTART_32KHZ_ERROR 2u
  83:.\Generated_Source\PSoC4/cyfitter_cfg.c **** #define CYCLOCKSTART_PLL_ERROR   3u
  84:.\Generated_Source\PSoC4/cyfitter_cfg.c **** 
  85:.\Generated_Source\PSoC4/cyfitter_cfg.c **** #ifdef CY_NEED_CYCLOCKSTARTUPERROR
  86:.\Generated_Source\PSoC4/cyfitter_cfg.c **** /*******************************************************************************
  87:.\Generated_Source\PSoC4/cyfitter_cfg.c **** * Function Name: CyClockStartupError
  88:.\Generated_Source\PSoC4/cyfitter_cfg.c **** ********************************************************************************
  89:.\Generated_Source\PSoC4/cyfitter_cfg.c **** * Summary:
  90:.\Generated_Source\PSoC4/cyfitter_cfg.c **** *  If an error is encountered during clock configuration (crystal startup error,
  91:.\Generated_Source\PSoC4/cyfitter_cfg.c **** *  PLL lock error, etc.), the system will end up here.  Unless reimplemented by
  92:.\Generated_Source\PSoC4/cyfitter_cfg.c **** *  the customer, this function will stop in an infinite loop.
  93:.\Generated_Source\PSoC4/cyfitter_cfg.c **** *
  94:.\Generated_Source\PSoC4/cyfitter_cfg.c **** * Parameters:
  95:.\Generated_Source\PSoC4/cyfitter_cfg.c **** *   void
  96:.\Generated_Source\PSoC4/cyfitter_cfg.c **** *
  97:.\Generated_Source\PSoC4/cyfitter_cfg.c **** * Return:
  98:.\Generated_Source\PSoC4/cyfitter_cfg.c **** *   void
ARM GAS  C:\Users\IEUser\AppData\Local\Temp\cc37hFBn.s 			page 5


  99:.\Generated_Source\PSoC4/cyfitter_cfg.c **** *
 100:.\Generated_Source\PSoC4/cyfitter_cfg.c **** *******************************************************************************/
 101:.\Generated_Source\PSoC4/cyfitter_cfg.c **** CY_CFG_UNUSED
 102:.\Generated_Source\PSoC4/cyfitter_cfg.c **** static void CyClockStartupError(uint8 errorCode);
 103:.\Generated_Source\PSoC4/cyfitter_cfg.c **** CY_CFG_UNUSED
 104:.\Generated_Source\PSoC4/cyfitter_cfg.c **** static void CyClockStartupError(uint8 errorCode)
 105:.\Generated_Source\PSoC4/cyfitter_cfg.c **** {
 106:.\Generated_Source\PSoC4/cyfitter_cfg.c ****     /* To remove the compiler warning if errorCode not used.                */
 107:.\Generated_Source\PSoC4/cyfitter_cfg.c ****     errorCode = errorCode;
 108:.\Generated_Source\PSoC4/cyfitter_cfg.c **** 
 109:.\Generated_Source\PSoC4/cyfitter_cfg.c ****     /* `#START CyClockStartupError` */
 110:.\Generated_Source\PSoC4/cyfitter_cfg.c **** 
 111:.\Generated_Source\PSoC4/cyfitter_cfg.c ****     /* If we have a clock startup error (bad MHz crystal, PLL lock, etc.),  */
 112:.\Generated_Source\PSoC4/cyfitter_cfg.c ****     /* we will end up here to allow the customer to implement something to  */
 113:.\Generated_Source\PSoC4/cyfitter_cfg.c ****     /* deal with the clock condition.                                       */
 114:.\Generated_Source\PSoC4/cyfitter_cfg.c **** 
 115:.\Generated_Source\PSoC4/cyfitter_cfg.c ****     /* `#END` */
 116:.\Generated_Source\PSoC4/cyfitter_cfg.c **** 
 117:.\Generated_Source\PSoC4/cyfitter_cfg.c ****     /* If nothing else, stop here since the clocks have not started         */
 118:.\Generated_Source\PSoC4/cyfitter_cfg.c ****     /* correctly.                                                           */
 119:.\Generated_Source\PSoC4/cyfitter_cfg.c ****     while(1) {}
 120:.\Generated_Source\PSoC4/cyfitter_cfg.c **** }
 121:.\Generated_Source\PSoC4/cyfitter_cfg.c **** #endif
 122:.\Generated_Source\PSoC4/cyfitter_cfg.c **** 
 123:.\Generated_Source\PSoC4/cyfitter_cfg.c **** #define CY_CFG_BASE_ADDR_COUNT 4u
 124:.\Generated_Source\PSoC4/cyfitter_cfg.c **** CYPACKED typedef struct
 125:.\Generated_Source\PSoC4/cyfitter_cfg.c **** {
 126:.\Generated_Source\PSoC4/cyfitter_cfg.c **** 	uint8 offset;
 127:.\Generated_Source\PSoC4/cyfitter_cfg.c **** 	uint8 value;
 128:.\Generated_Source\PSoC4/cyfitter_cfg.c **** } CYPACKED_ATTR cy_cfg_addrvalue_t;
 129:.\Generated_Source\PSoC4/cyfitter_cfg.c **** 
 130:.\Generated_Source\PSoC4/cyfitter_cfg.c **** 
 131:.\Generated_Source\PSoC4/cyfitter_cfg.c **** 
 132:.\Generated_Source\PSoC4/cyfitter_cfg.c **** /*******************************************************************************
 133:.\Generated_Source\PSoC4/cyfitter_cfg.c **** * Function Name: cfg_write_bytes32
 134:.\Generated_Source\PSoC4/cyfitter_cfg.c **** ********************************************************************************
 135:.\Generated_Source\PSoC4/cyfitter_cfg.c **** * Summary:
 136:.\Generated_Source\PSoC4/cyfitter_cfg.c **** *  This function is used for setting up the chip configuration areas that
 137:.\Generated_Source\PSoC4/cyfitter_cfg.c **** *  contain relatively sparse data.
 138:.\Generated_Source\PSoC4/cyfitter_cfg.c **** *
 139:.\Generated_Source\PSoC4/cyfitter_cfg.c **** * Parameters:
 140:.\Generated_Source\PSoC4/cyfitter_cfg.c **** *   void
 141:.\Generated_Source\PSoC4/cyfitter_cfg.c **** *
 142:.\Generated_Source\PSoC4/cyfitter_cfg.c **** * Return:
 143:.\Generated_Source\PSoC4/cyfitter_cfg.c **** *   void
 144:.\Generated_Source\PSoC4/cyfitter_cfg.c **** *
 145:.\Generated_Source\PSoC4/cyfitter_cfg.c **** *******************************************************************************/
 146:.\Generated_Source\PSoC4/cyfitter_cfg.c **** static void cfg_write_bytes32(const uint32 addr_table[], const cy_cfg_addrvalue_t data_table[]);
 147:.\Generated_Source\PSoC4/cyfitter_cfg.c **** static void cfg_write_bytes32(const uint32 addr_table[], const cy_cfg_addrvalue_t data_table[])
 148:.\Generated_Source\PSoC4/cyfitter_cfg.c **** {
 131              		.loc 1 148 0
 132              		.cfi_startproc
 133 0000 80B5     		push	{r7, lr}
 134              		.cfi_def_cfa_offset 8
 135              		.cfi_offset 7, -8
 136              		.cfi_offset 14, -4
 137 0002 86B0     		sub	sp, sp, #24
ARM GAS  C:\Users\IEUser\AppData\Local\Temp\cc37hFBn.s 			page 6


 138              		.cfi_def_cfa_offset 32
 139 0004 00AF     		add	r7, sp, #0
 140              		.cfi_def_cfa_register 7
 141 0006 7860     		str	r0, [r7, #4]
 142 0008 3960     		str	r1, [r7]
 149:.\Generated_Source\PSoC4/cyfitter_cfg.c **** 	/* For 32-bit little-endian architectures */
 150:.\Generated_Source\PSoC4/cyfitter_cfg.c **** 	uint32 i, j = 0u;
 143              		.loc 1 150 0
 144 000a 0023     		mov	r3, #0
 145 000c 3B61     		str	r3, [r7, #16]
 151:.\Generated_Source\PSoC4/cyfitter_cfg.c **** 	for (i = 0u; i < CY_CFG_BASE_ADDR_COUNT; i++)
 146              		.loc 1 151 0
 147 000e 0023     		mov	r3, #0
 148 0010 7B61     		str	r3, [r7, #20]
 149 0012 2EE0     		b	.L5
 150              	.L8:
 151              	.LBB2:
 152:.\Generated_Source\PSoC4/cyfitter_cfg.c **** 	{
 153:.\Generated_Source\PSoC4/cyfitter_cfg.c **** 		uint32 baseAddr = addr_table[i];
 152              		.loc 1 153 0
 153 0014 7B69     		ldr	r3, [r7, #20]
 154 0016 9B00     		lsl	r3, r3, #2
 155 0018 7A68     		ldr	r2, [r7, #4]
 156 001a D318     		add	r3, r2, r3
 157 001c 1B68     		ldr	r3, [r3]
 158 001e BB60     		str	r3, [r7, #8]
 154:.\Generated_Source\PSoC4/cyfitter_cfg.c **** 		uint8 count = (uint8)baseAddr;
 159              		.loc 1 154 0
 160 0020 3B1C     		mov	r3, r7
 161 0022 0F33     		add	r3, r3, #15
 162 0024 BA68     		ldr	r2, [r7, #8]
 163 0026 1A70     		strb	r2, [r3]
 155:.\Generated_Source\PSoC4/cyfitter_cfg.c **** 		baseAddr &= 0xFFFFFF00u;
 164              		.loc 1 155 0
 165 0028 BB68     		ldr	r3, [r7, #8]
 166 002a FF22     		mov	r2, #255
 167 002c 9343     		bic	r3, r2
 168 002e BB60     		str	r3, [r7, #8]
 156:.\Generated_Source\PSoC4/cyfitter_cfg.c **** 		while (count != 0u)
 169              		.loc 1 156 0
 170 0030 17E0     		b	.L6
 171              	.L7:
 157:.\Generated_Source\PSoC4/cyfitter_cfg.c **** 		{
 158:.\Generated_Source\PSoC4/cyfitter_cfg.c **** 			CY_SET_XTND_REG8((void CYFAR *)(baseAddr + data_table[j].offset), data_table[j].value);
 172              		.loc 1 158 0
 173 0032 3B69     		ldr	r3, [r7, #16]
 174 0034 5B00     		lsl	r3, r3, #1
 175 0036 3A68     		ldr	r2, [r7]
 176 0038 D318     		add	r3, r2, r3
 177 003a 1B78     		ldrb	r3, [r3]
 178 003c 1A1C     		mov	r2, r3
 179 003e BB68     		ldr	r3, [r7, #8]
 180 0040 D318     		add	r3, r2, r3
 181 0042 3A69     		ldr	r2, [r7, #16]
 182 0044 5200     		lsl	r2, r2, #1
 183 0046 3968     		ldr	r1, [r7]
 184 0048 8A18     		add	r2, r1, r2
ARM GAS  C:\Users\IEUser\AppData\Local\Temp\cc37hFBn.s 			page 7


 185 004a 5278     		ldrb	r2, [r2, #1]
 186 004c 1A70     		strb	r2, [r3]
 159:.\Generated_Source\PSoC4/cyfitter_cfg.c **** 			j++;
 187              		.loc 1 159 0
 188 004e 3B69     		ldr	r3, [r7, #16]
 189 0050 0133     		add	r3, r3, #1
 190 0052 3B61     		str	r3, [r7, #16]
 160:.\Generated_Source\PSoC4/cyfitter_cfg.c **** 			count--;
 191              		.loc 1 160 0
 192 0054 3B1C     		mov	r3, r7
 193 0056 0F33     		add	r3, r3, #15
 194 0058 1A78     		ldrb	r2, [r3]
 195 005a 3B1C     		mov	r3, r7
 196 005c 0F33     		add	r3, r3, #15
 197 005e 013A     		sub	r2, r2, #1
 198 0060 1A70     		strb	r2, [r3]
 199              	.L6:
 156:.\Generated_Source\PSoC4/cyfitter_cfg.c **** 		while (count != 0u)
 200              		.loc 1 156 0 discriminator 1
 201 0062 3B1C     		mov	r3, r7
 202 0064 0F33     		add	r3, r3, #15
 203 0066 1B78     		ldrb	r3, [r3]
 204 0068 002B     		cmp	r3, #0
 205 006a E2D1     		bne	.L7
 206              	.LBE2:
 151:.\Generated_Source\PSoC4/cyfitter_cfg.c **** 	for (i = 0u; i < CY_CFG_BASE_ADDR_COUNT; i++)
 207              		.loc 1 151 0
 208 006c 7B69     		ldr	r3, [r7, #20]
 209 006e 0133     		add	r3, r3, #1
 210 0070 7B61     		str	r3, [r7, #20]
 211              	.L5:
 151:.\Generated_Source\PSoC4/cyfitter_cfg.c **** 	for (i = 0u; i < CY_CFG_BASE_ADDR_COUNT; i++)
 212              		.loc 1 151 0 is_stmt 0 discriminator 1
 213 0072 7B69     		ldr	r3, [r7, #20]
 214 0074 032B     		cmp	r3, #3
 215 0076 CDD9     		bls	.L8
 161:.\Generated_Source\PSoC4/cyfitter_cfg.c **** 		}
 162:.\Generated_Source\PSoC4/cyfitter_cfg.c **** 	}
 163:.\Generated_Source\PSoC4/cyfitter_cfg.c **** }
 216              		.loc 1 163 0 is_stmt 1
 217 0078 BD46     		mov	sp, r7
 218 007a 06B0     		add	sp, sp, #24
 219              		@ sp needed
 220 007c 80BD     		pop	{r7, pc}
 221              		.cfi_endproc
 222              	.LFE3:
 223              		.size	cfg_write_bytes32, .-cfg_write_bytes32
 224 007e C046     		.section	.psocinit,"ax",%progbits
 225              		.align	2
 226              		.code	16
 227              		.thumb_func
 228              		.type	ClockSetup, %function
 229              	ClockSetup:
 230              	.LFB4:
 164:.\Generated_Source\PSoC4/cyfitter_cfg.c **** 
 165:.\Generated_Source\PSoC4/cyfitter_cfg.c **** 
 166:.\Generated_Source\PSoC4/cyfitter_cfg.c **** /*******************************************************************************
ARM GAS  C:\Users\IEUser\AppData\Local\Temp\cc37hFBn.s 			page 8


 167:.\Generated_Source\PSoC4/cyfitter_cfg.c **** * Function Name: ClockSetup
 168:.\Generated_Source\PSoC4/cyfitter_cfg.c **** ********************************************************************************
 169:.\Generated_Source\PSoC4/cyfitter_cfg.c **** *
 170:.\Generated_Source\PSoC4/cyfitter_cfg.c **** * Summary:
 171:.\Generated_Source\PSoC4/cyfitter_cfg.c **** *   Performs the initialization of all of the clocks in the device based on the
 172:.\Generated_Source\PSoC4/cyfitter_cfg.c **** *   settings in the Clock tab of the DWR.  This includes enabling the requested
 173:.\Generated_Source\PSoC4/cyfitter_cfg.c **** *   clocks and setting the necessary dividers to produce the desired frequency. 
 174:.\Generated_Source\PSoC4/cyfitter_cfg.c **** *
 175:.\Generated_Source\PSoC4/cyfitter_cfg.c **** * Parameters:
 176:.\Generated_Source\PSoC4/cyfitter_cfg.c **** *   void
 177:.\Generated_Source\PSoC4/cyfitter_cfg.c **** *
 178:.\Generated_Source\PSoC4/cyfitter_cfg.c **** * Return:
 179:.\Generated_Source\PSoC4/cyfitter_cfg.c **** *   void
 180:.\Generated_Source\PSoC4/cyfitter_cfg.c **** *
 181:.\Generated_Source\PSoC4/cyfitter_cfg.c **** *******************************************************************************/
 182:.\Generated_Source\PSoC4/cyfitter_cfg.c **** static void ClockSetup(void);
 183:.\Generated_Source\PSoC4/cyfitter_cfg.c **** CY_CFG_SECTION
 184:.\Generated_Source\PSoC4/cyfitter_cfg.c **** static void ClockSetup(void)
 185:.\Generated_Source\PSoC4/cyfitter_cfg.c **** {
 231              		.loc 1 185 0
 232              		.cfi_startproc
 233 0000 80B5     		push	{r7, lr}
 234              		.cfi_def_cfa_offset 8
 235              		.cfi_offset 7, -8
 236              		.cfi_offset 14, -4
 237 0002 00AF     		add	r7, sp, #0
 238              		.cfi_def_cfa_register 7
 186:.\Generated_Source\PSoC4/cyfitter_cfg.c **** 	/* Enable HALF_EN before trimming for the flash accelerator. */
 187:.\Generated_Source\PSoC4/cyfitter_cfg.c **** 	CY_SET_REG32((void CYXDATA *)(CYREG_CLK_SELECT), (CY_GET_REG32((void *)CYREG_CLK_SELECT) | 0x00040
 239              		.loc 1 187 0
 240 0004 104B     		ldr	r3, .L10
 241 0006 104A     		ldr	r2, .L10
 242 0008 1268     		ldr	r2, [r2]
 243 000a 8021     		mov	r1, #128
 244 000c C902     		lsl	r1, r1, #11
 245 000e 0A43     		orr	r2, r1
 246 0010 1A60     		str	r2, [r3]
 188:.\Generated_Source\PSoC4/cyfitter_cfg.c **** 
 189:.\Generated_Source\PSoC4/cyfitter_cfg.c **** 	/* Setup and trim IMO based on desired frequency. */
 190:.\Generated_Source\PSoC4/cyfitter_cfg.c **** 	CySysClkWriteImoFreq(24u);
 247              		.loc 1 190 0
 248 0012 1820     		mov	r0, #24
 249 0014 FFF7FEFF 		bl	CySysClkWriteImoFreq
 191:.\Generated_Source\PSoC4/cyfitter_cfg.c **** 
 192:.\Generated_Source\PSoC4/cyfitter_cfg.c **** 	/* Disable HALF_EN since it is not required at this IMO frequency. */
 193:.\Generated_Source\PSoC4/cyfitter_cfg.c **** 	CY_SET_REG32((void CYXDATA *)(CYREG_CLK_SELECT), (CY_GET_REG32((void *)CYREG_CLK_SELECT) & 0xFFFBF
 250              		.loc 1 193 0
 251 0018 0B4B     		ldr	r3, .L10
 252 001a 0B4A     		ldr	r2, .L10
 253 001c 1168     		ldr	r1, [r2]
 254 001e 0B4A     		ldr	r2, .L10+4
 255 0020 0A40     		and	r2, r1
 256 0022 1A60     		str	r2, [r3]
 194:.\Generated_Source\PSoC4/cyfitter_cfg.c **** 	/* CYDEV_CLK_ILO_CONFIG Starting address: CYDEV_CLK_ILO_CONFIG */
 195:.\Generated_Source\PSoC4/cyfitter_cfg.c **** 	CY_SET_XTND_REG32((void CYFAR *)(CYREG_CLK_ILO_CONFIG), 0x80000006u);
 257              		.loc 1 195 0
 258 0024 0A4B     		ldr	r3, .L10+8
ARM GAS  C:\Users\IEUser\AppData\Local\Temp\cc37hFBn.s 			page 9


 259 0026 0B4A     		ldr	r2, .L10+12
 260 0028 1A60     		str	r2, [r3]
 196:.\Generated_Source\PSoC4/cyfitter_cfg.c **** 
 197:.\Generated_Source\PSoC4/cyfitter_cfg.c **** 
 198:.\Generated_Source\PSoC4/cyfitter_cfg.c **** 	/* CYDEV_CLK_SELECT00 Starting address: CYDEV_CLK_SELECT00 */
 199:.\Generated_Source\PSoC4/cyfitter_cfg.c **** 	CY_SET_XTND_REG32((void CYFAR *)(CYREG_CLK_SELECT08), 0x00000010u);
 261              		.loc 1 199 0
 262 002a 0B4B     		ldr	r3, .L10+16
 263 002c 1022     		mov	r2, #16
 264 002e 1A60     		str	r2, [r3]
 200:.\Generated_Source\PSoC4/cyfitter_cfg.c **** 
 201:.\Generated_Source\PSoC4/cyfitter_cfg.c **** 	/* CYDEV_CLK_IMO_CONFIG Starting address: CYDEV_CLK_IMO_CONFIG */
 202:.\Generated_Source\PSoC4/cyfitter_cfg.c **** 	CY_SET_XTND_REG32((void CYFAR *)(CYREG_CLK_IMO_CONFIG), 0x80000000u);
 265              		.loc 1 202 0
 266 0030 0A4B     		ldr	r3, .L10+20
 267 0032 8022     		mov	r2, #128
 268 0034 1206     		lsl	r2, r2, #24
 269 0036 1A60     		str	r2, [r3]
 203:.\Generated_Source\PSoC4/cyfitter_cfg.c **** 
 204:.\Generated_Source\PSoC4/cyfitter_cfg.c **** 	/* CYDEV_CLK_DIVIDER_A00 Starting address: CYDEV_CLK_DIVIDER_A00 */
 205:.\Generated_Source\PSoC4/cyfitter_cfg.c **** 	CY_SET_XTND_REG32((void CYFAR *)(CYREG_CLK_DIVIDER_A00), 0x8000000Bu);
 270              		.loc 1 205 0
 271 0038 094B     		ldr	r3, .L10+24
 272 003a 0A4A     		ldr	r2, .L10+28
 273 003c 1A60     		str	r2, [r3]
 206:.\Generated_Source\PSoC4/cyfitter_cfg.c **** 
 207:.\Generated_Source\PSoC4/cyfitter_cfg.c **** 	CY_SET_XTND_REG32((void CYFAR *)(CYREG_WDT_CONFIG), 0x00000000u);
 274              		.loc 1 207 0
 275 003e 0A4B     		ldr	r3, .L10+32
 276 0040 0022     		mov	r2, #0
 277 0042 1A60     		str	r2, [r3]
 208:.\Generated_Source\PSoC4/cyfitter_cfg.c **** }
 278              		.loc 1 208 0
 279 0044 BD46     		mov	sp, r7
 280              		@ sp needed
 281 0046 80BD     		pop	{r7, pc}
 282              	.L11:
 283              		.align	2
 284              	.L10:
 285 0048 00010B40 		.word	1074462976
 286 004c FFFFFBFF 		.word	-262145
 287 0050 04010B40 		.word	1074462980
 288 0054 06000080 		.word	-2147483642
 289 0058 20020240 		.word	1073873440
 290 005c 08010B40 		.word	1074462984
 291 0060 00000240 		.word	1073872896
 292 0064 0B000080 		.word	-2147483637
 293 0068 0C020B40 		.word	1074463244
 294              		.cfi_endproc
 295              	.LFE4:
 296              		.size	ClockSetup, .-ClockSetup
 297              		.section	.text.AnalogSetDefault,"ax",%progbits
 298              		.align	2
 299              		.code	16
 300              		.thumb_func
 301              		.type	AnalogSetDefault, %function
 302              	AnalogSetDefault:
ARM GAS  C:\Users\IEUser\AppData\Local\Temp\cc37hFBn.s 			page 10


 303              	.LFB5:
 209:.\Generated_Source\PSoC4/cyfitter_cfg.c **** 
 210:.\Generated_Source\PSoC4/cyfitter_cfg.c **** 
 211:.\Generated_Source\PSoC4/cyfitter_cfg.c **** /* Analog API Functions */
 212:.\Generated_Source\PSoC4/cyfitter_cfg.c **** 
 213:.\Generated_Source\PSoC4/cyfitter_cfg.c **** 
 214:.\Generated_Source\PSoC4/cyfitter_cfg.c **** /*******************************************************************************
 215:.\Generated_Source\PSoC4/cyfitter_cfg.c **** * Function Name: AnalogSetDefault
 216:.\Generated_Source\PSoC4/cyfitter_cfg.c **** ********************************************************************************
 217:.\Generated_Source\PSoC4/cyfitter_cfg.c **** *
 218:.\Generated_Source\PSoC4/cyfitter_cfg.c **** * Summary:
 219:.\Generated_Source\PSoC4/cyfitter_cfg.c **** *  Sets up the analog portions of the chip to default values based on chip
 220:.\Generated_Source\PSoC4/cyfitter_cfg.c **** *  configuration options from the project.
 221:.\Generated_Source\PSoC4/cyfitter_cfg.c **** *
 222:.\Generated_Source\PSoC4/cyfitter_cfg.c **** * Parameters:
 223:.\Generated_Source\PSoC4/cyfitter_cfg.c **** *  void
 224:.\Generated_Source\PSoC4/cyfitter_cfg.c **** *
 225:.\Generated_Source\PSoC4/cyfitter_cfg.c **** * Return:
 226:.\Generated_Source\PSoC4/cyfitter_cfg.c **** *  void
 227:.\Generated_Source\PSoC4/cyfitter_cfg.c **** *
 228:.\Generated_Source\PSoC4/cyfitter_cfg.c **** *******************************************************************************/
 229:.\Generated_Source\PSoC4/cyfitter_cfg.c **** static void AnalogSetDefault(void);
 230:.\Generated_Source\PSoC4/cyfitter_cfg.c **** static void AnalogSetDefault(void)
 231:.\Generated_Source\PSoC4/cyfitter_cfg.c **** {
 304              		.loc 1 231 0
 305              		.cfi_startproc
 306 0000 80B5     		push	{r7, lr}
 307              		.cfi_def_cfa_offset 8
 308              		.cfi_offset 7, -8
 309              		.cfi_offset 14, -4
 310 0002 00AF     		add	r7, sp, #0
 311              		.cfi_def_cfa_register 7
 232:.\Generated_Source\PSoC4/cyfitter_cfg.c **** }
 312              		.loc 1 232 0
 313 0004 BD46     		mov	sp, r7
 314              		@ sp needed
 315 0006 80BD     		pop	{r7, pc}
 316              		.cfi_endproc
 317              	.LFE5:
 318              		.size	AnalogSetDefault, .-AnalogSetDefault
 319              		.section	.psocinit
 320              		.align	2
 321              		.global	cyfitter_cfg
 322              		.code	16
 323              		.thumb_func
 324              		.type	cyfitter_cfg, %function
 325              	cyfitter_cfg:
 326              	.LFB6:
 233:.\Generated_Source\PSoC4/cyfitter_cfg.c **** 
 234:.\Generated_Source\PSoC4/cyfitter_cfg.c **** #define CY_AMUX_UNUSED CYREG_CM0_ROM_DWT
 235:.\Generated_Source\PSoC4/cyfitter_cfg.c **** 
 236:.\Generated_Source\PSoC4/cyfitter_cfg.c **** 
 237:.\Generated_Source\PSoC4/cyfitter_cfg.c **** /*******************************************************************************
 238:.\Generated_Source\PSoC4/cyfitter_cfg.c **** * Function Name: cyfitter_cfg
 239:.\Generated_Source\PSoC4/cyfitter_cfg.c **** ********************************************************************************
 240:.\Generated_Source\PSoC4/cyfitter_cfg.c **** * Summary:
 241:.\Generated_Source\PSoC4/cyfitter_cfg.c **** *  This function is called by the start-up code for the selected device. It
ARM GAS  C:\Users\IEUser\AppData\Local\Temp\cc37hFBn.s 			page 11


 242:.\Generated_Source\PSoC4/cyfitter_cfg.c **** *  performs all of the necessary device configuration based on the design
 243:.\Generated_Source\PSoC4/cyfitter_cfg.c **** *  settings.  This includes settings from the Design Wide Resources (DWR) such
 244:.\Generated_Source\PSoC4/cyfitter_cfg.c **** *  as Clocks and Pins as well as any component configuration that is necessary.
 245:.\Generated_Source\PSoC4/cyfitter_cfg.c **** *
 246:.\Generated_Source\PSoC4/cyfitter_cfg.c **** * Parameters:  
 247:.\Generated_Source\PSoC4/cyfitter_cfg.c **** *   void
 248:.\Generated_Source\PSoC4/cyfitter_cfg.c **** *
 249:.\Generated_Source\PSoC4/cyfitter_cfg.c **** * Return:
 250:.\Generated_Source\PSoC4/cyfitter_cfg.c **** *   void
 251:.\Generated_Source\PSoC4/cyfitter_cfg.c **** *
 252:.\Generated_Source\PSoC4/cyfitter_cfg.c **** *******************************************************************************/
 253:.\Generated_Source\PSoC4/cyfitter_cfg.c **** CY_CFG_SECTION
 254:.\Generated_Source\PSoC4/cyfitter_cfg.c **** void cyfitter_cfg(void)
 255:.\Generated_Source\PSoC4/cyfitter_cfg.c **** {
 327              		.loc 1 255 0
 328              		.cfi_startproc
 329 006c 80B5     		push	{r7, lr}
 330              		.cfi_def_cfa_offset 8
 331              		.cfi_offset 7, -8
 332              		.cfi_offset 14, -4
 333 006e 82B0     		sub	sp, sp, #8
 334              		.cfi_def_cfa_offset 16
 335 0070 00AF     		add	r7, sp, #0
 336              		.cfi_def_cfa_register 7
 256:.\Generated_Source\PSoC4/cyfitter_cfg.c **** 	/* Disable interrupts by default. Let user enable if/when they want. */
 257:.\Generated_Source\PSoC4/cyfitter_cfg.c **** 	CyGlobalIntDisable;
 337              		.loc 1 257 0
 338              	@ 257 ".\Generated_Source\PSoC4\cyfitter_cfg.c" 1
 339 0072 72B6     		CPSID   i
 340              	@ 0 "" 2
 341              		.code	16
 342              	.LBB3:
 258:.\Generated_Source\PSoC4/cyfitter_cfg.c **** 
 259:.\Generated_Source\PSoC4/cyfitter_cfg.c **** 	{
 260:.\Generated_Source\PSoC4/cyfitter_cfg.c **** 		static const uint32 CYCODE cy_cfg_addr_table[] = {
 261:.\Generated_Source\PSoC4/cyfitter_cfg.c **** 			0x400F3301u, /* Base address: 0x400F3300 Count: 1 */
 262:.\Generated_Source\PSoC4/cyfitter_cfg.c **** 			0x400F4002u, /* Base address: 0x400F4000 Count: 2 */
 263:.\Generated_Source\PSoC4/cyfitter_cfg.c **** 			0x400F4102u, /* Base address: 0x400F4100 Count: 2 */
 264:.\Generated_Source\PSoC4/cyfitter_cfg.c **** 			0x400F4304u, /* Base address: 0x400F4300 Count: 4 */
 265:.\Generated_Source\PSoC4/cyfitter_cfg.c **** 		};
 266:.\Generated_Source\PSoC4/cyfitter_cfg.c **** 
 267:.\Generated_Source\PSoC4/cyfitter_cfg.c **** 		static const cy_cfg_addrvalue_t CYCODE cy_cfg_data_table[] = {
 268:.\Generated_Source\PSoC4/cyfitter_cfg.c **** 			{0xE6u, 0x10u},
 269:.\Generated_Source\PSoC4/cyfitter_cfg.c **** 			{0x5Fu, 0x01u},
 270:.\Generated_Source\PSoC4/cyfitter_cfg.c **** 			{0xD6u, 0x80u},
 271:.\Generated_Source\PSoC4/cyfitter_cfg.c **** 			{0x8Fu, 0x01u},
 272:.\Generated_Source\PSoC4/cyfitter_cfg.c **** 			{0x97u, 0x01u},
 273:.\Generated_Source\PSoC4/cyfitter_cfg.c **** 			{0x18u, 0x80u},
 274:.\Generated_Source\PSoC4/cyfitter_cfg.c **** 			{0x8Cu, 0x40u},
 275:.\Generated_Source\PSoC4/cyfitter_cfg.c **** 			{0xC6u, 0x08u},
 276:.\Generated_Source\PSoC4/cyfitter_cfg.c **** 			{0xE6u, 0x08u},
 277:.\Generated_Source\PSoC4/cyfitter_cfg.c **** 		};
 278:.\Generated_Source\PSoC4/cyfitter_cfg.c **** 
 279:.\Generated_Source\PSoC4/cyfitter_cfg.c **** 
 280:.\Generated_Source\PSoC4/cyfitter_cfg.c **** 
 281:.\Generated_Source\PSoC4/cyfitter_cfg.c **** 		CYPACKED typedef struct {
 282:.\Generated_Source\PSoC4/cyfitter_cfg.c **** 			void CYFAR *address;
ARM GAS  C:\Users\IEUser\AppData\Local\Temp\cc37hFBn.s 			page 12


 283:.\Generated_Source\PSoC4/cyfitter_cfg.c **** 			uint16 size;
 284:.\Generated_Source\PSoC4/cyfitter_cfg.c **** 		} CYPACKED_ATTR cfg_memset_t;
 285:.\Generated_Source\PSoC4/cyfitter_cfg.c **** 
 286:.\Generated_Source\PSoC4/cyfitter_cfg.c **** 		static const cfg_memset_t CYCODE cfg_memset_list [] = {
 287:.\Generated_Source\PSoC4/cyfitter_cfg.c **** 			/* address, size */
 288:.\Generated_Source\PSoC4/cyfitter_cfg.c **** 			{(void CYFAR *)(CYDEV_UDB_P0_U0_BASE), 1024u},
 289:.\Generated_Source\PSoC4/cyfitter_cfg.c **** 			{(void CYFAR *)(CYDEV_UDB_DSI0_BASE), 1024u},
 290:.\Generated_Source\PSoC4/cyfitter_cfg.c **** 		};
 291:.\Generated_Source\PSoC4/cyfitter_cfg.c **** 
 292:.\Generated_Source\PSoC4/cyfitter_cfg.c **** 		uint8 CYDATA i;
 293:.\Generated_Source\PSoC4/cyfitter_cfg.c **** 
 294:.\Generated_Source\PSoC4/cyfitter_cfg.c **** 		/* Zero out critical memory blocks before beginning configuration */
 295:.\Generated_Source\PSoC4/cyfitter_cfg.c **** 		for (i = 0u; i < (sizeof(cfg_memset_list)/sizeof(cfg_memset_list[0])); i++)
 343              		.loc 1 295 0
 344 0074 FB1D     		add	r3, r7, #7
 345 0076 0022     		mov	r2, #0
 346 0078 1A70     		strb	r2, [r3]
 347 007a 23E0     		b	.L14
 348              	.L15:
 349              	.LBB4:
 296:.\Generated_Source\PSoC4/cyfitter_cfg.c **** 		{
 297:.\Generated_Source\PSoC4/cyfitter_cfg.c **** 			const cfg_memset_t CYCODE * CYDATA ms = &cfg_memset_list[i];
 350              		.loc 1 297 0 discriminator 2
 351 007c FB1D     		add	r3, r7, #7
 352 007e 1A78     		ldrb	r2, [r3]
 353 0080 131C     		mov	r3, r2
 354 0082 5B00     		lsl	r3, r3, #1
 355 0084 9B18     		add	r3, r3, r2
 356 0086 5B00     		lsl	r3, r3, #1
 357 0088 344A     		ldr	r2, .L16
 358 008a 9B18     		add	r3, r3, r2
 359 008c 3B60     		str	r3, [r7]
 298:.\Generated_Source\PSoC4/cyfitter_cfg.c **** 			CYMEMZERO(ms->address, (size_t)(uint32)(ms->size));
 360              		.loc 1 298 0 discriminator 2
 361 008e 3B68     		ldr	r3, [r7]
 362 0090 1A78     		ldrb	r2, [r3]
 363 0092 5978     		ldrb	r1, [r3, #1]
 364 0094 0902     		lsl	r1, r1, #8
 365 0096 0A43     		orr	r2, r1
 366 0098 9978     		ldrb	r1, [r3, #2]
 367 009a 0904     		lsl	r1, r1, #16
 368 009c 0A43     		orr	r2, r1
 369 009e DB78     		ldrb	r3, [r3, #3]
 370 00a0 1B06     		lsl	r3, r3, #24
 371 00a2 1343     		orr	r3, r2
 372 00a4 1A1C     		mov	r2, r3
 373 00a6 3B68     		ldr	r3, [r7]
 374 00a8 1979     		ldrb	r1, [r3, #4]
 375 00aa 5B79     		ldrb	r3, [r3, #5]
 376 00ac 1B02     		lsl	r3, r3, #8
 377 00ae 0B43     		orr	r3, r1
 378 00b0 9BB2     		uxth	r3, r3
 379 00b2 101C     		mov	r0, r2
 380 00b4 191C     		mov	r1, r3
 381 00b6 FFF7FEFF 		bl	CYMEMZERO
 382              	.LBE4:
 295:.\Generated_Source\PSoC4/cyfitter_cfg.c **** 		for (i = 0u; i < (sizeof(cfg_memset_list)/sizeof(cfg_memset_list[0])); i++)
ARM GAS  C:\Users\IEUser\AppData\Local\Temp\cc37hFBn.s 			page 13


 383              		.loc 1 295 0 discriminator 2
 384 00ba FB1D     		add	r3, r7, #7
 385 00bc 1A78     		ldrb	r2, [r3]
 386 00be FB1D     		add	r3, r7, #7
 387 00c0 0132     		add	r2, r2, #1
 388 00c2 1A70     		strb	r2, [r3]
 389              	.L14:
 295:.\Generated_Source\PSoC4/cyfitter_cfg.c **** 		for (i = 0u; i < (sizeof(cfg_memset_list)/sizeof(cfg_memset_list[0])); i++)
 390              		.loc 1 295 0 is_stmt 0 discriminator 1
 391 00c4 FB1D     		add	r3, r7, #7
 392 00c6 1B78     		ldrb	r3, [r3]
 393 00c8 012B     		cmp	r3, #1
 394 00ca D7D9     		bls	.L15
 299:.\Generated_Source\PSoC4/cyfitter_cfg.c **** 		}
 300:.\Generated_Source\PSoC4/cyfitter_cfg.c **** 
 301:.\Generated_Source\PSoC4/cyfitter_cfg.c **** 		cfg_write_bytes32(cy_cfg_addr_table, cy_cfg_data_table);
 395              		.loc 1 301 0 is_stmt 1
 396 00cc 244A     		ldr	r2, .L16+4
 397 00ce 254B     		ldr	r3, .L16+8
 398 00d0 101C     		mov	r0, r2
 399 00d2 191C     		mov	r1, r3
 400 00d4 FFF7FEFF 		bl	cfg_write_bytes32
 302:.\Generated_Source\PSoC4/cyfitter_cfg.c **** 
 303:.\Generated_Source\PSoC4/cyfitter_cfg.c **** 		/* HSIOM Starting address: CYDEV_HSIOM_BASE */
 304:.\Generated_Source\PSoC4/cyfitter_cfg.c **** 		CY_SET_XTND_REG32((void CYFAR *)(CYDEV_HSIOM_BASE), 0x00030000u);
 401              		.loc 1 304 0
 402 00d8 234B     		ldr	r3, .L16+12
 403 00da C022     		mov	r2, #192
 404 00dc 9202     		lsl	r2, r2, #10
 405 00de 1A60     		str	r2, [r3]
 305:.\Generated_Source\PSoC4/cyfitter_cfg.c **** 		CY_SET_XTND_REG32((void CYFAR *)(CYREG_HSIOM_PORT_SEL3), 0x0000EE00u);
 406              		.loc 1 305 0
 407 00e0 224B     		ldr	r3, .L16+16
 408 00e2 EE22     		mov	r2, #238
 409 00e4 1202     		lsl	r2, r2, #8
 410 00e6 1A60     		str	r2, [r3]
 306:.\Generated_Source\PSoC4/cyfitter_cfg.c **** 
 307:.\Generated_Source\PSoC4/cyfitter_cfg.c **** 		/* UDB_PA_0 Starting address: CYDEV_UDB_PA0_BASE */
 308:.\Generated_Source\PSoC4/cyfitter_cfg.c **** 		CY_SET_XTND_REG32((void CYFAR *)(CYDEV_UDB_PA0_BASE), 0x00990000u);
 411              		.loc 1 308 0
 412 00e8 214B     		ldr	r3, .L16+20
 413 00ea 9922     		mov	r2, #153
 414 00ec 1204     		lsl	r2, r2, #16
 415 00ee 1A60     		str	r2, [r3]
 309:.\Generated_Source\PSoC4/cyfitter_cfg.c **** 		CY_SET_XTND_REG32((void CYFAR *)(CYREG_UDB_PA0_CFG8), 0x01000000u);
 416              		.loc 1 309 0
 417 00f0 204B     		ldr	r3, .L16+24
 418 00f2 8022     		mov	r2, #128
 419 00f4 5204     		lsl	r2, r2, #17
 420 00f6 1A60     		str	r2, [r3]
 310:.\Generated_Source\PSoC4/cyfitter_cfg.c **** 
 311:.\Generated_Source\PSoC4/cyfitter_cfg.c **** 		/* UDB_PA_3 Starting address: CYDEV_UDB_PA3_BASE */
 312:.\Generated_Source\PSoC4/cyfitter_cfg.c **** 		CY_SET_XTND_REG32((void CYFAR *)(CYDEV_UDB_PA3_BASE), 0x00990000u);
 421              		.loc 1 312 0
 422 00f8 1F4B     		ldr	r3, .L16+28
 423 00fa 9922     		mov	r2, #153
 424 00fc 1204     		lsl	r2, r2, #16
ARM GAS  C:\Users\IEUser\AppData\Local\Temp\cc37hFBn.s 			page 14


 425 00fe 1A60     		str	r2, [r3]
 313:.\Generated_Source\PSoC4/cyfitter_cfg.c **** 
 314:.\Generated_Source\PSoC4/cyfitter_cfg.c **** 		/* Enable digital routing */
 315:.\Generated_Source\PSoC4/cyfitter_cfg.c **** 		CY_SET_XTND_REG8((void *)CYREG_UDB_UDBIF_BANK_CTL, CY_GET_XTND_REG8((void *)CYREG_UDB_UDBIF_BANK_
 426              		.loc 1 315 0
 427 0100 1E4B     		ldr	r3, .L16+32
 428 0102 1E4A     		ldr	r2, .L16+32
 429 0104 1278     		ldrb	r2, [r2]
 430 0106 D2B2     		uxtb	r2, r2
 431 0108 0221     		mov	r1, #2
 432 010a 0A43     		orr	r2, r1
 433 010c D2B2     		uxtb	r2, r2
 434 010e 1A70     		strb	r2, [r3]
 316:.\Generated_Source\PSoC4/cyfitter_cfg.c **** 
 317:.\Generated_Source\PSoC4/cyfitter_cfg.c **** 		/* Enable UDB array */
 318:.\Generated_Source\PSoC4/cyfitter_cfg.c **** 		CY_SET_XTND_REG8((void *)CYREG_UDB_UDBIF_WAIT_CFG, (uint8)((CY_GET_XTND_REG8((void *)CYREG_UDB_UD
 435              		.loc 1 318 0
 436 0110 1B4B     		ldr	r3, .L16+36
 437 0112 1B4A     		ldr	r2, .L16+36
 438 0114 1278     		ldrb	r2, [r2]
 439 0116 D2B2     		uxtb	r2, r2
 440 0118 3C21     		mov	r1, #60
 441 011a 8A43     		bic	r2, r1
 442 011c D2B2     		uxtb	r2, r2
 443 011e 1421     		mov	r1, #20
 444 0120 0A43     		orr	r2, r1
 445 0122 D2B2     		uxtb	r2, r2
 446 0124 1A70     		strb	r2, [r3]
 319:.\Generated_Source\PSoC4/cyfitter_cfg.c **** 		CY_SET_XTND_REG8((void *)CYREG_UDB_UDBIF_BANK_CTL, (uint8)(CY_GET_XTND_REG8((void *)CYREG_UDB_UDB
 447              		.loc 1 319 0
 448 0126 154B     		ldr	r3, .L16+32
 449 0128 144A     		ldr	r2, .L16+32
 450 012a 1278     		ldrb	r2, [r2]
 451 012c D2B2     		uxtb	r2, r2
 452 012e 1621     		mov	r1, #22
 453 0130 0A43     		orr	r2, r1
 454 0132 D2B2     		uxtb	r2, r2
 455 0134 1A70     		strb	r2, [r3]
 456              	.LBE3:
 320:.\Generated_Source\PSoC4/cyfitter_cfg.c **** 	}
 321:.\Generated_Source\PSoC4/cyfitter_cfg.c **** 
 322:.\Generated_Source\PSoC4/cyfitter_cfg.c **** 	/* Perform second pass device configuration. These items must be configured in specific order afte
 323:.\Generated_Source\PSoC4/cyfitter_cfg.c **** 	/* IOPINS0_0 Starting address: CYDEV_PRT0_DR */
 324:.\Generated_Source\PSoC4/cyfitter_cfg.c **** 	CY_SET_XTND_REG32((void CYFAR *)(CYREG_PRT0_DR), 0x00000010u);
 457              		.loc 1 324 0
 458 0136 134B     		ldr	r3, .L16+40
 459 0138 1022     		mov	r2, #16
 460 013a 1A60     		str	r2, [r3]
 325:.\Generated_Source\PSoC4/cyfitter_cfg.c **** 	CY_SET_XTND_REG32((void CYFAR *)(CYREG_PRT0_PC), 0x00006000u);
 461              		.loc 1 325 0
 462 013c 124B     		ldr	r3, .L16+44
 463 013e C022     		mov	r2, #192
 464 0140 D201     		lsl	r2, r2, #7
 465 0142 1A60     		str	r2, [r3]
 326:.\Generated_Source\PSoC4/cyfitter_cfg.c **** 
 327:.\Generated_Source\PSoC4/cyfitter_cfg.c **** 	/* IOPINS0_3 Starting address: CYDEV_PRT3_DR */
 328:.\Generated_Source\PSoC4/cyfitter_cfg.c **** 	CY_SET_XTND_REG32((void CYFAR *)(CYREG_PRT3_PC), 0x00000D80u);
ARM GAS  C:\Users\IEUser\AppData\Local\Temp\cc37hFBn.s 			page 15


 466              		.loc 1 328 0
 467 0144 114B     		ldr	r3, .L16+48
 468 0146 D822     		mov	r2, #216
 469 0148 1201     		lsl	r2, r2, #4
 470 014a 1A60     		str	r2, [r3]
 329:.\Generated_Source\PSoC4/cyfitter_cfg.c **** 
 330:.\Generated_Source\PSoC4/cyfitter_cfg.c **** 	/* Setup clocks based on selections from Clock DWR */
 331:.\Generated_Source\PSoC4/cyfitter_cfg.c **** 	ClockSetup();
 471              		.loc 1 331 0
 472 014c FFF758FF 		bl	ClockSetup
 332:.\Generated_Source\PSoC4/cyfitter_cfg.c **** 
 333:.\Generated_Source\PSoC4/cyfitter_cfg.c **** 	/* Perform basic analog initialization to defaults */
 334:.\Generated_Source\PSoC4/cyfitter_cfg.c **** 	AnalogSetDefault();
 473              		.loc 1 334 0
 474 0150 FFF7FEFF 		bl	AnalogSetDefault
 335:.\Generated_Source\PSoC4/cyfitter_cfg.c **** 
 336:.\Generated_Source\PSoC4/cyfitter_cfg.c **** }
 475              		.loc 1 336 0
 476 0154 BD46     		mov	sp, r7
 477 0156 02B0     		add	sp, sp, #8
 478              		@ sp needed
 479 0158 80BD     		pop	{r7, pc}
 480              	.L17:
 481 015a C046     		.align	2
 482              	.L16:
 483 015c 00000000 		.word	cfg_memset_list.4678
 484 0160 0C000000 		.word	cy_cfg_addr_table.4672
 485 0164 1C000000 		.word	cy_cfg_data_table.4673
 486 0168 00000140 		.word	1073807360
 487 016c 0C000140 		.word	1073807372
 488 0170 00500F40 		.word	1074745344
 489 0174 08500F40 		.word	1074745352
 490 0178 30500F40 		.word	1074745392
 491 017c 00700F40 		.word	1074753536
 492 0180 01700F40 		.word	1074753537
 493 0184 00000440 		.word	1074003968
 494 0188 08000440 		.word	1074003976
 495 018c 08030440 		.word	1074004744
 496              		.cfi_endproc
 497              	.LFE6:
 498              		.size	cyfitter_cfg, .-cyfitter_cfg
 499              		.section	.rodata
 500              		.align	2
 501              		.type	cfg_memset_list.4678, %object
 502              		.size	cfg_memset_list.4678, 12
 503              	cfg_memset_list.4678:
 504 0000 00300F40 		.word	1074737152
 505 0004 0004     		.short	1024
 506 0006 00400F40 		.4byte	1074741248
 507 000a 0004     		.short	1024
 508              		.align	2
 509              		.type	cy_cfg_addr_table.4672, %object
 510              		.size	cy_cfg_addr_table.4672, 16
 511              	cy_cfg_addr_table.4672:
 512 000c 01330F40 		.word	1074737921
 513 0010 02400F40 		.word	1074741250
 514 0014 02410F40 		.word	1074741506
ARM GAS  C:\Users\IEUser\AppData\Local\Temp\cc37hFBn.s 			page 16


 515 0018 04430F40 		.word	1074742020
 516              		.align	2
 517              		.type	cy_cfg_data_table.4673, %object
 518              		.size	cy_cfg_data_table.4673, 18
 519              	cy_cfg_data_table.4673:
 520 001c E6       		.byte	-26
 521 001d 10       		.byte	16
 522 001e 5F       		.byte	95
 523 001f 01       		.byte	1
 524 0020 D6       		.byte	-42
 525 0021 80       		.byte	-128
 526 0022 8F       		.byte	-113
 527 0023 01       		.byte	1
 528 0024 97       		.byte	-105
 529 0025 01       		.byte	1
 530 0026 18       		.byte	24
 531 0027 80       		.byte	-128
 532 0028 8C       		.byte	-116
 533 0029 40       		.byte	64
 534 002a C6       		.byte	-58
 535 002b 08       		.byte	8
 536 002c E6       		.byte	-26
 537 002d 08       		.byte	8
 538 002e 0000     		.text
 539              	.Letext0:
 540              		.file 2 "c:\\program files\\cypress\\psoc creator\\3.2\\psoc creator\\import\\gnu\\arm\\4.8.4\\lib
 541              		.file 3 ".\\Generated_Source\\PSoC4\\cytypes.h"
 542              		.section	.debug_info,"",%progbits
 543              	.Ldebug_info0:
 544 0000 4C030000 		.4byte	0x34c
 545 0004 0400     		.2byte	0x4
 546 0006 00000000 		.4byte	.Ldebug_abbrev0
 547 000a 04       		.byte	0x4
 548 000b 01       		.uleb128 0x1
 549 000c 5F000000 		.4byte	.LASF39
 550 0010 01       		.byte	0x1
 551 0011 BF010000 		.4byte	.LASF40
 552 0015 FA010000 		.4byte	.LASF41
 553 0019 00000000 		.4byte	.Ldebug_ranges0+0
 554 001d 00000000 		.4byte	0
 555 0021 00000000 		.4byte	.Ldebug_line0
 556 0025 02       		.uleb128 0x2
 557 0026 04       		.byte	0x4
 558 0027 05       		.byte	0x5
 559 0028 696E7400 		.ascii	"int\000"
 560 002c 03       		.uleb128 0x3
 561 002d 06000000 		.4byte	.LASF11
 562 0031 02       		.byte	0x2
 563 0032 D4       		.byte	0xd4
 564 0033 37000000 		.4byte	0x37
 565 0037 04       		.uleb128 0x4
 566 0038 04       		.byte	0x4
 567 0039 07       		.byte	0x7
 568 003a 74010000 		.4byte	.LASF0
 569 003e 04       		.uleb128 0x4
 570 003f 01       		.byte	0x1
 571 0040 06       		.byte	0x6
ARM GAS  C:\Users\IEUser\AppData\Local\Temp\cc37hFBn.s 			page 17


 572 0041 6C020000 		.4byte	.LASF1
 573 0045 04       		.uleb128 0x4
 574 0046 01       		.byte	0x1
 575 0047 08       		.byte	0x8
 576 0048 1C010000 		.4byte	.LASF2
 577 004c 04       		.uleb128 0x4
 578 004d 02       		.byte	0x2
 579 004e 05       		.byte	0x5
 580 004f 59020000 		.4byte	.LASF3
 581 0053 04       		.uleb128 0x4
 582 0054 02       		.byte	0x2
 583 0055 07       		.byte	0x7
 584 0056 78020000 		.4byte	.LASF4
 585 005a 04       		.uleb128 0x4
 586 005b 04       		.byte	0x4
 587 005c 05       		.byte	0x5
 588 005d 63020000 		.4byte	.LASF5
 589 0061 04       		.uleb128 0x4
 590 0062 04       		.byte	0x4
 591 0063 07       		.byte	0x7
 592 0064 FA000000 		.4byte	.LASF6
 593 0068 04       		.uleb128 0x4
 594 0069 08       		.byte	0x8
 595 006a 05       		.byte	0x5
 596 006b E7010000 		.4byte	.LASF7
 597 006f 04       		.uleb128 0x4
 598 0070 08       		.byte	0x8
 599 0071 07       		.byte	0x7
 600 0072 89010000 		.4byte	.LASF8
 601 0076 04       		.uleb128 0x4
 602 0077 04       		.byte	0x4
 603 0078 07       		.byte	0x7
 604 0079 B6010000 		.4byte	.LASF9
 605 007d 05       		.uleb128 0x5
 606 007e 04       		.byte	0x4
 607 007f 04       		.uleb128 0x4
 608 0080 01       		.byte	0x1
 609 0081 08       		.byte	0x8
 610 0082 F5010000 		.4byte	.LASF10
 611 0086 03       		.uleb128 0x3
 612 0087 0C010000 		.4byte	.LASF12
 613 008b 03       		.byte	0x3
 614 008c 5B       		.byte	0x5b
 615 008d 45000000 		.4byte	0x45
 616 0091 03       		.uleb128 0x3
 617 0092 5B010000 		.4byte	.LASF13
 618 0096 03       		.byte	0x3
 619 0097 5C       		.byte	0x5c
 620 0098 53000000 		.4byte	0x53
 621 009c 03       		.uleb128 0x3
 622 009d 6D010000 		.4byte	.LASF14
 623 00a1 03       		.byte	0x3
 624 00a2 5D       		.byte	0x5d
 625 00a3 61000000 		.4byte	0x61
 626 00a7 04       		.uleb128 0x4
 627 00a8 04       		.byte	0x4
 628 00a9 04       		.byte	0x4
ARM GAS  C:\Users\IEUser\AppData\Local\Temp\cc37hFBn.s 			page 18


 629 00aa 59000000 		.4byte	.LASF15
 630 00ae 04       		.uleb128 0x4
 631 00af 08       		.byte	0x8
 632 00b0 04       		.byte	0x4
 633 00b1 2A010000 		.4byte	.LASF16
 634 00b5 03       		.uleb128 0x3
 635 00b6 F5000000 		.4byte	.LASF17
 636 00ba 03       		.byte	0x3
 637 00bb F0       		.byte	0xf0
 638 00bc C0000000 		.4byte	0xc0
 639 00c0 06       		.uleb128 0x6
 640 00c1 86000000 		.4byte	0x86
 641 00c5 03       		.uleb128 0x3
 642 00c6 00000000 		.4byte	.LASF18
 643 00ca 03       		.byte	0x3
 644 00cb F2       		.byte	0xf2
 645 00cc D0000000 		.4byte	0xd0
 646 00d0 06       		.uleb128 0x6
 647 00d1 9C000000 		.4byte	0x9c
 648 00d5 07       		.uleb128 0x7
 649 00d6 02       		.byte	0x2
 650 00d7 01       		.byte	0x1
 651 00d8 7C       		.byte	0x7c
 652 00d9 F6000000 		.4byte	0xf6
 653 00dd 08       		.uleb128 0x8
 654 00de 52020000 		.4byte	.LASF19
 655 00e2 01       		.byte	0x1
 656 00e3 7E       		.byte	0x7e
 657 00e4 86000000 		.4byte	0x86
 658 00e8 00       		.byte	0
 659 00e9 08       		.uleb128 0x8
 660 00ea 1E000000 		.4byte	.LASF20
 661 00ee 01       		.byte	0x1
 662 00ef 7F       		.byte	0x7f
 663 00f0 86000000 		.4byte	0x86
 664 00f4 01       		.byte	0x1
 665 00f5 00       		.byte	0
 666 00f6 03       		.uleb128 0x3
 667 00f7 3F020000 		.4byte	.LASF21
 668 00fb 01       		.byte	0x1
 669 00fc 80       		.byte	0x80
 670 00fd D5000000 		.4byte	0xd5
 671 0101 09       		.uleb128 0x9
 672 0102 12010000 		.4byte	.LASF22
 673 0106 01       		.byte	0x1
 674 0107 3A       		.byte	0x3a
 675 0108 00000000 		.4byte	.LFB0
 676 010c 1E000000 		.4byte	.LFE0-.LFB0
 677 0110 01       		.uleb128 0x1
 678 0111 9C       		.byte	0x9c
 679 0112 2F010000 		.4byte	0x12f
 680 0116 0A       		.uleb128 0xa
 681 0117 7300     		.ascii	"s\000"
 682 0119 01       		.byte	0x1
 683 011a 3A       		.byte	0x3a
 684 011b 7D000000 		.4byte	0x7d
 685 011f 02       		.uleb128 0x2
ARM GAS  C:\Users\IEUser\AppData\Local\Temp\cc37hFBn.s 			page 19


 686 0120 91       		.byte	0x91
 687 0121 74       		.sleb128 -12
 688 0122 0A       		.uleb128 0xa
 689 0123 6E00     		.ascii	"n\000"
 690 0125 01       		.byte	0x1
 691 0126 3A       		.byte	0x3a
 692 0127 2C000000 		.4byte	0x2c
 693 012b 02       		.uleb128 0x2
 694 012c 91       		.byte	0x91
 695 012d 70       		.sleb128 -16
 696 012e 00       		.byte	0
 697 012f 09       		.uleb128 0x9
 698 0130 9B020000 		.4byte	.LASF23
 699 0134 01       		.byte	0x1
 700 0135 41       		.byte	0x41
 701 0136 00000000 		.4byte	.LFB1
 702 013a 22000000 		.4byte	.LFE1-.LFB1
 703 013e 01       		.uleb128 0x1
 704 013f 9C       		.byte	0x9c
 705 0140 6D010000 		.4byte	0x16d
 706 0144 0B       		.uleb128 0xb
 707 0145 DB000000 		.4byte	.LASF24
 708 0149 01       		.byte	0x1
 709 014a 41       		.byte	0x41
 710 014b 7D000000 		.4byte	0x7d
 711 014f 02       		.uleb128 0x2
 712 0150 91       		.byte	0x91
 713 0151 74       		.sleb128 -12
 714 0152 0A       		.uleb128 0xa
 715 0153 73726300 		.ascii	"src\000"
 716 0157 01       		.byte	0x1
 717 0158 41       		.byte	0x41
 718 0159 6D010000 		.4byte	0x16d
 719 015d 02       		.uleb128 0x2
 720 015e 91       		.byte	0x91
 721 015f 70       		.sleb128 -16
 722 0160 0A       		.uleb128 0xa
 723 0161 6E00     		.ascii	"n\000"
 724 0163 01       		.byte	0x1
 725 0164 41       		.byte	0x41
 726 0165 2C000000 		.4byte	0x2c
 727 0169 02       		.uleb128 0x2
 728 016a 91       		.byte	0x91
 729 016b 6C       		.sleb128 -20
 730 016c 00       		.byte	0
 731 016d 0C       		.uleb128 0xc
 732 016e 04       		.byte	0x4
 733 016f 73010000 		.4byte	0x173
 734 0173 0D       		.uleb128 0xd
 735 0174 09       		.uleb128 0x9
 736 0175 8B020000 		.4byte	.LASF25
 737 0179 01       		.byte	0x1
 738 017a 48       		.byte	0x48
 739 017b 00000000 		.4byte	.LFB2
 740 017f 22000000 		.4byte	.LFE2-.LFB2
 741 0183 01       		.uleb128 0x1
 742 0184 9C       		.byte	0x9c
ARM GAS  C:\Users\IEUser\AppData\Local\Temp\cc37hFBn.s 			page 20


 743 0185 B2010000 		.4byte	0x1b2
 744 0189 0B       		.uleb128 0xb
 745 018a DB000000 		.4byte	.LASF24
 746 018e 01       		.byte	0x1
 747 018f 48       		.byte	0x48
 748 0190 7D000000 		.4byte	0x7d
 749 0194 02       		.uleb128 0x2
 750 0195 91       		.byte	0x91
 751 0196 74       		.sleb128 -12
 752 0197 0A       		.uleb128 0xa
 753 0198 73726300 		.ascii	"src\000"
 754 019c 01       		.byte	0x1
 755 019d 48       		.byte	0x48
 756 019e 6D010000 		.4byte	0x16d
 757 01a2 02       		.uleb128 0x2
 758 01a3 91       		.byte	0x91
 759 01a4 70       		.sleb128 -16
 760 01a5 0A       		.uleb128 0xa
 761 01a6 6E00     		.ascii	"n\000"
 762 01a8 01       		.byte	0x1
 763 01a9 48       		.byte	0x48
 764 01aa 2C000000 		.4byte	0x2c
 765 01ae 02       		.uleb128 0x2
 766 01af 91       		.byte	0x91
 767 01b0 6C       		.sleb128 -20
 768 01b1 00       		.byte	0
 769 01b2 0E       		.uleb128 0xe
 770 01b3 31010000 		.4byte	.LASF26
 771 01b7 01       		.byte	0x1
 772 01b8 93       		.byte	0x93
 773 01b9 00000000 		.4byte	.LFB3
 774 01bd 7E000000 		.4byte	.LFE3-.LFB3
 775 01c1 01       		.uleb128 0x1
 776 01c2 9C       		.byte	0x9c
 777 01c3 22020000 		.4byte	0x222
 778 01c7 0B       		.uleb128 0xb
 779 01c8 50010000 		.4byte	.LASF27
 780 01cc 01       		.byte	0x1
 781 01cd 93       		.byte	0x93
 782 01ce 22020000 		.4byte	0x222
 783 01d2 02       		.uleb128 0x2
 784 01d3 91       		.byte	0x91
 785 01d4 64       		.sleb128 -28
 786 01d5 0B       		.uleb128 0xb
 787 01d6 62010000 		.4byte	.LASF28
 788 01da 01       		.byte	0x1
 789 01db 93       		.byte	0x93
 790 01dc 2D020000 		.4byte	0x22d
 791 01e0 02       		.uleb128 0x2
 792 01e1 91       		.byte	0x91
 793 01e2 60       		.sleb128 -32
 794 01e3 0F       		.uleb128 0xf
 795 01e4 6900     		.ascii	"i\000"
 796 01e6 01       		.byte	0x1
 797 01e7 96       		.byte	0x96
 798 01e8 9C000000 		.4byte	0x9c
 799 01ec 02       		.uleb128 0x2
ARM GAS  C:\Users\IEUser\AppData\Local\Temp\cc37hFBn.s 			page 21


 800 01ed 91       		.byte	0x91
 801 01ee 74       		.sleb128 -12
 802 01ef 0F       		.uleb128 0xf
 803 01f0 6A00     		.ascii	"j\000"
 804 01f2 01       		.byte	0x1
 805 01f3 96       		.byte	0x96
 806 01f4 9C000000 		.4byte	0x9c
 807 01f8 02       		.uleb128 0x2
 808 01f9 91       		.byte	0x91
 809 01fa 70       		.sleb128 -16
 810 01fb 10       		.uleb128 0x10
 811 01fc 14000000 		.4byte	.LBB2
 812 0200 58000000 		.4byte	.LBE2-.LBB2
 813 0204 11       		.uleb128 0x11
 814 0205 AD010000 		.4byte	.LASF29
 815 0209 01       		.byte	0x1
 816 020a 99       		.byte	0x99
 817 020b 9C000000 		.4byte	0x9c
 818 020f 02       		.uleb128 0x2
 819 0210 91       		.byte	0x91
 820 0211 68       		.sleb128 -24
 821 0212 11       		.uleb128 0x11
 822 0213 24000000 		.4byte	.LASF30
 823 0217 01       		.byte	0x1
 824 0218 9A       		.byte	0x9a
 825 0219 86000000 		.4byte	0x86
 826 021d 02       		.uleb128 0x2
 827 021e 91       		.byte	0x91
 828 021f 6F       		.sleb128 -17
 829 0220 00       		.byte	0
 830 0221 00       		.byte	0
 831 0222 0C       		.uleb128 0xc
 832 0223 04       		.byte	0x4
 833 0224 28020000 		.4byte	0x228
 834 0228 12       		.uleb128 0x12
 835 0229 9C000000 		.4byte	0x9c
 836 022d 0C       		.uleb128 0xc
 837 022e 04       		.byte	0x4
 838 022f 33020000 		.4byte	0x233
 839 0233 12       		.uleb128 0x12
 840 0234 F6000000 		.4byte	0xf6
 841 0238 13       		.uleb128 0x13
 842 0239 2A000000 		.4byte	.LASF31
 843 023d 01       		.byte	0x1
 844 023e B8       		.byte	0xb8
 845 023f 00000000 		.4byte	.LFB4
 846 0243 6C000000 		.4byte	.LFE4-.LFB4
 847 0247 01       		.uleb128 0x1
 848 0248 9C       		.byte	0x9c
 849 0249 14       		.uleb128 0x14
 850 024a 0D000000 		.4byte	.LASF32
 851 024e 01       		.byte	0x1
 852 024f E6       		.byte	0xe6
 853 0250 00000000 		.4byte	.LFB5
 854 0254 08000000 		.4byte	.LFE5-.LFB5
 855 0258 01       		.uleb128 0x1
 856 0259 9C       		.byte	0x9c
ARM GAS  C:\Users\IEUser\AppData\Local\Temp\cc37hFBn.s 			page 22


 857 025a 15       		.uleb128 0x15
 858 025b 43010000 		.4byte	.LASF42
 859 025f 01       		.byte	0x1
 860 0260 FE       		.byte	0xfe
 861 0261 6C000000 		.4byte	.LFB6
 862 0265 24010000 		.4byte	.LFE6-.LFB6
 863 0269 01       		.uleb128 0x1
 864 026a 9C       		.byte	0x9c
 865 026b 25030000 		.4byte	0x325
 866 026f 10       		.uleb128 0x10
 867 0270 74000000 		.4byte	.LBB3
 868 0274 C2000000 		.4byte	.LBE3-.LBB3
 869 0278 16       		.uleb128 0x16
 870 0279 35000000 		.4byte	.LASF33
 871 027d 01       		.byte	0x1
 872 027e 0401     		.2byte	0x104
 873 0280 35030000 		.4byte	0x335
 874 0284 05       		.uleb128 0x5
 875 0285 03       		.byte	0x3
 876 0286 0C000000 		.4byte	cy_cfg_addr_table.4672
 877 028a 16       		.uleb128 0x16
 878 028b 47000000 		.4byte	.LASF34
 879 028f 01       		.byte	0x1
 880 0290 0B01     		.2byte	0x10b
 881 0292 4A030000 		.4byte	0x34a
 882 0296 05       		.uleb128 0x5
 883 0297 03       		.byte	0x3
 884 0298 1C000000 		.4byte	cy_cfg_data_table.4673
 885 029c 17       		.uleb128 0x17
 886 029d 06       		.byte	0x6
 887 029e 01       		.byte	0x1
 888 029f 1901     		.2byte	0x119
 889 02a1 C0020000 		.4byte	0x2c0
 890 02a5 18       		.uleb128 0x18
 891 02a6 81010000 		.4byte	.LASF35
 892 02aa 01       		.byte	0x1
 893 02ab 1A01     		.2byte	0x11a
 894 02ad 7D000000 		.4byte	0x7d
 895 02b1 00       		.byte	0
 896 02b2 18       		.uleb128 0x18
 897 02b3 F0000000 		.4byte	.LASF36
 898 02b7 01       		.byte	0x1
 899 02b8 1B01     		.2byte	0x11b
 900 02ba 91000000 		.4byte	0x91
 901 02be 04       		.byte	0x4
 902 02bf 00       		.byte	0
 903 02c0 19       		.uleb128 0x19
 904 02c1 A0010000 		.4byte	.LASF37
 905 02c5 01       		.byte	0x1
 906 02c6 1C01     		.2byte	0x11c
 907 02c8 9C020000 		.4byte	0x29c
 908 02cc 1A       		.uleb128 0x1a
 909 02cd C0020000 		.4byte	0x2c0
 910 02d1 DC020000 		.4byte	0x2dc
 911 02d5 1B       		.uleb128 0x1b
 912 02d6 76000000 		.4byte	0x76
 913 02da 01       		.byte	0x1
ARM GAS  C:\Users\IEUser\AppData\Local\Temp\cc37hFBn.s 			page 23


 914 02db 00       		.byte	0
 915 02dc 16       		.uleb128 0x16
 916 02dd E0000000 		.4byte	.LASF38
 917 02e1 01       		.byte	0x1
 918 02e2 1E01     		.2byte	0x11e
 919 02e4 EE020000 		.4byte	0x2ee
 920 02e8 05       		.uleb128 0x5
 921 02e9 03       		.byte	0x3
 922 02ea 00000000 		.4byte	cfg_memset_list.4678
 923 02ee 12       		.uleb128 0x12
 924 02ef CC020000 		.4byte	0x2cc
 925 02f3 1C       		.uleb128 0x1c
 926 02f4 6900     		.ascii	"i\000"
 927 02f6 01       		.byte	0x1
 928 02f7 2401     		.2byte	0x124
 929 02f9 86000000 		.4byte	0x86
 930 02fd 02       		.uleb128 0x2
 931 02fe 91       		.byte	0x91
 932 02ff 77       		.sleb128 -9
 933 0300 10       		.uleb128 0x10
 934 0301 7C000000 		.4byte	.LBB4
 935 0305 3E000000 		.4byte	.LBE4-.LBB4
 936 0309 1C       		.uleb128 0x1c
 937 030a 6D7300   		.ascii	"ms\000"
 938 030d 01       		.byte	0x1
 939 030e 2901     		.2byte	0x129
 940 0310 17030000 		.4byte	0x317
 941 0314 02       		.uleb128 0x2
 942 0315 91       		.byte	0x91
 943 0316 70       		.sleb128 -16
 944 0317 0C       		.uleb128 0xc
 945 0318 04       		.byte	0x4
 946 0319 1D030000 		.4byte	0x31d
 947 031d 12       		.uleb128 0x12
 948 031e C0020000 		.4byte	0x2c0
 949 0322 00       		.byte	0
 950 0323 00       		.byte	0
 951 0324 00       		.byte	0
 952 0325 1A       		.uleb128 0x1a
 953 0326 9C000000 		.4byte	0x9c
 954 032a 35030000 		.4byte	0x335
 955 032e 1B       		.uleb128 0x1b
 956 032f 76000000 		.4byte	0x76
 957 0333 03       		.byte	0x3
 958 0334 00       		.byte	0
 959 0335 12       		.uleb128 0x12
 960 0336 25030000 		.4byte	0x325
 961 033a 1A       		.uleb128 0x1a
 962 033b F6000000 		.4byte	0xf6
 963 033f 4A030000 		.4byte	0x34a
 964 0343 1B       		.uleb128 0x1b
 965 0344 76000000 		.4byte	0x76
 966 0348 08       		.byte	0x8
 967 0349 00       		.byte	0
 968 034a 12       		.uleb128 0x12
 969 034b 3A030000 		.4byte	0x33a
 970 034f 00       		.byte	0
ARM GAS  C:\Users\IEUser\AppData\Local\Temp\cc37hFBn.s 			page 24


 971              		.section	.debug_abbrev,"",%progbits
 972              	.Ldebug_abbrev0:
 973 0000 01       		.uleb128 0x1
 974 0001 11       		.uleb128 0x11
 975 0002 01       		.byte	0x1
 976 0003 25       		.uleb128 0x25
 977 0004 0E       		.uleb128 0xe
 978 0005 13       		.uleb128 0x13
 979 0006 0B       		.uleb128 0xb
 980 0007 03       		.uleb128 0x3
 981 0008 0E       		.uleb128 0xe
 982 0009 1B       		.uleb128 0x1b
 983 000a 0E       		.uleb128 0xe
 984 000b 55       		.uleb128 0x55
 985 000c 17       		.uleb128 0x17
 986 000d 11       		.uleb128 0x11
 987 000e 01       		.uleb128 0x1
 988 000f 10       		.uleb128 0x10
 989 0010 17       		.uleb128 0x17
 990 0011 00       		.byte	0
 991 0012 00       		.byte	0
 992 0013 02       		.uleb128 0x2
 993 0014 24       		.uleb128 0x24
 994 0015 00       		.byte	0
 995 0016 0B       		.uleb128 0xb
 996 0017 0B       		.uleb128 0xb
 997 0018 3E       		.uleb128 0x3e
 998 0019 0B       		.uleb128 0xb
 999 001a 03       		.uleb128 0x3
 1000 001b 08       		.uleb128 0x8
 1001 001c 00       		.byte	0
 1002 001d 00       		.byte	0
 1003 001e 03       		.uleb128 0x3
 1004 001f 16       		.uleb128 0x16
 1005 0020 00       		.byte	0
 1006 0021 03       		.uleb128 0x3
 1007 0022 0E       		.uleb128 0xe
 1008 0023 3A       		.uleb128 0x3a
 1009 0024 0B       		.uleb128 0xb
 1010 0025 3B       		.uleb128 0x3b
 1011 0026 0B       		.uleb128 0xb
 1012 0027 49       		.uleb128 0x49
 1013 0028 13       		.uleb128 0x13
 1014 0029 00       		.byte	0
 1015 002a 00       		.byte	0
 1016 002b 04       		.uleb128 0x4
 1017 002c 24       		.uleb128 0x24
 1018 002d 00       		.byte	0
 1019 002e 0B       		.uleb128 0xb
 1020 002f 0B       		.uleb128 0xb
 1021 0030 3E       		.uleb128 0x3e
 1022 0031 0B       		.uleb128 0xb
 1023 0032 03       		.uleb128 0x3
 1024 0033 0E       		.uleb128 0xe
 1025 0034 00       		.byte	0
 1026 0035 00       		.byte	0
 1027 0036 05       		.uleb128 0x5
ARM GAS  C:\Users\IEUser\AppData\Local\Temp\cc37hFBn.s 			page 25


 1028 0037 0F       		.uleb128 0xf
 1029 0038 00       		.byte	0
 1030 0039 0B       		.uleb128 0xb
 1031 003a 0B       		.uleb128 0xb
 1032 003b 00       		.byte	0
 1033 003c 00       		.byte	0
 1034 003d 06       		.uleb128 0x6
 1035 003e 35       		.uleb128 0x35
 1036 003f 00       		.byte	0
 1037 0040 49       		.uleb128 0x49
 1038 0041 13       		.uleb128 0x13
 1039 0042 00       		.byte	0
 1040 0043 00       		.byte	0
 1041 0044 07       		.uleb128 0x7
 1042 0045 13       		.uleb128 0x13
 1043 0046 01       		.byte	0x1
 1044 0047 0B       		.uleb128 0xb
 1045 0048 0B       		.uleb128 0xb
 1046 0049 3A       		.uleb128 0x3a
 1047 004a 0B       		.uleb128 0xb
 1048 004b 3B       		.uleb128 0x3b
 1049 004c 0B       		.uleb128 0xb
 1050 004d 01       		.uleb128 0x1
 1051 004e 13       		.uleb128 0x13
 1052 004f 00       		.byte	0
 1053 0050 00       		.byte	0
 1054 0051 08       		.uleb128 0x8
 1055 0052 0D       		.uleb128 0xd
 1056 0053 00       		.byte	0
 1057 0054 03       		.uleb128 0x3
 1058 0055 0E       		.uleb128 0xe
 1059 0056 3A       		.uleb128 0x3a
 1060 0057 0B       		.uleb128 0xb
 1061 0058 3B       		.uleb128 0x3b
 1062 0059 0B       		.uleb128 0xb
 1063 005a 49       		.uleb128 0x49
 1064 005b 13       		.uleb128 0x13
 1065 005c 38       		.uleb128 0x38
 1066 005d 0B       		.uleb128 0xb
 1067 005e 00       		.byte	0
 1068 005f 00       		.byte	0
 1069 0060 09       		.uleb128 0x9
 1070 0061 2E       		.uleb128 0x2e
 1071 0062 01       		.byte	0x1
 1072 0063 03       		.uleb128 0x3
 1073 0064 0E       		.uleb128 0xe
 1074 0065 3A       		.uleb128 0x3a
 1075 0066 0B       		.uleb128 0xb
 1076 0067 3B       		.uleb128 0x3b
 1077 0068 0B       		.uleb128 0xb
 1078 0069 27       		.uleb128 0x27
 1079 006a 19       		.uleb128 0x19
 1080 006b 11       		.uleb128 0x11
 1081 006c 01       		.uleb128 0x1
 1082 006d 12       		.uleb128 0x12
 1083 006e 06       		.uleb128 0x6
 1084 006f 40       		.uleb128 0x40
ARM GAS  C:\Users\IEUser\AppData\Local\Temp\cc37hFBn.s 			page 26


 1085 0070 18       		.uleb128 0x18
 1086 0071 9642     		.uleb128 0x2116
 1087 0073 19       		.uleb128 0x19
 1088 0074 01       		.uleb128 0x1
 1089 0075 13       		.uleb128 0x13
 1090 0076 00       		.byte	0
 1091 0077 00       		.byte	0
 1092 0078 0A       		.uleb128 0xa
 1093 0079 05       		.uleb128 0x5
 1094 007a 00       		.byte	0
 1095 007b 03       		.uleb128 0x3
 1096 007c 08       		.uleb128 0x8
 1097 007d 3A       		.uleb128 0x3a
 1098 007e 0B       		.uleb128 0xb
 1099 007f 3B       		.uleb128 0x3b
 1100 0080 0B       		.uleb128 0xb
 1101 0081 49       		.uleb128 0x49
 1102 0082 13       		.uleb128 0x13
 1103 0083 02       		.uleb128 0x2
 1104 0084 18       		.uleb128 0x18
 1105 0085 00       		.byte	0
 1106 0086 00       		.byte	0
 1107 0087 0B       		.uleb128 0xb
 1108 0088 05       		.uleb128 0x5
 1109 0089 00       		.byte	0
 1110 008a 03       		.uleb128 0x3
 1111 008b 0E       		.uleb128 0xe
 1112 008c 3A       		.uleb128 0x3a
 1113 008d 0B       		.uleb128 0xb
 1114 008e 3B       		.uleb128 0x3b
 1115 008f 0B       		.uleb128 0xb
 1116 0090 49       		.uleb128 0x49
 1117 0091 13       		.uleb128 0x13
 1118 0092 02       		.uleb128 0x2
 1119 0093 18       		.uleb128 0x18
 1120 0094 00       		.byte	0
 1121 0095 00       		.byte	0
 1122 0096 0C       		.uleb128 0xc
 1123 0097 0F       		.uleb128 0xf
 1124 0098 00       		.byte	0
 1125 0099 0B       		.uleb128 0xb
 1126 009a 0B       		.uleb128 0xb
 1127 009b 49       		.uleb128 0x49
 1128 009c 13       		.uleb128 0x13
 1129 009d 00       		.byte	0
 1130 009e 00       		.byte	0
 1131 009f 0D       		.uleb128 0xd
 1132 00a0 26       		.uleb128 0x26
 1133 00a1 00       		.byte	0
 1134 00a2 00       		.byte	0
 1135 00a3 00       		.byte	0
 1136 00a4 0E       		.uleb128 0xe
 1137 00a5 2E       		.uleb128 0x2e
 1138 00a6 01       		.byte	0x1
 1139 00a7 03       		.uleb128 0x3
 1140 00a8 0E       		.uleb128 0xe
 1141 00a9 3A       		.uleb128 0x3a
ARM GAS  C:\Users\IEUser\AppData\Local\Temp\cc37hFBn.s 			page 27


 1142 00aa 0B       		.uleb128 0xb
 1143 00ab 3B       		.uleb128 0x3b
 1144 00ac 0B       		.uleb128 0xb
 1145 00ad 27       		.uleb128 0x27
 1146 00ae 19       		.uleb128 0x19
 1147 00af 11       		.uleb128 0x11
 1148 00b0 01       		.uleb128 0x1
 1149 00b1 12       		.uleb128 0x12
 1150 00b2 06       		.uleb128 0x6
 1151 00b3 40       		.uleb128 0x40
 1152 00b4 18       		.uleb128 0x18
 1153 00b5 9742     		.uleb128 0x2117
 1154 00b7 19       		.uleb128 0x19
 1155 00b8 01       		.uleb128 0x1
 1156 00b9 13       		.uleb128 0x13
 1157 00ba 00       		.byte	0
 1158 00bb 00       		.byte	0
 1159 00bc 0F       		.uleb128 0xf
 1160 00bd 34       		.uleb128 0x34
 1161 00be 00       		.byte	0
 1162 00bf 03       		.uleb128 0x3
 1163 00c0 08       		.uleb128 0x8
 1164 00c1 3A       		.uleb128 0x3a
 1165 00c2 0B       		.uleb128 0xb
 1166 00c3 3B       		.uleb128 0x3b
 1167 00c4 0B       		.uleb128 0xb
 1168 00c5 49       		.uleb128 0x49
 1169 00c6 13       		.uleb128 0x13
 1170 00c7 02       		.uleb128 0x2
 1171 00c8 18       		.uleb128 0x18
 1172 00c9 00       		.byte	0
 1173 00ca 00       		.byte	0
 1174 00cb 10       		.uleb128 0x10
 1175 00cc 0B       		.uleb128 0xb
 1176 00cd 01       		.byte	0x1
 1177 00ce 11       		.uleb128 0x11
 1178 00cf 01       		.uleb128 0x1
 1179 00d0 12       		.uleb128 0x12
 1180 00d1 06       		.uleb128 0x6
 1181 00d2 00       		.byte	0
 1182 00d3 00       		.byte	0
 1183 00d4 11       		.uleb128 0x11
 1184 00d5 34       		.uleb128 0x34
 1185 00d6 00       		.byte	0
 1186 00d7 03       		.uleb128 0x3
 1187 00d8 0E       		.uleb128 0xe
 1188 00d9 3A       		.uleb128 0x3a
 1189 00da 0B       		.uleb128 0xb
 1190 00db 3B       		.uleb128 0x3b
 1191 00dc 0B       		.uleb128 0xb
 1192 00dd 49       		.uleb128 0x49
 1193 00de 13       		.uleb128 0x13
 1194 00df 02       		.uleb128 0x2
 1195 00e0 18       		.uleb128 0x18
 1196 00e1 00       		.byte	0
 1197 00e2 00       		.byte	0
 1198 00e3 12       		.uleb128 0x12
ARM GAS  C:\Users\IEUser\AppData\Local\Temp\cc37hFBn.s 			page 28


 1199 00e4 26       		.uleb128 0x26
 1200 00e5 00       		.byte	0
 1201 00e6 49       		.uleb128 0x49
 1202 00e7 13       		.uleb128 0x13
 1203 00e8 00       		.byte	0
 1204 00e9 00       		.byte	0
 1205 00ea 13       		.uleb128 0x13
 1206 00eb 2E       		.uleb128 0x2e
 1207 00ec 00       		.byte	0
 1208 00ed 03       		.uleb128 0x3
 1209 00ee 0E       		.uleb128 0xe
 1210 00ef 3A       		.uleb128 0x3a
 1211 00f0 0B       		.uleb128 0xb
 1212 00f1 3B       		.uleb128 0x3b
 1213 00f2 0B       		.uleb128 0xb
 1214 00f3 27       		.uleb128 0x27
 1215 00f4 19       		.uleb128 0x19
 1216 00f5 11       		.uleb128 0x11
 1217 00f6 01       		.uleb128 0x1
 1218 00f7 12       		.uleb128 0x12
 1219 00f8 06       		.uleb128 0x6
 1220 00f9 40       		.uleb128 0x40
 1221 00fa 18       		.uleb128 0x18
 1222 00fb 9642     		.uleb128 0x2116
 1223 00fd 19       		.uleb128 0x19
 1224 00fe 00       		.byte	0
 1225 00ff 00       		.byte	0
 1226 0100 14       		.uleb128 0x14
 1227 0101 2E       		.uleb128 0x2e
 1228 0102 00       		.byte	0
 1229 0103 03       		.uleb128 0x3
 1230 0104 0E       		.uleb128 0xe
 1231 0105 3A       		.uleb128 0x3a
 1232 0106 0B       		.uleb128 0xb
 1233 0107 3B       		.uleb128 0x3b
 1234 0108 0B       		.uleb128 0xb
 1235 0109 27       		.uleb128 0x27
 1236 010a 19       		.uleb128 0x19
 1237 010b 11       		.uleb128 0x11
 1238 010c 01       		.uleb128 0x1
 1239 010d 12       		.uleb128 0x12
 1240 010e 06       		.uleb128 0x6
 1241 010f 40       		.uleb128 0x40
 1242 0110 18       		.uleb128 0x18
 1243 0111 9742     		.uleb128 0x2117
 1244 0113 19       		.uleb128 0x19
 1245 0114 00       		.byte	0
 1246 0115 00       		.byte	0
 1247 0116 15       		.uleb128 0x15
 1248 0117 2E       		.uleb128 0x2e
 1249 0118 01       		.byte	0x1
 1250 0119 3F       		.uleb128 0x3f
 1251 011a 19       		.uleb128 0x19
 1252 011b 03       		.uleb128 0x3
 1253 011c 0E       		.uleb128 0xe
 1254 011d 3A       		.uleb128 0x3a
 1255 011e 0B       		.uleb128 0xb
ARM GAS  C:\Users\IEUser\AppData\Local\Temp\cc37hFBn.s 			page 29


 1256 011f 3B       		.uleb128 0x3b
 1257 0120 0B       		.uleb128 0xb
 1258 0121 27       		.uleb128 0x27
 1259 0122 19       		.uleb128 0x19
 1260 0123 11       		.uleb128 0x11
 1261 0124 01       		.uleb128 0x1
 1262 0125 12       		.uleb128 0x12
 1263 0126 06       		.uleb128 0x6
 1264 0127 40       		.uleb128 0x40
 1265 0128 18       		.uleb128 0x18
 1266 0129 9642     		.uleb128 0x2116
 1267 012b 19       		.uleb128 0x19
 1268 012c 01       		.uleb128 0x1
 1269 012d 13       		.uleb128 0x13
 1270 012e 00       		.byte	0
 1271 012f 00       		.byte	0
 1272 0130 16       		.uleb128 0x16
 1273 0131 34       		.uleb128 0x34
 1274 0132 00       		.byte	0
 1275 0133 03       		.uleb128 0x3
 1276 0134 0E       		.uleb128 0xe
 1277 0135 3A       		.uleb128 0x3a
 1278 0136 0B       		.uleb128 0xb
 1279 0137 3B       		.uleb128 0x3b
 1280 0138 05       		.uleb128 0x5
 1281 0139 49       		.uleb128 0x49
 1282 013a 13       		.uleb128 0x13
 1283 013b 02       		.uleb128 0x2
 1284 013c 18       		.uleb128 0x18
 1285 013d 00       		.byte	0
 1286 013e 00       		.byte	0
 1287 013f 17       		.uleb128 0x17
 1288 0140 13       		.uleb128 0x13
 1289 0141 01       		.byte	0x1
 1290 0142 0B       		.uleb128 0xb
 1291 0143 0B       		.uleb128 0xb
 1292 0144 3A       		.uleb128 0x3a
 1293 0145 0B       		.uleb128 0xb
 1294 0146 3B       		.uleb128 0x3b
 1295 0147 05       		.uleb128 0x5
 1296 0148 01       		.uleb128 0x1
 1297 0149 13       		.uleb128 0x13
 1298 014a 00       		.byte	0
 1299 014b 00       		.byte	0
 1300 014c 18       		.uleb128 0x18
 1301 014d 0D       		.uleb128 0xd
 1302 014e 00       		.byte	0
 1303 014f 03       		.uleb128 0x3
 1304 0150 0E       		.uleb128 0xe
 1305 0151 3A       		.uleb128 0x3a
 1306 0152 0B       		.uleb128 0xb
 1307 0153 3B       		.uleb128 0x3b
 1308 0154 05       		.uleb128 0x5
 1309 0155 49       		.uleb128 0x49
 1310 0156 13       		.uleb128 0x13
 1311 0157 38       		.uleb128 0x38
 1312 0158 0B       		.uleb128 0xb
ARM GAS  C:\Users\IEUser\AppData\Local\Temp\cc37hFBn.s 			page 30


 1313 0159 00       		.byte	0
 1314 015a 00       		.byte	0
 1315 015b 19       		.uleb128 0x19
 1316 015c 16       		.uleb128 0x16
 1317 015d 00       		.byte	0
 1318 015e 03       		.uleb128 0x3
 1319 015f 0E       		.uleb128 0xe
 1320 0160 3A       		.uleb128 0x3a
 1321 0161 0B       		.uleb128 0xb
 1322 0162 3B       		.uleb128 0x3b
 1323 0163 05       		.uleb128 0x5
 1324 0164 49       		.uleb128 0x49
 1325 0165 13       		.uleb128 0x13
 1326 0166 00       		.byte	0
 1327 0167 00       		.byte	0
 1328 0168 1A       		.uleb128 0x1a
 1329 0169 01       		.uleb128 0x1
 1330 016a 01       		.byte	0x1
 1331 016b 49       		.uleb128 0x49
 1332 016c 13       		.uleb128 0x13
 1333 016d 01       		.uleb128 0x1
 1334 016e 13       		.uleb128 0x13
 1335 016f 00       		.byte	0
 1336 0170 00       		.byte	0
 1337 0171 1B       		.uleb128 0x1b
 1338 0172 21       		.uleb128 0x21
 1339 0173 00       		.byte	0
 1340 0174 49       		.uleb128 0x49
 1341 0175 13       		.uleb128 0x13
 1342 0176 2F       		.uleb128 0x2f
 1343 0177 0B       		.uleb128 0xb
 1344 0178 00       		.byte	0
 1345 0179 00       		.byte	0
 1346 017a 1C       		.uleb128 0x1c
 1347 017b 34       		.uleb128 0x34
 1348 017c 00       		.byte	0
 1349 017d 03       		.uleb128 0x3
 1350 017e 08       		.uleb128 0x8
 1351 017f 3A       		.uleb128 0x3a
 1352 0180 0B       		.uleb128 0xb
 1353 0181 3B       		.uleb128 0x3b
 1354 0182 05       		.uleb128 0x5
 1355 0183 49       		.uleb128 0x49
 1356 0184 13       		.uleb128 0x13
 1357 0185 02       		.uleb128 0x2
 1358 0186 18       		.uleb128 0x18
 1359 0187 00       		.byte	0
 1360 0188 00       		.byte	0
 1361 0189 00       		.byte	0
 1362              		.section	.debug_aranges,"",%progbits
 1363 0000 4C000000 		.4byte	0x4c
 1364 0004 0200     		.2byte	0x2
 1365 0006 00000000 		.4byte	.Ldebug_info0
 1366 000a 04       		.byte	0x4
 1367 000b 00       		.byte	0
 1368 000c 0000     		.2byte	0
 1369 000e 0000     		.2byte	0
ARM GAS  C:\Users\IEUser\AppData\Local\Temp\cc37hFBn.s 			page 31


 1370 0010 00000000 		.4byte	.LFB0
 1371 0014 1E000000 		.4byte	.LFE0-.LFB0
 1372 0018 00000000 		.4byte	.LFB1
 1373 001c 22000000 		.4byte	.LFE1-.LFB1
 1374 0020 00000000 		.4byte	.LFB2
 1375 0024 22000000 		.4byte	.LFE2-.LFB2
 1376 0028 00000000 		.4byte	.LFB3
 1377 002c 7E000000 		.4byte	.LFE3-.LFB3
 1378 0030 00000000 		.4byte	.LFB4
 1379 0034 6C000000 		.4byte	.LFE4-.LFB4
 1380 0038 00000000 		.4byte	.LFB5
 1381 003c 08000000 		.4byte	.LFE5-.LFB5
 1382 0040 6C000000 		.4byte	.LFB6
 1383 0044 24010000 		.4byte	.LFE6-.LFB6
 1384 0048 00000000 		.4byte	0
 1385 004c 00000000 		.4byte	0
 1386              		.section	.debug_ranges,"",%progbits
 1387              	.Ldebug_ranges0:
 1388 0000 00000000 		.4byte	.LFB0
 1389 0004 1E000000 		.4byte	.LFE0
 1390 0008 00000000 		.4byte	.LFB1
 1391 000c 22000000 		.4byte	.LFE1
 1392 0010 00000000 		.4byte	.LFB2
 1393 0014 22000000 		.4byte	.LFE2
 1394 0018 00000000 		.4byte	.LFB3
 1395 001c 7E000000 		.4byte	.LFE3
 1396 0020 00000000 		.4byte	.LFB4
 1397 0024 6C000000 		.4byte	.LFE4
 1398 0028 00000000 		.4byte	.LFB5
 1399 002c 08000000 		.4byte	.LFE5
 1400 0030 6C000000 		.4byte	.LFB6
 1401 0034 90010000 		.4byte	.LFE6
 1402 0038 00000000 		.4byte	0
 1403 003c 00000000 		.4byte	0
 1404              		.section	.debug_line,"",%progbits
 1405              	.Ldebug_line0:
 1406 0000 83010000 		.section	.debug_str,"MS",%progbits,1
 1406      0200C700 
 1406      00000201 
 1406      FB0E0D00 
 1406      01010101 
 1407              	.LASF18:
 1408 0000 72656733 		.ascii	"reg32\000"
 1408      3200
 1409              	.LASF11:
 1410 0006 73697A65 		.ascii	"size_t\000"
 1410      5F7400
 1411              	.LASF32:
 1412 000d 416E616C 		.ascii	"AnalogSetDefault\000"
 1412      6F675365 
 1412      74446566 
 1412      61756C74 
 1412      00
 1413              	.LASF20:
 1414 001e 76616C75 		.ascii	"value\000"
 1414      6500
 1415              	.LASF30:
ARM GAS  C:\Users\IEUser\AppData\Local\Temp\cc37hFBn.s 			page 32


 1416 0024 636F756E 		.ascii	"count\000"
 1416      7400
 1417              	.LASF31:
 1418 002a 436C6F63 		.ascii	"ClockSetup\000"
 1418      6B536574 
 1418      757000
 1419              	.LASF33:
 1420 0035 63795F63 		.ascii	"cy_cfg_addr_table\000"
 1420      66675F61 
 1420      6464725F 
 1420      7461626C 
 1420      6500
 1421              	.LASF34:
 1422 0047 63795F63 		.ascii	"cy_cfg_data_table\000"
 1422      66675F64 
 1422      6174615F 
 1422      7461626C 
 1422      6500
 1423              	.LASF15:
 1424 0059 666C6F61 		.ascii	"float\000"
 1424      7400
 1425              	.LASF39:
 1426 005f 474E5520 		.ascii	"GNU C 4.8.4 20140526 (release) [ARM/embedded-4_8-br"
 1426      4320342E 
 1426      382E3420 
 1426      32303134 
 1426      30353236 
 1427 0092 616E6368 		.ascii	"anch revision 211358] -mcpu=cortex-m0 -mthumb -g -O"
 1427      20726576 
 1427      6973696F 
 1427      6E203231 
 1427      31333538 
 1428 00c5 30202D66 		.ascii	"0 -ffunction-sections\000"
 1428      66756E63 
 1428      74696F6E 
 1428      2D736563 
 1428      74696F6E 
 1429              	.LASF24:
 1430 00db 64657374 		.ascii	"dest\000"
 1430      00
 1431              	.LASF38:
 1432 00e0 6366675F 		.ascii	"cfg_memset_list\000"
 1432      6D656D73 
 1432      65745F6C 
 1432      69737400 
 1433              	.LASF36:
 1434 00f0 73697A65 		.ascii	"size\000"
 1434      00
 1435              	.LASF17:
 1436 00f5 72656738 		.ascii	"reg8\000"
 1436      00
 1437              	.LASF6:
 1438 00fa 6C6F6E67 		.ascii	"long unsigned int\000"
 1438      20756E73 
 1438      69676E65 
 1438      6420696E 
 1438      7400
ARM GAS  C:\Users\IEUser\AppData\Local\Temp\cc37hFBn.s 			page 33


 1439              	.LASF12:
 1440 010c 75696E74 		.ascii	"uint8\000"
 1440      3800
 1441              	.LASF22:
 1442 0112 43594D45 		.ascii	"CYMEMZERO\000"
 1442      4D5A4552 
 1442      4F00
 1443              	.LASF2:
 1444 011c 756E7369 		.ascii	"unsigned char\000"
 1444      676E6564 
 1444      20636861 
 1444      7200
 1445              	.LASF16:
 1446 012a 646F7562 		.ascii	"double\000"
 1446      6C6500
 1447              	.LASF26:
 1448 0131 6366675F 		.ascii	"cfg_write_bytes32\000"
 1448      77726974 
 1448      655F6279 
 1448      74657333 
 1448      3200
 1449              	.LASF42:
 1450 0143 63796669 		.ascii	"cyfitter_cfg\000"
 1450      74746572 
 1450      5F636667 
 1450      00
 1451              	.LASF27:
 1452 0150 61646472 		.ascii	"addr_table\000"
 1452      5F746162 
 1452      6C6500
 1453              	.LASF13:
 1454 015b 75696E74 		.ascii	"uint16\000"
 1454      313600
 1455              	.LASF28:
 1456 0162 64617461 		.ascii	"data_table\000"
 1456      5F746162 
 1456      6C6500
 1457              	.LASF14:
 1458 016d 75696E74 		.ascii	"uint32\000"
 1458      333200
 1459              	.LASF0:
 1460 0174 756E7369 		.ascii	"unsigned int\000"
 1460      676E6564 
 1460      20696E74 
 1460      00
 1461              	.LASF35:
 1462 0181 61646472 		.ascii	"address\000"
 1462      65737300 
 1463              	.LASF8:
 1464 0189 6C6F6E67 		.ascii	"long long unsigned int\000"
 1464      206C6F6E 
 1464      6720756E 
 1464      7369676E 
 1464      65642069 
 1465              	.LASF37:
 1466 01a0 6366675F 		.ascii	"cfg_memset_t\000"
 1466      6D656D73 
ARM GAS  C:\Users\IEUser\AppData\Local\Temp\cc37hFBn.s 			page 34


 1466      65745F74 
 1466      00
 1467              	.LASF29:
 1468 01ad 62617365 		.ascii	"baseAddr\000"
 1468      41646472 
 1468      00
 1469              	.LASF9:
 1470 01b6 73697A65 		.ascii	"sizetype\000"
 1470      74797065 
 1470      00
 1471              	.LASF40:
 1472 01bf 2E5C4765 		.ascii	".\\Generated_Source\\PSoC4\\cyfitter_cfg.c\000"
 1472      6E657261 
 1472      7465645F 
 1472      536F7572 
 1472      63655C50 
 1473              	.LASF7:
 1474 01e7 6C6F6E67 		.ascii	"long long int\000"
 1474      206C6F6E 
 1474      6720696E 
 1474      7400
 1475              	.LASF10:
 1476 01f5 63686172 		.ascii	"char\000"
 1476      00
 1477              	.LASF41:
 1478 01fa 433A5C55 		.ascii	"C:\\Users\\IEUser\\Documents\\GitHub\\piezo-sensor\\"
 1478      73657273 
 1478      5C494555 
 1478      7365725C 
 1478      446F6375 
 1479 0228 4D792046 		.ascii	"My First Project.cydsn\000"
 1479      69727374 
 1479      2050726F 
 1479      6A656374 
 1479      2E637964 
 1480              	.LASF21:
 1481 023f 63795F63 		.ascii	"cy_cfg_addrvalue_t\000"
 1481      66675F61 
 1481      64647276 
 1481      616C7565 
 1481      5F7400
 1482              	.LASF19:
 1483 0252 6F666673 		.ascii	"offset\000"
 1483      657400
 1484              	.LASF3:
 1485 0259 73686F72 		.ascii	"short int\000"
 1485      7420696E 
 1485      7400
 1486              	.LASF5:
 1487 0263 6C6F6E67 		.ascii	"long int\000"
 1487      20696E74 
 1487      00
 1488              	.LASF1:
 1489 026c 7369676E 		.ascii	"signed char\000"
 1489      65642063 
 1489      68617200 
 1490              	.LASF4:
ARM GAS  C:\Users\IEUser\AppData\Local\Temp\cc37hFBn.s 			page 35


 1491 0278 73686F72 		.ascii	"short unsigned int\000"
 1491      7420756E 
 1491      7369676E 
 1491      65642069 
 1491      6E7400
 1492              	.LASF25:
 1493 028b 4359434F 		.ascii	"CYCONFIGCPYCODE\000"
 1493      4E464947 
 1493      43505943 
 1493      4F444500 
 1494              	.LASF23:
 1495 029b 4359434F 		.ascii	"CYCONFIGCPY\000"
 1495      4E464947 
 1495      43505900 
 1496              		.ident	"GCC: (GNU Tools for ARM Embedded Processors) 4.8.4 20140526 (release) [ARM/embedded-4_8-br
