Archive member included because of file (symbol)

.\CortexM0\ARM_GCC_484\Debug\My First Project.a(cyfitter_cfg.o)
                              .\CortexM0\ARM_GCC_484\Debug\Cm0Start.o (cyfitter_cfg)
.\CortexM0\ARM_GCC_484\Debug\My First Project.a(PWM_1.o)
                              .\CortexM0\ARM_GCC_484\Debug\piezoelectric.o (PWM_1_WritePeriod)
.\CortexM0\ARM_GCC_484\Debug\My First Project.a(CyBootAsmGnu.o)
                              .\CortexM0\ARM_GCC_484\Debug\My First Project.a(PWM_1.o) (CyEnterCriticalSection)
.\CortexM0\ARM_GCC_484\Debug\My First Project.a(CyLib.o)
                              .\CortexM0\ARM_GCC_484\Debug\My First Project.a(cyfitter_cfg.o) (CySysClkWriteImoFreq)
.\CortexM0\ARM_GCC_484\Debug\My First Project.a(CapSense.o)
                              .\CortexM0\ARM_GCC_484\Debug\main.o (CapSense_Start)
.\CortexM0\ARM_GCC_484\Debug\My First Project.a(CapSense_CSHL.o)
                              .\CortexM0\ARM_GCC_484\Debug\My First Project.a(CapSense.o) (CapSense_rawDataIndex)
.\CortexM0\ARM_GCC_484\Debug\My First Project.a(CapSense_INT.o)
                              .\CortexM0\ARM_GCC_484\Debug\My First Project.a(CapSense.o) (CapSense_ISR)
.\CortexM0\ARM_GCC_484\Debug\My First Project.a(CapSense_SMS.o)
                              .\CortexM0\ARM_GCC_484\Debug\My First Project.a(CapSense_CSHL.o) (CapSense_config)
.\CortexM0\ARM_GCC_484\Debug\My First Project.a(CapSense_SampleClk.o)
                              .\CortexM0\ARM_GCC_484\Debug\My First Project.a(CapSense.o) (CapSense_SampleClk_Start)
.\CortexM0\ARM_GCC_484\Debug\My First Project.a(CapSense_SenseClk.o)
                              .\CortexM0\ARM_GCC_484\Debug\My First Project.a(CapSense.o) (CapSense_SenseClk_Start)
C:\Program Files (x86)\Cypress\PSoC Creator\3.2\PSoC Creator\psoc\content\cycomponentlibrary\CyComponentLibrary.cylib\CapSense_CSD_P4_v2_20\PSoC4\Library\CapsenseP4Library_GCC.a(CSD_P4_SmartSense_v2_20.o)
                              .\CortexM0\ARM_GCC_484\Debug\My First Project.a(CapSense_SMS.o) (CalibrateSensors_P4_v2_20)
c:/program files (x86)/cypress/psoc creator/3.2/psoc creator/import/gnu/arm/4.8.4/bin/../lib/gcc/arm-none-eabi/4.8.4/armv6-m\libgcc.a(_udivsi3.o)
                              .\CortexM0\ARM_GCC_484\Debug\My First Project.a(CyLib.o) (__aeabi_uidiv)
c:/program files (x86)/cypress/psoc creator/3.2/psoc creator/import/gnu/arm/4.8.4/bin/../lib/gcc/arm-none-eabi/4.8.4/armv6-m\libgcc.a(_divsi3.o)
                              .\CortexM0\ARM_GCC_484\Debug\main.o (__aeabi_idiv)
c:/program files (x86)/cypress/psoc creator/3.2/psoc creator/import/gnu/arm/4.8.4/bin/../lib/gcc/arm-none-eabi/4.8.4/armv6-m\libgcc.a(_dvmd_tls.o)
                              c:/program files (x86)/cypress/psoc creator/3.2/psoc creator/import/gnu/arm/4.8.4/bin/../lib/gcc/arm-none-eabi/4.8.4/armv6-m\libgcc.a(_udivsi3.o) (__aeabi_idiv0)
c:/program files (x86)/cypress/psoc creator/3.2/psoc creator/import/gnu/arm/4.8.4/bin/../lib/gcc/arm-none-eabi/4.8.4/../../../../arm-none-eabi/lib/armv6-m\libg_s.a(lib_a-errno.o)
                              .\CortexM0\ARM_GCC_484\Debug\Cm0Start.o (__errno)
c:/program files (x86)/cypress/psoc creator/3.2/psoc creator/import/gnu/arm/4.8.4/bin/../lib/gcc/arm-none-eabi/4.8.4/../../../../arm-none-eabi/lib/armv6-m\libg_s.a(lib_a-exit.o)
                              c:/program files (x86)/cypress/psoc creator/3.2/psoc creator/import/gnu/arm/4.8.4/bin/../lib/gcc/arm-none-eabi/4.8.4/../../../../arm-none-eabi/lib/armv6-m/crt0.o (exit)
c:/program files (x86)/cypress/psoc creator/3.2/psoc creator/import/gnu/arm/4.8.4/bin/../lib/gcc/arm-none-eabi/4.8.4/../../../../arm-none-eabi/lib/armv6-m\libg_s.a(lib_a-impure.o)
                              c:/program files (x86)/cypress/psoc creator/3.2/psoc creator/import/gnu/arm/4.8.4/bin/../lib/gcc/arm-none-eabi/4.8.4/../../../../arm-none-eabi/lib/armv6-m\libg_s.a(lib_a-exit.o) (_global_impure_ptr)
c:/program files (x86)/cypress/psoc creator/3.2/psoc creator/import/gnu/arm/4.8.4/bin/../lib/gcc/arm-none-eabi/4.8.4/../../../../arm-none-eabi/lib/armv6-m\libg_s.a(lib_a-init.o)
                              c:/program files (x86)/cypress/psoc creator/3.2/psoc creator/import/gnu/arm/4.8.4/bin/../lib/gcc/arm-none-eabi/4.8.4/../../../../arm-none-eabi/lib/armv6-m/crt0.o (__libc_init_array)
c:/program files (x86)/cypress/psoc creator/3.2/psoc creator/import/gnu/arm/4.8.4/bin/../lib/gcc/arm-none-eabi/4.8.4/../../../../arm-none-eabi/lib/armv6-m\libg_s.a(lib_a-memcpy-stub.o)
                              .\CortexM0\ARM_GCC_484\Debug\main.o (memcpy)
c:/program files (x86)/cypress/psoc creator/3.2/psoc creator/import/gnu/arm/4.8.4/bin/../lib/gcc/arm-none-eabi/4.8.4/../../../../arm-none-eabi/lib/armv6-m\libg_s.a(lib_a-memset.o)
                              c:/program files (x86)/cypress/psoc creator/3.2/psoc creator/import/gnu/arm/4.8.4/bin/../lib/gcc/arm-none-eabi/4.8.4/../../../../arm-none-eabi/lib/armv6-m/crt0.o (memset)

Allocating common symbols
Common symbol       size              file

CapSense_noiseThreshold
                    0x1               .\CortexM0\ARM_GCC_484\Debug\My First Project.a(CapSense_CSHL.o)
CapSense_csdTrim1   0x1               .\CortexM0\ARM_GCC_484\Debug\My First Project.a(CapSense.o)
curPos              0x2               .\CortexM0\ARM_GCC_484\Debug\main.o
signRegisterTbl     0x5               .\CortexM0\ARM_GCC_484\Debug\My First Project.a(CapSense_SMS.o)
CapSense_lowBaselineResetCnt
                    0x5               .\CortexM0\ARM_GCC_484\Debug\My First Project.a(CapSense_CSHL.o)
runningDifferenceTbl
                    0x5               .\CortexM0\ARM_GCC_484\Debug\My First Project.a(CapSense_SMS.o)
CapSense_sensorEnableMaskBackup
                    0x1               .\CortexM0\ARM_GCC_484\Debug\My First Project.a(CapSense.o)
CapSense_senseClkDividerVal
                    0x5               .\CortexM0\ARM_GCC_484\Debug\My First Project.a(CapSense.o)
CapSense_negativeNoiseThreshold
                    0x1               .\CortexM0\ARM_GCC_484\Debug\My First Project.a(CapSense_CSHL.o)
CapSense_modulationIDAC
                    0x5               .\CortexM0\ARM_GCC_484\Debug\My First Project.a(CapSense.o)
sampleMinTbl        0xa               .\CortexM0\ARM_GCC_484\Debug\My First Project.a(CapSense_SMS.o)
CapSense_compensationIDAC
                    0x5               .\CortexM0\ARM_GCC_484\Debug\My First Project.a(CapSense.o)
scanSpeedTbl        0x1               .\CortexM0\ARM_GCC_484\Debug\My First Project.a(CapSense.o)
CapSense_unscannedSnsDriveMode
                    0x5               .\CortexM0\ARM_GCC_484\Debug\My First Project.a(CapSense.o)
oldPos              0x2               .\CortexM0\ARM_GCC_484\Debug\main.o
previousSampleTbl   0xa               .\CortexM0\ARM_GCC_484\Debug\My First Project.a(CapSense_SMS.o)
CapSense_sampleClkDividerVal
                    0x5               .\CortexM0\ARM_GCC_484\Debug\My First Project.a(CapSense.o)
kValueTbl           0x5               .\CortexM0\ARM_GCC_484\Debug\My First Project.a(CapSense_SMS.o)
CapSense_config     0xc               .\CortexM0\ARM_GCC_484\Debug\My First Project.a(CapSense_SMS.o)
sampleMaxTbl        0xa               .\CortexM0\ARM_GCC_484\Debug\My First Project.a(CapSense_SMS.o)
CapSense_rawFilterData1
                    0xa               .\CortexM0\ARM_GCC_484\Debug\My First Project.a(CapSense_CSHL.o)
CapSense_hysteresis
                    0x1               .\CortexM0\ARM_GCC_484\Debug\My First Project.a(CapSense_CSHL.o)
noiseEnvelopeTbl    0x5               .\CortexM0\ARM_GCC_484\Debug\My First Project.a(CapSense_SMS.o)
CapSense_fingerThreshold
                    0x1               .\CortexM0\ARM_GCC_484\Debug\My First Project.a(CapSense_CSHL.o)

Discarded input sections

 .text          0x00000000        0x0 c:/program files (x86)/cypress/psoc creator/3.2/psoc creator/import/gnu/arm/4.8.4/bin/../lib/gcc/arm-none-eabi/4.8.4/armv6-m/crti.o
 .data          0x00000000        0x0 c:/program files (x86)/cypress/psoc creator/3.2/psoc creator/import/gnu/arm/4.8.4/bin/../lib/gcc/arm-none-eabi/4.8.4/armv6-m/crti.o
 .bss           0x00000000        0x0 c:/program files (x86)/cypress/psoc creator/3.2/psoc creator/import/gnu/arm/4.8.4/bin/../lib/gcc/arm-none-eabi/4.8.4/armv6-m/crti.o
 .data          0x00000000        0x4 c:/program files (x86)/cypress/psoc creator/3.2/psoc creator/import/gnu/arm/4.8.4/bin/../lib/gcc/arm-none-eabi/4.8.4/armv6-m/crtbegin.o
 .text          0x00000000       0x78 c:/program files (x86)/cypress/psoc creator/3.2/psoc creator/import/gnu/arm/4.8.4/bin/../lib/gcc/arm-none-eabi/4.8.4/../../../../arm-none-eabi/lib/armv6-m/crt0.o
 .data          0x00000000        0x0 c:/program files (x86)/cypress/psoc creator/3.2/psoc creator/import/gnu/arm/4.8.4/bin/../lib/gcc/arm-none-eabi/4.8.4/../../../../arm-none-eabi/lib/armv6-m/crt0.o
 .bss           0x00000000        0x0 c:/program files (x86)/cypress/psoc creator/3.2/psoc creator/import/gnu/arm/4.8.4/bin/../lib/gcc/arm-none-eabi/4.8.4/../../../../arm-none-eabi/lib/armv6-m/crt0.o
 .ARM.extab     0x00000000        0x0 c:/program files (x86)/cypress/psoc creator/3.2/psoc creator/import/gnu/arm/4.8.4/bin/../lib/gcc/arm-none-eabi/4.8.4/../../../../arm-none-eabi/lib/armv6-m/crt0.o
 .ARM.exidx     0x00000000        0x8 c:/program files (x86)/cypress/psoc creator/3.2/psoc creator/import/gnu/arm/4.8.4/bin/../lib/gcc/arm-none-eabi/4.8.4/../../../../arm-none-eabi/lib/armv6-m/crt0.o
 .text          0x00000000        0x0 .\CortexM0\ARM_GCC_484\Debug\main.o
 .data          0x00000000        0x4 .\CortexM0\ARM_GCC_484\Debug\main.o
 .bss           0x00000000        0x0 .\CortexM0\ARM_GCC_484\Debug\main.o
 .text          0x00000000        0x0 .\CortexM0\ARM_GCC_484\Debug\piezoelectric.o
 .rodata        0x00000000        0x8 .\CortexM0\ARM_GCC_484\Debug\piezoelectric.o
 .text.piezo_play
                0x00000000       0x94 .\CortexM0\ARM_GCC_484\Debug\piezoelectric.o
 .text.piezo_rest
                0x00000000       0x50 .\CortexM0\ARM_GCC_484\Debug\piezoelectric.o
 .text.piezo_melody
                0x00000000       0x90 .\CortexM0\ARM_GCC_484\Debug\piezoelectric.o
 .text          0x00000000        0x0 .\CortexM0\ARM_GCC_484\Debug\cymetadata.o
 .data          0x00000000        0x0 .\CortexM0\ARM_GCC_484\Debug\cymetadata.o
 .bss           0x00000000        0x0 .\CortexM0\ARM_GCC_484\Debug\cymetadata.o
 .text          0x00000000        0x0 .\CortexM0\ARM_GCC_484\Debug\Cm0Start.o
 .data          0x00000000        0x4 .\CortexM0\ARM_GCC_484\Debug\Cm0Start.o
 .bss           0x00000000        0x0 .\CortexM0\ARM_GCC_484\Debug\Cm0Start.o
 .text._exit    0x00000000       0x14 .\CortexM0\ARM_GCC_484\Debug\Cm0Start.o
 .text._sbrk    0x00000000       0x54 .\CortexM0\ARM_GCC_484\Debug\Cm0Start.o
 .text          0x00000000        0x0 .\CortexM0\ARM_GCC_484\Debug\My First Project.a(cyfitter_cfg.o)
 .data          0x00000000        0x0 .\CortexM0\ARM_GCC_484\Debug\My First Project.a(cyfitter_cfg.o)
 .bss           0x00000000        0x0 .\CortexM0\ARM_GCC_484\Debug\My First Project.a(cyfitter_cfg.o)
 .text.CYCONFIGCPY
                0x00000000       0x24 .\CortexM0\ARM_GCC_484\Debug\My First Project.a(cyfitter_cfg.o)
 .text.CYCONFIGCPYCODE
                0x00000000       0x24 .\CortexM0\ARM_GCC_484\Debug\My First Project.a(cyfitter_cfg.o)
 .text          0x00000000        0x0 .\CortexM0\ARM_GCC_484\Debug\My First Project.a(PWM_1.o)
 .data          0x00000000        0x0 .\CortexM0\ARM_GCC_484\Debug\My First Project.a(PWM_1.o)
 .text.PWM_1_Stop
                0x00000000       0x30 .\CortexM0\ARM_GCC_484\Debug\My First Project.a(PWM_1.o)
 .text.PWM_1_SetMode
                0x00000000       0x48 .\CortexM0\ARM_GCC_484\Debug\My First Project.a(PWM_1.o)
 .text.PWM_1_SetQDMode
                0x00000000       0x48 .\CortexM0\ARM_GCC_484\Debug\My First Project.a(PWM_1.o)
 .text.PWM_1_SetPrescaler
                0x00000000       0x48 .\CortexM0\ARM_GCC_484\Debug\My First Project.a(PWM_1.o)
 .text.PWM_1_SetOneShot
                0x00000000       0x4c .\CortexM0\ARM_GCC_484\Debug\My First Project.a(PWM_1.o)
 .text.PWM_1_SetPWMMode
                0x00000000       0x1c .\CortexM0\ARM_GCC_484\Debug\My First Project.a(PWM_1.o)
 .text.PWM_1_SetPWMSyncKill
                0x00000000       0x48 .\CortexM0\ARM_GCC_484\Debug\My First Project.a(PWM_1.o)
 .text.PWM_1_SetPWMStopOnKill
                0x00000000       0x48 .\CortexM0\ARM_GCC_484\Debug\My First Project.a(PWM_1.o)
 .text.PWM_1_SetPWMDeadTime
                0x00000000       0x4c .\CortexM0\ARM_GCC_484\Debug\My First Project.a(PWM_1.o)
 .text.PWM_1_SetPWMInvert
                0x00000000       0x48 .\CortexM0\ARM_GCC_484\Debug\My First Project.a(PWM_1.o)
 .text.PWM_1_ReadCounter
                0x00000000       0x18 .\CortexM0\ARM_GCC_484\Debug\My First Project.a(PWM_1.o)
 .text.PWM_1_SetCounterMode
                0x00000000       0x48 .\CortexM0\ARM_GCC_484\Debug\My First Project.a(PWM_1.o)
 .text.PWM_1_ReadPeriod
                0x00000000       0x18 .\CortexM0\ARM_GCC_484\Debug\My First Project.a(PWM_1.o)
 .text.PWM_1_SetCompareSwap
                0x00000000       0x48 .\CortexM0\ARM_GCC_484\Debug\My First Project.a(PWM_1.o)
 .text.PWM_1_WritePeriodBuf
                0x00000000       0x1c .\CortexM0\ARM_GCC_484\Debug\My First Project.a(PWM_1.o)
 .text.PWM_1_ReadPeriodBuf
                0x00000000       0x18 .\CortexM0\ARM_GCC_484\Debug\My First Project.a(PWM_1.o)
 .text.PWM_1_SetPeriodSwap
                0x00000000       0x48 .\CortexM0\ARM_GCC_484\Debug\My First Project.a(PWM_1.o)
 .text.PWM_1_ReadCompare
                0x00000000       0x18 .\CortexM0\ARM_GCC_484\Debug\My First Project.a(PWM_1.o)
 .text.PWM_1_WriteCompareBuf
                0x00000000       0x1c .\CortexM0\ARM_GCC_484\Debug\My First Project.a(PWM_1.o)
 .text.PWM_1_ReadCompareBuf
                0x00000000       0x18 .\CortexM0\ARM_GCC_484\Debug\My First Project.a(PWM_1.o)
 .text.PWM_1_ReadCapture
                0x00000000       0x18 .\CortexM0\ARM_GCC_484\Debug\My First Project.a(PWM_1.o)
 .text.PWM_1_ReadCaptureBuf
                0x00000000       0x18 .\CortexM0\ARM_GCC_484\Debug\My First Project.a(PWM_1.o)
 .text.PWM_1_SetCaptureMode
                0x00000000       0x44 .\CortexM0\ARM_GCC_484\Debug\My First Project.a(PWM_1.o)
 .text.PWM_1_SetReloadMode
                0x00000000       0x44 .\CortexM0\ARM_GCC_484\Debug\My First Project.a(PWM_1.o)
 .text.PWM_1_SetStartMode
                0x00000000       0x48 .\CortexM0\ARM_GCC_484\Debug\My First Project.a(PWM_1.o)
 .text.PWM_1_SetStopMode
                0x00000000       0x44 .\CortexM0\ARM_GCC_484\Debug\My First Project.a(PWM_1.o)
 .text.PWM_1_SetCountMode
                0x00000000       0x44 .\CortexM0\ARM_GCC_484\Debug\My First Project.a(PWM_1.o)
 .text.PWM_1_ReadStatus
                0x00000000       0x20 .\CortexM0\ARM_GCC_484\Debug\My First Project.a(PWM_1.o)
 .text.PWM_1_GetInterruptSourceMasked
                0x00000000       0x14 .\CortexM0\ARM_GCC_484\Debug\My First Project.a(PWM_1.o)
 .text.PWM_1_GetInterruptSource
                0x00000000       0x14 .\CortexM0\ARM_GCC_484\Debug\My First Project.a(PWM_1.o)
 .text.PWM_1_ClearInterrupt
                0x00000000       0x18 .\CortexM0\ARM_GCC_484\Debug\My First Project.a(PWM_1.o)
 .text.PWM_1_SetInterrupt
                0x00000000       0x18 .\CortexM0\ARM_GCC_484\Debug\My First Project.a(PWM_1.o)
 .data          0x00000000        0x0 .\CortexM0\ARM_GCC_484\Debug\My First Project.a(CyBootAsmGnu.o)
 .bss           0x00000000        0x0 .\CortexM0\ARM_GCC_484\Debug\My First Project.a(CyBootAsmGnu.o)
 .text          0x00000000        0x0 .\CortexM0\ARM_GCC_484\Debug\My First Project.a(CyLib.o)
 .bss           0x00000000       0x18 .\CortexM0\ARM_GCC_484\Debug\My First Project.a(CyLib.o)
 .text.CySysClkImoStart
                0x00000000       0x1c .\CortexM0\ARM_GCC_484\Debug\My First Project.a(CyLib.o)
 .text.CySysClkImoStop
                0x00000000       0x18 .\CortexM0\ARM_GCC_484\Debug\My First Project.a(CyLib.o)
 .text.CySysClkWriteHfclkDirect
                0x00000000       0x44 .\CortexM0\ARM_GCC_484\Debug\My First Project.a(CyLib.o)
 .text.CySysClkWriteSysclkDiv
                0x00000000       0x44 .\CortexM0\ARM_GCC_484\Debug\My First Project.a(CyLib.o)
 .text.CySysLvdEnable
                0x00000000       0x64 .\CortexM0\ARM_GCC_484\Debug\My First Project.a(CyLib.o)
 .text.CySysLvdDisable
                0x00000000       0x28 .\CortexM0\ARM_GCC_484\Debug\My First Project.a(CyLib.o)
 .text.CySysLvdGetInterruptSource
                0x00000000       0x18 .\CortexM0\ARM_GCC_484\Debug\My First Project.a(CyLib.o)
 .text.CySysLvdClearInterrupt
                0x00000000       0x14 .\CortexM0\ARM_GCC_484\Debug\My First Project.a(CyLib.o)
 .text.CySysGetResetReason
                0x00000000       0x30 .\CortexM0\ARM_GCC_484\Debug\My First Project.a(CyLib.o)
 .text.CyDisableInts
                0x00000000       0x24 .\CortexM0\ARM_GCC_484\Debug\My First Project.a(CyLib.o)
 .text.CyEnableInts
                0x00000000       0x18 .\CortexM0\ARM_GCC_484\Debug\My First Project.a(CyLib.o)
 .text.CyIntSetSysVector
                0x00000000       0x48 .\CortexM0\ARM_GCC_484\Debug\My First Project.a(CyLib.o)
 .text.CyIntGetSysVector
                0x00000000       0x34 .\CortexM0\ARM_GCC_484\Debug\My First Project.a(CyLib.o)
 .text.CyIntGetVector
                0x00000000       0x38 .\CortexM0\ARM_GCC_484\Debug\My First Project.a(CyLib.o)
 .text.CyIntGetPriority
                0x00000000       0x58 .\CortexM0\ARM_GCC_484\Debug\My First Project.a(CyLib.o)
 .text.CyIntGetState
                0x00000000       0x34 .\CortexM0\ARM_GCC_484\Debug\My First Project.a(CyLib.o)
 .text.CyIntSetPending
                0x00000000       0x2c .\CortexM0\ARM_GCC_484\Debug\My First Project.a(CyLib.o)
 .text.CyIntClearPending
                0x00000000       0x2c .\CortexM0\ARM_GCC_484\Debug\My First Project.a(CyLib.o)
 .text.CySoftwareReset
                0x00000000       0x20 .\CortexM0\ARM_GCC_484\Debug\My First Project.a(CyLib.o)
 .text.CyDelay  0x00000000       0x48 .\CortexM0\ARM_GCC_484\Debug\My First Project.a(CyLib.o)
 .text.CyDelayFreq
                0x00000000       0x80 .\CortexM0\ARM_GCC_484\Debug\My First Project.a(CyLib.o)
 .text.CySysTickStart
                0x00000000       0x24 .\CortexM0\ARM_GCC_484\Debug\My First Project.a(CyLib.o)
 .text.CySysTickInit
                0x00000000       0x60 .\CortexM0\ARM_GCC_484\Debug\My First Project.a(CyLib.o)
 .text.CySysTickEnable
                0x00000000       0x1c .\CortexM0\ARM_GCC_484\Debug\My First Project.a(CyLib.o)
 .text.CySysTickStop
                0x00000000       0x18 .\CortexM0\ARM_GCC_484\Debug\My First Project.a(CyLib.o)
 .text.CySysTickEnableInterrupt
                0x00000000       0x18 .\CortexM0\ARM_GCC_484\Debug\My First Project.a(CyLib.o)
 .text.CySysTickDisableInterrupt
                0x00000000       0x18 .\CortexM0\ARM_GCC_484\Debug\My First Project.a(CyLib.o)
 .text.CySysTickSetReload
                0x00000000       0x1c .\CortexM0\ARM_GCC_484\Debug\My First Project.a(CyLib.o)
 .text.CySysTickGetReload
                0x00000000       0x18 .\CortexM0\ARM_GCC_484\Debug\My First Project.a(CyLib.o)
 .text.CySysTickGetValue
                0x00000000       0x18 .\CortexM0\ARM_GCC_484\Debug\My First Project.a(CyLib.o)
 .text.CySysTickGetCountFlag
                0x00000000       0x18 .\CortexM0\ARM_GCC_484\Debug\My First Project.a(CyLib.o)
 .text.CySysTickClear
                0x00000000       0x14 .\CortexM0\ARM_GCC_484\Debug\My First Project.a(CyLib.o)
 .text.CySysTickSetCallback
                0x00000000       0x2c .\CortexM0\ARM_GCC_484\Debug\My First Project.a(CyLib.o)
 .text.CySysTickGetCallback
                0x00000000       0x1c .\CortexM0\ARM_GCC_484\Debug\My First Project.a(CyLib.o)
 .text.CySysTickServiceCallbacks
                0x00000000       0x44 .\CortexM0\ARM_GCC_484\Debug\My First Project.a(CyLib.o)
 .text.CyGetUniqueId
                0x00000000       0xc0 .\CortexM0\ARM_GCC_484\Debug\My First Project.a(CyLib.o)
 .text          0x00000000        0x0 .\CortexM0\ARM_GCC_484\Debug\My First Project.a(CapSense.o)
 .text.CapSense_Stop
                0x00000000       0x38 .\CortexM0\ARM_GCC_484\Debug\My First Project.a(CapSense.o)
 .text.CapSense_ScanWidget
                0x00000000       0xdc .\CortexM0\ARM_GCC_484\Debug\My First Project.a(CapSense.o)
 .text.CapSense_WriteSensorRaw
                0x00000000       0x24 .\CortexM0\ARM_GCC_484\Debug\My First Project.a(CapSense.o)
 .text.CapSense_SetScanResolution
                0x00000000       0x20 .\CortexM0\ARM_GCC_484\Debug\My First Project.a(CapSense.o)
 .text.CapSense_GetScanResolution
                0x00000000       0x1c .\CortexM0\ARM_GCC_484\Debug\My First Project.a(CapSense.o)
 .text.CapSense_SetDriveModeAllPins
                0x00000000       0x6c .\CortexM0\ARM_GCC_484\Debug\My First Project.a(CapSense.o)
 .text.CapSense_RestoreDriveModeAllPins
                0x00000000       0x38 .\CortexM0\ARM_GCC_484\Debug\My First Project.a(CapSense.o)
 .text.CapSense_SetPinDriveMode
                0x00000000       0x5c .\CortexM0\ARM_GCC_484\Debug\My First Project.a(CapSense.o)
 .text.CapSense_EnableShieldElectrode
                0x00000000       0x80 .\CortexM0\ARM_GCC_484\Debug\My First Project.a(CapSense.o)
 .text.CapSense_ReadCurrentScanningSensor
                0x00000000       0x2c .\CortexM0\ARM_GCC_484\Debug\My First Project.a(CapSense.o)
 .text.CapSense_GetSenseClkDivider
                0x00000000       0x1c .\CortexM0\ARM_GCC_484\Debug\My First Project.a(CapSense.o)
 .text.CapSense_SetSenseClkDivider
                0x00000000       0x20 .\CortexM0\ARM_GCC_484\Debug\My First Project.a(CapSense.o)
 .text.CapSense_GetModulatorClkDivider
                0x00000000       0x1c .\CortexM0\ARM_GCC_484\Debug\My First Project.a(CapSense.o)
 .text.CapSense_SetModulatorClkDivider
                0x00000000       0x20 .\CortexM0\ARM_GCC_484\Debug\My First Project.a(CapSense.o)
 .text.CapSense_GetModulationIDAC
                0x00000000       0x1c .\CortexM0\ARM_GCC_484\Debug\My First Project.a(CapSense.o)
 .text.CapSense_SetModulationIDAC
                0x00000000       0x20 .\CortexM0\ARM_GCC_484\Debug\My First Project.a(CapSense.o)
 .text.CapSense_GetCompensationIDAC
                0x00000000       0x1c .\CortexM0\ARM_GCC_484\Debug\My First Project.a(CapSense.o)
 .text.CapSense_SetCompensationIDAC
                0x00000000       0x20 .\CortexM0\ARM_GCC_484\Debug\My First Project.a(CapSense.o)
 .text.CapSense_GetIDACRange
                0x00000000       0x20 .\CortexM0\ARM_GCC_484\Debug\My First Project.a(CapSense.o)
 .text.CapSense_SetIDACRange
                0x00000000       0x3c .\CortexM0\ARM_GCC_484\Debug\My First Project.a(CapSense.o)
 .text.CapSense_SetUnscannedSensorState
                0x00000000       0x20 .\CortexM0\ARM_GCC_484\Debug\My First Project.a(CapSense.o)
 .text          0x00000000        0x0 .\CortexM0\ARM_GCC_484\Debug\My First Project.a(CapSense_CSHL.o)
 .text.CapSense_InitializeEnabledBaselines
                0x00000000       0x50 .\CortexM0\ARM_GCC_484\Debug\My First Project.a(CapSense_CSHL.o)
 .text.CapSense_UpdateWidgetBaseline
                0x00000000       0x58 .\CortexM0\ARM_GCC_484\Debug\My First Project.a(CapSense_CSHL.o)
 .text.CapSense_GetBaselineData
                0x00000000       0x1c .\CortexM0\ARM_GCC_484\Debug\My First Project.a(CapSense_CSHL.o)
 .text.CapSense_SetBaselineData
                0x00000000       0x24 .\CortexM0\ARM_GCC_484\Debug\My First Project.a(CapSense_CSHL.o)
 .text.CapSense_GetDiffCountData
                0x00000000       0x1c .\CortexM0\ARM_GCC_484\Debug\My First Project.a(CapSense_CSHL.o)
 .text.CapSense_SetDiffCountData
                0x00000000       0x24 .\CortexM0\ARM_GCC_484\Debug\My First Project.a(CapSense_CSHL.o)
 .text.CapSense_GetFingerThreshold
                0x00000000       0x1c .\CortexM0\ARM_GCC_484\Debug\My First Project.a(CapSense_CSHL.o)
 .text.CapSense_GetNoiseThreshold
                0x00000000       0x1c .\CortexM0\ARM_GCC_484\Debug\My First Project.a(CapSense_CSHL.o)
 .text.CapSense_GetFingerHysteresis
                0x00000000       0x1c .\CortexM0\ARM_GCC_484\Debug\My First Project.a(CapSense_CSHL.o)
 .text.CapSense_GetNegativeNoiseThreshold
                0x00000000       0x1c .\CortexM0\ARM_GCC_484\Debug\My First Project.a(CapSense_CSHL.o)
 .text.CapSense_SetFingerThreshold
                0x00000000       0x24 .\CortexM0\ARM_GCC_484\Debug\My First Project.a(CapSense_CSHL.o)
 .text.CapSense_SetNoiseThreshold
                0x00000000       0x24 .\CortexM0\ARM_GCC_484\Debug\My First Project.a(CapSense_CSHL.o)
 .text.CapSense_SetFingerHysteresis
                0x00000000       0x24 .\CortexM0\ARM_GCC_484\Debug\My First Project.a(CapSense_CSHL.o)
 .text.CapSense_SetNegativeNoiseThreshold
                0x00000000       0x24 .\CortexM0\ARM_GCC_484\Debug\My First Project.a(CapSense_CSHL.o)
 .text.CapSense_SetDebounce
                0x00000000       0x24 .\CortexM0\ARM_GCC_484\Debug\My First Project.a(CapSense_CSHL.o)
 .text.CapSense_SetLowBaselineReset
                0x00000000       0x24 .\CortexM0\ARM_GCC_484\Debug\My First Project.a(CapSense_CSHL.o)
 .text.CapSense_CheckIsSensorActive
                0x00000000      0x140 .\CortexM0\ARM_GCC_484\Debug\My First Project.a(CapSense_CSHL.o)
 .text.CapSense_CheckIsWidgetActive
                0x00000000       0x44 .\CortexM0\ARM_GCC_484\Debug\My First Project.a(CapSense_CSHL.o)
 .text.CapSense_CheckIsAnyWidgetActive
                0x00000000       0x38 .\CortexM0\ARM_GCC_484\Debug\My First Project.a(CapSense_CSHL.o)
 .text.CapSense_EnableWidget
                0x00000000       0x5c .\CortexM0\ARM_GCC_484\Debug\My First Project.a(CapSense_CSHL.o)
 .text.CapSense_DisableWidget
                0x00000000       0x5c .\CortexM0\ARM_GCC_484\Debug\My First Project.a(CapSense_CSHL.o)
 .text.CapSense_GetRadialCentroidPos
                0x00000000       0x98 .\CortexM0\ARM_GCC_484\Debug\My First Project.a(CapSense_CSHL.o)
 .text.CapSense_MedianFilter
                0x00000000       0x6c .\CortexM0\ARM_GCC_484\Debug\My First Project.a(CapSense_CSHL.o)
 .text.CapSense_GetWidgetNumber
                0x00000000       0x1c .\CortexM0\ARM_GCC_484\Debug\My First Project.a(CapSense_CSHL.o)
 .text.CapSense_GetLowBaselineReset
                0x00000000       0x1c .\CortexM0\ARM_GCC_484\Debug\My First Project.a(CapSense_CSHL.o)
 .text.CapSense_GetDebounce
                0x00000000       0x1c .\CortexM0\ARM_GCC_484\Debug\My First Project.a(CapSense_CSHL.o)
 .text.CapSense_EnableRawDataFilters
                0x00000000       0x14 .\CortexM0\ARM_GCC_484\Debug\My First Project.a(CapSense_CSHL.o)
 .text.CapSense_DisableRawDataFilters
                0x00000000       0x14 .\CortexM0\ARM_GCC_484\Debug\My First Project.a(CapSense_CSHL.o)
 .text          0x00000000        0x0 .\CortexM0\ARM_GCC_484\Debug\My First Project.a(CapSense_INT.o)
 .data          0x00000000        0x0 .\CortexM0\ARM_GCC_484\Debug\My First Project.a(CapSense_INT.o)
 .text          0x00000000        0x0 .\CortexM0\ARM_GCC_484\Debug\My First Project.a(CapSense_SMS.o)
 .bss           0x00000000        0x0 .\CortexM0\ARM_GCC_484\Debug\My First Project.a(CapSense_SMS.o)
 .text.CapSense_SetSensitivity
                0x00000000       0x4c .\CortexM0\ARM_GCC_484\Debug\My First Project.a(CapSense_SMS.o)
 .text.CapSense_GetSensitivityCoefficient
                0x00000000       0x1c .\CortexM0\ARM_GCC_484\Debug\My First Project.a(CapSense_SMS.o)
 .text.CapSense_GetNoiseEnvelope
                0x00000000       0x24 .\CortexM0\ARM_GCC_484\Debug\My First Project.a(CapSense_SMS.o)
 .text.CapSense_GetNormalizedDiffCountData
                0x00000000       0x38 .\CortexM0\ARM_GCC_484\Debug\My First Project.a(CapSense_SMS.o)
 .text          0x00000000        0x0 .\CortexM0\ARM_GCC_484\Debug\My First Project.a(CapSense_SampleClk.o)
 .data          0x00000000        0x0 .\CortexM0\ARM_GCC_484\Debug\My First Project.a(CapSense_SampleClk.o)
 .bss           0x00000000        0x0 .\CortexM0\ARM_GCC_484\Debug\My First Project.a(CapSense_SampleClk.o)
 .text.CapSense_SampleClk_GetDividerRegister
                0x00000000       0x14 .\CortexM0\ARM_GCC_484\Debug\My First Project.a(CapSense_SampleClk.o)
 .text.CapSense_SampleClk_GetFractionalDividerRegister
                0x00000000        0xc .\CortexM0\ARM_GCC_484\Debug\My First Project.a(CapSense_SampleClk.o)
 .text          0x00000000        0x0 .\CortexM0\ARM_GCC_484\Debug\My First Project.a(CapSense_SenseClk.o)
 .data          0x00000000        0x0 .\CortexM0\ARM_GCC_484\Debug\My First Project.a(CapSense_SenseClk.o)
 .bss           0x00000000        0x0 .\CortexM0\ARM_GCC_484\Debug\My First Project.a(CapSense_SenseClk.o)
 .text.CapSense_SenseClk_GetDividerRegister
                0x00000000       0x14 .\CortexM0\ARM_GCC_484\Debug\My First Project.a(CapSense_SenseClk.o)
 .text.CapSense_SenseClk_GetFractionalDividerRegister
                0x00000000        0xc .\CortexM0\ARM_GCC_484\Debug\My First Project.a(CapSense_SenseClk.o)
 .text          0x00000000        0x0 C:\Program Files (x86)\Cypress\PSoC Creator\3.2\PSoC Creator\psoc\content\cycomponentlibrary\CyComponentLibrary.cylib\CapSense_CSD_P4_v2_20\PSoC4\Library\CapsenseP4Library_GCC.a(CSD_P4_SmartSense_v2_20.o)
 .data          0x00000000        0x0 C:\Program Files (x86)\Cypress\PSoC Creator\3.2\PSoC Creator\psoc\content\cycomponentlibrary\CyComponentLibrary.cylib\CapSense_CSD_P4_v2_20\PSoC4\Library\CapsenseP4Library_GCC.a(CSD_P4_SmartSense_v2_20.o)
 .bss           0x00000000        0x0 C:\Program Files (x86)\Cypress\PSoC Creator\3.2\PSoC Creator\psoc\content\cycomponentlibrary\CyComponentLibrary.cylib\CapSense_CSD_P4_v2_20\PSoC4\Library\CapsenseP4Library_GCC.a(CSD_P4_SmartSense_v2_20.o)
 .data          0x00000000        0x0 c:/program files (x86)/cypress/psoc creator/3.2/psoc creator/import/gnu/arm/4.8.4/bin/../lib/gcc/arm-none-eabi/4.8.4/armv6-m\libgcc.a(_udivsi3.o)
 .bss           0x00000000        0x0 c:/program files (x86)/cypress/psoc creator/3.2/psoc creator/import/gnu/arm/4.8.4/bin/../lib/gcc/arm-none-eabi/4.8.4/armv6-m\libgcc.a(_udivsi3.o)
 .data          0x00000000        0x0 c:/program files (x86)/cypress/psoc creator/3.2/psoc creator/import/gnu/arm/4.8.4/bin/../lib/gcc/arm-none-eabi/4.8.4/armv6-m\libgcc.a(_divsi3.o)
 .bss           0x00000000        0x0 c:/program files (x86)/cypress/psoc creator/3.2/psoc creator/import/gnu/arm/4.8.4/bin/../lib/gcc/arm-none-eabi/4.8.4/armv6-m\libgcc.a(_divsi3.o)
 .data          0x00000000        0x0 c:/program files (x86)/cypress/psoc creator/3.2/psoc creator/import/gnu/arm/4.8.4/bin/../lib/gcc/arm-none-eabi/4.8.4/armv6-m\libgcc.a(_dvmd_tls.o)
 .bss           0x00000000        0x0 c:/program files (x86)/cypress/psoc creator/3.2/psoc creator/import/gnu/arm/4.8.4/bin/../lib/gcc/arm-none-eabi/4.8.4/armv6-m\libgcc.a(_dvmd_tls.o)
 .text          0x00000000        0x0 c:/program files (x86)/cypress/psoc creator/3.2/psoc creator/import/gnu/arm/4.8.4/bin/../lib/gcc/arm-none-eabi/4.8.4/../../../../arm-none-eabi/lib/armv6-m\libg_s.a(lib_a-errno.o)
 .data          0x00000000        0x0 c:/program files (x86)/cypress/psoc creator/3.2/psoc creator/import/gnu/arm/4.8.4/bin/../lib/gcc/arm-none-eabi/4.8.4/../../../../arm-none-eabi/lib/armv6-m\libg_s.a(lib_a-errno.o)
 .bss           0x00000000        0x0 c:/program files (x86)/cypress/psoc creator/3.2/psoc creator/import/gnu/arm/4.8.4/bin/../lib/gcc/arm-none-eabi/4.8.4/../../../../arm-none-eabi/lib/armv6-m\libg_s.a(lib_a-errno.o)
 .text.__errno  0x00000000        0xc c:/program files (x86)/cypress/psoc creator/3.2/psoc creator/import/gnu/arm/4.8.4/bin/../lib/gcc/arm-none-eabi/4.8.4/../../../../arm-none-eabi/lib/armv6-m\libg_s.a(lib_a-errno.o)
 .text          0x00000000        0x0 c:/program files (x86)/cypress/psoc creator/3.2/psoc creator/import/gnu/arm/4.8.4/bin/../lib/gcc/arm-none-eabi/4.8.4/../../../../arm-none-eabi/lib/armv6-m\libg_s.a(lib_a-exit.o)
 .data          0x00000000        0x0 c:/program files (x86)/cypress/psoc creator/3.2/psoc creator/import/gnu/arm/4.8.4/bin/../lib/gcc/arm-none-eabi/4.8.4/../../../../arm-none-eabi/lib/armv6-m\libg_s.a(lib_a-exit.o)
 .bss           0x00000000        0x0 c:/program files (x86)/cypress/psoc creator/3.2/psoc creator/import/gnu/arm/4.8.4/bin/../lib/gcc/arm-none-eabi/4.8.4/../../../../arm-none-eabi/lib/armv6-m\libg_s.a(lib_a-exit.o)
 .text.exit     0x00000000       0x2c c:/program files (x86)/cypress/psoc creator/3.2/psoc creator/import/gnu/arm/4.8.4/bin/../lib/gcc/arm-none-eabi/4.8.4/../../../../arm-none-eabi/lib/armv6-m\libg_s.a(lib_a-exit.o)
 .text          0x00000000        0x0 c:/program files (x86)/cypress/psoc creator/3.2/psoc creator/import/gnu/arm/4.8.4/bin/../lib/gcc/arm-none-eabi/4.8.4/../../../../arm-none-eabi/lib/armv6-m\libg_s.a(lib_a-impure.o)
 .data          0x00000000        0x0 c:/program files (x86)/cypress/psoc creator/3.2/psoc creator/import/gnu/arm/4.8.4/bin/../lib/gcc/arm-none-eabi/4.8.4/../../../../arm-none-eabi/lib/armv6-m\libg_s.a(lib_a-impure.o)
 .bss           0x00000000        0x0 c:/program files (x86)/cypress/psoc creator/3.2/psoc creator/import/gnu/arm/4.8.4/bin/../lib/gcc/arm-none-eabi/4.8.4/../../../../arm-none-eabi/lib/armv6-m\libg_s.a(lib_a-impure.o)
 .data.impure_data
                0x00000000       0x60 c:/program files (x86)/cypress/psoc creator/3.2/psoc creator/import/gnu/arm/4.8.4/bin/../lib/gcc/arm-none-eabi/4.8.4/../../../../arm-none-eabi/lib/armv6-m\libg_s.a(lib_a-impure.o)
 .data._impure_ptr
                0x00000000        0x4 c:/program files (x86)/cypress/psoc creator/3.2/psoc creator/import/gnu/arm/4.8.4/bin/../lib/gcc/arm-none-eabi/4.8.4/../../../../arm-none-eabi/lib/armv6-m\libg_s.a(lib_a-impure.o)
 .rodata.str1.1
                0x00000000        0x2 c:/program files (x86)/cypress/psoc creator/3.2/psoc creator/import/gnu/arm/4.8.4/bin/../lib/gcc/arm-none-eabi/4.8.4/../../../../arm-none-eabi/lib/armv6-m\libg_s.a(lib_a-impure.o)
 .rodata._global_impure_ptr
                0x00000000        0x4 c:/program files (x86)/cypress/psoc creator/3.2/psoc creator/import/gnu/arm/4.8.4/bin/../lib/gcc/arm-none-eabi/4.8.4/../../../../arm-none-eabi/lib/armv6-m\libg_s.a(lib_a-impure.o)
 .text          0x00000000        0x0 c:/program files (x86)/cypress/psoc creator/3.2/psoc creator/import/gnu/arm/4.8.4/bin/../lib/gcc/arm-none-eabi/4.8.4/../../../../arm-none-eabi/lib/armv6-m\libg_s.a(lib_a-init.o)
 .data          0x00000000        0x0 c:/program files (x86)/cypress/psoc creator/3.2/psoc creator/import/gnu/arm/4.8.4/bin/../lib/gcc/arm-none-eabi/4.8.4/../../../../arm-none-eabi/lib/armv6-m\libg_s.a(lib_a-init.o)
 .bss           0x00000000        0x0 c:/program files (x86)/cypress/psoc creator/3.2/psoc creator/import/gnu/arm/4.8.4/bin/../lib/gcc/arm-none-eabi/4.8.4/../../../../arm-none-eabi/lib/armv6-m\libg_s.a(lib_a-init.o)
 .text          0x00000000        0x0 c:/program files (x86)/cypress/psoc creator/3.2/psoc creator/import/gnu/arm/4.8.4/bin/../lib/gcc/arm-none-eabi/4.8.4/../../../../arm-none-eabi/lib/armv6-m\libg_s.a(lib_a-memcpy-stub.o)
 .data          0x00000000        0x0 c:/program files (x86)/cypress/psoc creator/3.2/psoc creator/import/gnu/arm/4.8.4/bin/../lib/gcc/arm-none-eabi/4.8.4/../../../../arm-none-eabi/lib/armv6-m\libg_s.a(lib_a-memcpy-stub.o)
 .bss           0x00000000        0x0 c:/program files (x86)/cypress/psoc creator/3.2/psoc creator/import/gnu/arm/4.8.4/bin/../lib/gcc/arm-none-eabi/4.8.4/../../../../arm-none-eabi/lib/armv6-m\libg_s.a(lib_a-memcpy-stub.o)
 .text          0x00000000        0x0 c:/program files (x86)/cypress/psoc creator/3.2/psoc creator/import/gnu/arm/4.8.4/bin/../lib/gcc/arm-none-eabi/4.8.4/../../../../arm-none-eabi/lib/armv6-m\libg_s.a(lib_a-memset.o)
 .data          0x00000000        0x0 c:/program files (x86)/cypress/psoc creator/3.2/psoc creator/import/gnu/arm/4.8.4/bin/../lib/gcc/arm-none-eabi/4.8.4/../../../../arm-none-eabi/lib/armv6-m\libg_s.a(lib_a-memset.o)
 .bss           0x00000000        0x0 c:/program files (x86)/cypress/psoc creator/3.2/psoc creator/import/gnu/arm/4.8.4/bin/../lib/gcc/arm-none-eabi/4.8.4/../../../../arm-none-eabi/lib/armv6-m\libg_s.a(lib_a-memset.o)
 .text          0x00000000        0x0 c:/program files (x86)/cypress/psoc creator/3.2/psoc creator/import/gnu/arm/4.8.4/bin/../lib/gcc/arm-none-eabi/4.8.4/armv6-m/crtend.o
 .data          0x00000000        0x0 c:/program files (x86)/cypress/psoc creator/3.2/psoc creator/import/gnu/arm/4.8.4/bin/../lib/gcc/arm-none-eabi/4.8.4/armv6-m/crtend.o
 .bss           0x00000000        0x0 c:/program files (x86)/cypress/psoc creator/3.2/psoc creator/import/gnu/arm/4.8.4/bin/../lib/gcc/arm-none-eabi/4.8.4/armv6-m/crtend.o
 .text          0x00000000        0x0 c:/program files (x86)/cypress/psoc creator/3.2/psoc creator/import/gnu/arm/4.8.4/bin/../lib/gcc/arm-none-eabi/4.8.4/armv6-m/crtn.o
 .data          0x00000000        0x0 c:/program files (x86)/cypress/psoc creator/3.2/psoc creator/import/gnu/arm/4.8.4/bin/../lib/gcc/arm-none-eabi/4.8.4/armv6-m/crtn.o
 .bss           0x00000000        0x0 c:/program files (x86)/cypress/psoc creator/3.2/psoc creator/import/gnu/arm/4.8.4/bin/../lib/gcc/arm-none-eabi/4.8.4/armv6-m/crtn.o

Memory Configuration

Name             Origin             Length             Attributes
rom              0x00000000         0x00008000         xr
ram              0x20000000         0x00001000         xrw
*default*        0x00000000         0xffffffff

Linker script and memory map

LOAD c:/program files (x86)/cypress/psoc creator/3.2/psoc creator/import/gnu/arm/4.8.4/bin/../lib/gcc/arm-none-eabi/4.8.4/armv6-m/crti.o
LOAD c:/program files (x86)/cypress/psoc creator/3.2/psoc creator/import/gnu/arm/4.8.4/bin/../lib/gcc/arm-none-eabi/4.8.4/armv6-m/crtbegin.o
LOAD c:/program files (x86)/cypress/psoc creator/3.2/psoc creator/import/gnu/arm/4.8.4/bin/../lib/gcc/arm-none-eabi/4.8.4/../../../../arm-none-eabi/lib/armv6-m/crt0.o
START GROUP
LOAD .\CortexM0\ARM_GCC_484\Debug\main.o
LOAD .\CortexM0\ARM_GCC_484\Debug\piezoelectric.o
LOAD .\CortexM0\ARM_GCC_484\Debug\cymetadata.o
LOAD .\CortexM0\ARM_GCC_484\Debug\Cm0Start.o
LOAD .\CortexM0\ARM_GCC_484\Debug\My First Project.a
LOAD C:\Program Files (x86)\Cypress\PSoC Creator\3.2\PSoC Creator\psoc\content\cycomponentlibrary\CyComponentLibrary.cylib\CapSense_CSD_P4_v2_20\PSoC4\Library\CapsenseP4Library_GCC.a
LOAD C:\Program Files (x86)\Cypress\PSoC Creator\3.2\PSoC Creator\psoc\content\cycomponentlibrary\CyComponentLibrary.cylib\CortexM0\ARM_GCC_484\Debug\CyComponentLibrary.a
END GROUP
START GROUP
LOAD c:/program files (x86)/cypress/psoc creator/3.2/psoc creator/import/gnu/arm/4.8.4/bin/../lib/gcc/arm-none-eabi/4.8.4/armv6-m\libgcc.a
LOAD c:/program files (x86)/cypress/psoc creator/3.2/psoc creator/import/gnu/arm/4.8.4/bin/../lib/gcc/arm-none-eabi/4.8.4/../../../../arm-none-eabi/lib/armv6-m\libg_s.a
LOAD c:/program files (x86)/cypress/psoc creator/3.2/psoc creator/import/gnu/arm/4.8.4/bin/../lib/gcc/arm-none-eabi/4.8.4/../../../../arm-none-eabi/lib/armv6-m\libc_s.a
END GROUP
START GROUP
LOAD c:/program files (x86)/cypress/psoc creator/3.2/psoc creator/import/gnu/arm/4.8.4/bin/../lib/gcc/arm-none-eabi/4.8.4/armv6-m\libgcc.a
LOAD c:/program files (x86)/cypress/psoc creator/3.2/psoc creator/import/gnu/arm/4.8.4/bin/../lib/gcc/arm-none-eabi/4.8.4/../../../../arm-none-eabi/lib/armv6-m\libc_s.a
END GROUP
LOAD c:/program files (x86)/cypress/psoc creator/3.2/psoc creator/import/gnu/arm/4.8.4/bin/../lib/gcc/arm-none-eabi/4.8.4/armv6-m/crtend.o
LOAD c:/program files (x86)/cypress/psoc creator/3.2/psoc creator/import/gnu/arm/4.8.4/bin/../lib/gcc/arm-none-eabi/4.8.4/armv6-m/crtn.o
START GROUP
LOAD c:/program files (x86)/cypress/psoc creator/3.2/psoc creator/import/gnu/arm/4.8.4/bin/../lib/gcc/arm-none-eabi/4.8.4/armv6-m\libgcc.a
LOAD c:/program files (x86)/cypress/psoc creator/3.2/psoc creator/import/gnu/arm/4.8.4/bin/../lib/gcc/arm-none-eabi/4.8.4/../../../../arm-none-eabi/lib/armv6-m\libc.a
LOAD c:/program files (x86)/cypress/psoc creator/3.2/psoc creator/import/gnu/arm/4.8.4/bin/../lib/gcc/arm-none-eabi/4.8.4/../../../../arm-none-eabi/lib/armv6-m\libnosys.a
END GROUP
                0x00000000                CY_APPL_ORIGIN = 0x0
                0x00000080                CY_FLASH_ROW_SIZE = 0x80
                0x00000001                CY_APPL_NUM = 0x1
                0x00000040                CY_METADATA_SIZE = 0x40
                0x20000220                PROVIDE (__cy_heap_start, _end)
                0x00000001                PROVIDE (__cy_region_num, ((__cy_regions_end - __cy_regions) / 0x10))
                0x20001000                PROVIDE (__cy_stack, (ORIGIN (ram) + 0x1000))
                0x20000c00                PROVIDE (__cy_heap_end, (__cy_stack - 0x400))

.cybootloader   0x00000000        0x0
 *(.cybootloader)
                0x00000000                appl1_start = CY_APPL_ORIGIN?CY_APPL_ORIGIN:ALIGN (CY_FLASH_ROW_SIZE)
                0x00003f80                appl2_start = (appl1_start + ALIGN ((((0x8000 - appl1_start) - (0x2 * CY_FLASH_ROW_SIZE)) / 0x2), CY_FLASH_ROW_SIZE))
                0x00000000                appl_start = (CY_APPL_NUM == 0x1)?appl1_start:appl2_start

.text           0x00000000     0x255e
 CREATE_OBJECT_SYMBOLS
                0x00000000                PROVIDE (__cy_interrupt_vector, RomVectors)
 *(.romvectors)
 .romvectors    0x00000000       0x10 .\CortexM0\ARM_GCC_484\Debug\Cm0Start.o
                0x00000000                RomVectors
                0x00000001                ASSERT ((. != __cy_interrupt_vector), No interrupt vector)
                0x00000001                ASSERT (CY_APPL_ORIGIN?(SIZEOF (.cybootloader) <= CY_APPL_ORIGIN):0x1, Wrong image location)
                0x00000010                PROVIDE (__cy_reset, Reset)
 *(.text.Reset)
 .text.Reset    0x00000010        0x8 .\CortexM0\ARM_GCC_484\Debug\Cm0Start.o
                0x00000010                Reset
                0x00000001                ASSERT ((. != __cy_reset), No reset code)
 *(.psocinit)
 .psocinit      0x00000018      0x25c .\CortexM0\ARM_GCC_484\Debug\My First Project.a(cyfitter_cfg.o)
                0x000000cc                cyfitter_cfg
                0x00000274                . = MAX (., 0x100)
 *(.text .text.* .gnu.linkonce.t.*)
 .text          0x00000274       0x60 c:/program files (x86)/cypress/psoc creator/3.2/psoc creator/import/gnu/arm/4.8.4/bin/../lib/gcc/arm-none-eabi/4.8.4/armv6-m/crtbegin.o
 .text.main     0x000002d4       0x50 .\CortexM0\ARM_GCC_484\Debug\main.o
                0x000002d4                main
 .text.cap_sense_update_volume
                0x00000324       0x90 .\CortexM0\ARM_GCC_484\Debug\main.o
                0x00000324                cap_sense_update_volume
 .text.piezo_tone
                0x000003b4       0x84 .\CortexM0\ARM_GCC_484\Debug\piezoelectric.o
                0x000003b4                piezo_tone
 .text.piezo_volume
                0x00000438       0x2c .\CortexM0\ARM_GCC_484\Debug\piezoelectric.o
                0x00000438                piezo_volume
 .text.piezo_tempo
                0x00000464       0x20 .\CortexM0\ARM_GCC_484\Debug\piezoelectric.o
                0x00000464                piezo_tempo
 .text.piezo_stop
                0x00000484       0x10 .\CortexM0\ARM_GCC_484\Debug\piezoelectric.o
                0x00000484                piezo_stop
 .text.IntDefaultHandler
                0x00000494        0x8 .\CortexM0\ARM_GCC_484\Debug\Cm0Start.o
                0x00000494                IntDefaultHandler
 .text.Start_c  0x0000049c       0x98 .\CortexM0\ARM_GCC_484\Debug\Cm0Start.o
                0x0000049c                Start_c
 .text.initialize_psoc
                0x00000534       0x64 .\CortexM0\ARM_GCC_484\Debug\Cm0Start.o
                0x00000534                initialize_psoc
 .text.CYMEMZERO
                0x00000598       0x20 .\CortexM0\ARM_GCC_484\Debug\My First Project.a(cyfitter_cfg.o)
 .text.cfg_write_bytes32
                0x000005b8       0x80 .\CortexM0\ARM_GCC_484\Debug\My First Project.a(cyfitter_cfg.o)
 .text.AnalogSetDefault
                0x00000638       0x10 .\CortexM0\ARM_GCC_484\Debug\My First Project.a(cyfitter_cfg.o)
 .text.SetAnalogRoutingPumps
                0x00000648       0x70 .\CortexM0\ARM_GCC_484\Debug\My First Project.a(cyfitter_cfg.o)
                0x00000648                SetAnalogRoutingPumps
 .text.PWM_1_Init
                0x000006b8       0x5c .\CortexM0\ARM_GCC_484\Debug\My First Project.a(PWM_1.o)
                0x000006b8                PWM_1_Init
 .text.PWM_1_Enable
                0x00000714       0x38 .\CortexM0\ARM_GCC_484\Debug\My First Project.a(PWM_1.o)
                0x00000714                PWM_1_Enable
 .text.PWM_1_Start
                0x0000074c       0x24 .\CortexM0\ARM_GCC_484\Debug\My First Project.a(PWM_1.o)
                0x0000074c                PWM_1_Start
 .text.PWM_1_WriteCounter
                0x00000770       0x1c .\CortexM0\ARM_GCC_484\Debug\My First Project.a(PWM_1.o)
                0x00000770                PWM_1_WriteCounter
 .text.PWM_1_WritePeriod
                0x0000078c       0x1c .\CortexM0\ARM_GCC_484\Debug\My First Project.a(PWM_1.o)
                0x0000078c                PWM_1_WritePeriod
 .text.PWM_1_WriteCompare
                0x000007a8       0x1c .\CortexM0\ARM_GCC_484\Debug\My First Project.a(PWM_1.o)
                0x000007a8                PWM_1_WriteCompare
 .text.PWM_1_TriggerCommand
                0x000007c4       0x3c .\CortexM0\ARM_GCC_484\Debug\My First Project.a(PWM_1.o)
                0x000007c4                PWM_1_TriggerCommand
 .text.PWM_1_SetInterruptMode
                0x00000800       0x18 .\CortexM0\ARM_GCC_484\Debug\My First Project.a(PWM_1.o)
                0x00000800                PWM_1_SetInterruptMode
 .text          0x00000818       0x28 .\CortexM0\ARM_GCC_484\Debug\My First Project.a(CyBootAsmGnu.o)
                0x00000818                CyDelayCycles
                0x0000082c                CyEnterCriticalSection
                0x00000834                CyExitCriticalSection
 .text.CySysClkWriteImoFreq
                0x00000840      0x1e0 .\CortexM0\ARM_GCC_484\Debug\My First Project.a(CyLib.o)
                0x00000840                CySysClkWriteImoFreq
 .text.CyIntSetVector
                0x00000a20       0x4c .\CortexM0\ARM_GCC_484\Debug\My First Project.a(CyLib.o)
                0x00000a20                CyIntSetVector
 .text.CyIntSetPriority
                0x00000a6c       0xa8 .\CortexM0\ARM_GCC_484\Debug\My First Project.a(CyLib.o)
                0x00000a6c                CyIntSetPriority
 .text.CyIntEnable
                0x00000b14       0x2c .\CortexM0\ARM_GCC_484\Debug\My First Project.a(CyLib.o)
                0x00000b14                CyIntEnable
 .text.CyIntDisable
                0x00000b40       0x2c .\CortexM0\ARM_GCC_484\Debug\My First Project.a(CyLib.o)
                0x00000b40                CyIntDisable
 .text.CyHalt   0x00000b6c       0x14 .\CortexM0\ARM_GCC_484\Debug\My First Project.a(CyLib.o)
                0x00000b6c                CyHalt
 .text.CyDelayUs
                0x00000b80       0x28 .\CortexM0\ARM_GCC_484\Debug\My First Project.a(CyLib.o)
                0x00000b80                CyDelayUs
 .text.CapSense_Init
                0x00000ba8       0x3c .\CortexM0\ARM_GCC_484\Debug\My First Project.a(CapSense.o)
                0x00000ba8                CapSense_Init
 .text.CapSense_CsdHwBlockInit
                0x00000be4       0xc0 .\CortexM0\ARM_GCC_484\Debug\My First Project.a(CapSense.o)
                0x00000be4                CapSense_CsdHwBlockInit
 .text.CapSense_Enable
                0x00000ca4       0x50 .\CortexM0\ARM_GCC_484\Debug\My First Project.a(CapSense.o)
                0x00000ca4                CapSense_Enable
 .text.CapSense_Start
                0x00000cf4       0x44 .\CortexM0\ARM_GCC_484\Debug\My First Project.a(CapSense.o)
                0x00000cf4                CapSense_Start
 .text.CapSense_FindNextSensor
                0x00000d38       0x48 .\CortexM0\ARM_GCC_484\Debug\My First Project.a(CapSense.o)
                0x00000d38                CapSense_FindNextSensor
 .text.CapSense_ScanSensor
                0x00000d80       0x34 .\CortexM0\ARM_GCC_484\Debug\My First Project.a(CapSense.o)
                0x00000d80                CapSense_ScanSensor
 .text.CapSense_ScanEnabledWidgets
                0x00000db4       0x58 .\CortexM0\ARM_GCC_484\Debug\My First Project.a(CapSense.o)
                0x00000db4                CapSense_ScanEnabledWidgets
 .text.CapSense_IsBusy
                0x00000e0c       0x1c .\CortexM0\ARM_GCC_484\Debug\My First Project.a(CapSense.o)
                0x00000e0c                CapSense_IsBusy
 .text.CapSense_ReadSensorRaw
                0x00000e28       0x1c .\CortexM0\ARM_GCC_484\Debug\My First Project.a(CapSense.o)
                0x00000e28                CapSense_ReadSensorRaw
 .text.CapSense_ClearSensors
                0x00000e44       0x28 .\CortexM0\ARM_GCC_484\Debug\My First Project.a(CapSense.o)
                0x00000e44                CapSense_ClearSensors
 .text.CapSense_EnableSensor
                0x00000e6c       0xcc .\CortexM0\ARM_GCC_484\Debug\My First Project.a(CapSense.o)
                0x00000e6c                CapSense_EnableSensor
 .text.CapSense_DisableSensor
                0x00000f38      0x120 .\CortexM0\ARM_GCC_484\Debug\My First Project.a(CapSense.o)
                0x00000f38                CapSense_DisableSensor
 .text.CapSense_PreScan
                0x00001058      0x1d0 .\CortexM0\ARM_GCC_484\Debug\My First Project.a(CapSense.o)
                0x00001058                CapSense_PreScan
 .text.CapSense_PostScan
                0x00001228       0xc8 .\CortexM0\ARM_GCC_484\Debug\My First Project.a(CapSense.o)
                0x00001228                CapSense_PostScan
 .text.CapSense_SetShieldDelay
                0x000012f0       0x30 .\CortexM0\ARM_GCC_484\Debug\My First Project.a(CapSense.o)
                0x000012f0                CapSense_SetShieldDelay
 .text.CapSense_GetBitValue
                0x00001320       0x44 .\CortexM0\ARM_GCC_484\Debug\My First Project.a(CapSense.o)
                0x00001320                CapSense_GetBitValue
 .text.CapSense_SetBitValue
                0x00001364       0x68 .\CortexM0\ARM_GCC_484\Debug\My First Project.a(CapSense.o)
                0x00001364                CapSense_SetBitValue
 .text.CapSense_GetSensorRaw
                0x000013cc       0x50 .\CortexM0\ARM_GCC_484\Debug\My First Project.a(CapSense.o)
                0x000013cc                CapSense_GetSensorRaw
 .text.CapSense_NormalizeWidgets
                0x0000141c       0x9c .\CortexM0\ARM_GCC_484\Debug\My First Project.a(CapSense.o)
                0x0000141c                CapSense_NormalizeWidgets
 .text.CapSense_BaseInit
                0x000014b8       0x58 .\CortexM0\ARM_GCC_484\Debug\My First Project.a(CapSense_CSHL.o)
                0x000014b8                CapSense_BaseInit
 .text.CapSense_InitializeSensorBaseline
                0x00001510       0x2c .\CortexM0\ARM_GCC_484\Debug\My First Project.a(CapSense_CSHL.o)
                0x00001510                CapSense_InitializeSensorBaseline
 .text.CapSense_InitializeAllBaselines
                0x0000153c       0x28 .\CortexM0\ARM_GCC_484\Debug\My First Project.a(CapSense_CSHL.o)
                0x0000153c                CapSense_InitializeAllBaselines
 .text.CapSense_UpdateBaselineNoThreshold
                0x00001564      0x228 .\CortexM0\ARM_GCC_484\Debug\My First Project.a(CapSense_CSHL.o)
                0x00001564                CapSense_UpdateBaselineNoThreshold
 .text.CapSense_UpdateSensorBaseline
                0x0000178c       0x20 .\CortexM0\ARM_GCC_484\Debug\My First Project.a(CapSense_CSHL.o)
                0x0000178c                CapSense_UpdateSensorBaseline
 .text.CapSense_UpdateEnabledBaselines
                0x000017ac       0x40 .\CortexM0\ARM_GCC_484\Debug\My First Project.a(CapSense_CSHL.o)
                0x000017ac                CapSense_UpdateEnabledBaselines
 .text.CapSense_FindMaximum
                0x000017ec       0xac .\CortexM0\ARM_GCC_484\Debug\My First Project.a(CapSense_CSHL.o)
                0x000017ec                CapSense_FindMaximum
 .text.CapSense_CalcCentroid
                0x00001898      0x194 .\CortexM0\ARM_GCC_484\Debug\My First Project.a(CapSense_CSHL.o)
                0x00001898                CapSense_CalcCentroid
 .text.CapSense_GetCentroidPos
                0x00001a2c      0x15c .\CortexM0\ARM_GCC_484\Debug\My First Project.a(CapSense_CSHL.o)
                0x00001a2c                CapSense_GetCentroidPos
 .text.CapSense_IIR4Filter
                0x00001b88       0x3c .\CortexM0\ARM_GCC_484\Debug\My First Project.a(CapSense_CSHL.o)
                0x00001b88                CapSense_IIR4Filter
 .text.CapSense_JitterFilter
                0x00001bc4       0x4c .\CortexM0\ARM_GCC_484\Debug\My First Project.a(CapSense_CSHL.o)
                0x00001bc4                CapSense_JitterFilter
 .text.CapSense_ISR
                0x00001c10       0xd4 .\CortexM0\ARM_GCC_484\Debug\My First Project.a(CapSense_INT.o)
                0x00001c10                CapSense_ISR
 .text.CapSense_AutoTune
                0x00001ce4      0x10c .\CortexM0\ARM_GCC_484\Debug\My First Project.a(CapSense_SMS.o)
                0x00001ce4                CapSense_AutoTune
 .text.CapSense_UpdateThresholds
                0x00001df0       0xec .\CortexM0\ARM_GCC_484\Debug\My First Project.a(CapSense_SMS.o)
                0x00001df0                CapSense_UpdateThresholds
 .text.CapSense_SetAnalogSwitchesSrcDirect
                0x00001edc       0x18 .\CortexM0\ARM_GCC_484\Debug\My First Project.a(CapSense_SMS.o)
                0x00001edc                CapSense_SetAnalogSwitchesSrcDirect
 .text.CapSense_DisableBaselineIDAC
                0x00001ef4       0x34 .\CortexM0\ARM_GCC_484\Debug\My First Project.a(CapSense_SMS.o)
                0x00001ef4                CapSense_DisableBaselineIDAC
 .text.CapSense_EnableBaselineIDAC
                0x00001f28       0x8c .\CortexM0\ARM_GCC_484\Debug\My First Project.a(CapSense_SMS.o)
                0x00001f28                CapSense_EnableBaselineIDAC
 .text.CapSense_SampleClk_Start
                0x00001fb4       0x1c .\CortexM0\ARM_GCC_484\Debug\My First Project.a(CapSense_SampleClk.o)
                0x00001fb4                CapSense_SampleClk_Start
 .text.CapSense_SampleClk_Stop
                0x00001fd0       0x18 .\CortexM0\ARM_GCC_484\Debug\My First Project.a(CapSense_SampleClk.o)
                0x00001fd0                CapSense_SampleClk_Stop
 .text.CapSense_SampleClk_SetFractionalDividerRegister
                0x00001fe8       0x38 .\CortexM0\ARM_GCC_484\Debug\My First Project.a(CapSense_SampleClk.o)
                0x00001fe8                CapSense_SampleClk_SetFractionalDividerRegister
 .text.CapSense_SenseClk_Start
                0x00002020       0x1c .\CortexM0\ARM_GCC_484\Debug\My First Project.a(CapSense_SenseClk.o)
                0x00002020                CapSense_SenseClk_Start
 .text.CapSense_SenseClk_Stop
                0x0000203c       0x18 .\CortexM0\ARM_GCC_484\Debug\My First Project.a(CapSense_SenseClk.o)
                0x0000203c                CapSense_SenseClk_Stop
 .text.CapSense_SenseClk_SetFractionalDividerRegister
                0x00002054       0x38 .\CortexM0\ARM_GCC_484\Debug\My First Project.a(CapSense_SenseClk.o)
                0x00002054                CapSense_SenseClk_SetFractionalDividerRegister
 .text.CalibrateOneDAC_P4_v2_20
                0x0000208c       0x40 C:\Program Files (x86)\Cypress\PSoC Creator\3.2\PSoC Creator\psoc\content\cycomponentlibrary\CyComponentLibrary.cylib\CapSense_CSD_P4_v2_20\PSoC4\Library\CapsenseP4Library_GCC.a(CSD_P4_SmartSense_v2_20.o)
                0x0000208c                CalibrateOneDAC_P4_v2_20
 .text.CalibrateSensors_P4_v2_20
                0x000020cc       0x22 C:\Program Files (x86)\Cypress\PSoC Creator\3.2\PSoC Creator\psoc\content\cycomponentlibrary\CyComponentLibrary.cylib\CapSense_CSD_P4_v2_20\PSoC4\Library\CapsenseP4Library_GCC.a(CSD_P4_SmartSense_v2_20.o)
                0x000020cc                CalibrateSensors_P4_v2_20
 *fill*         0x000020ee        0x2 
 .text.TunePrescalers_P4_v2_20
                0x000020f0       0x48 C:\Program Files (x86)\Cypress\PSoC Creator\3.2\PSoC Creator\psoc\content\cycomponentlibrary\CyComponentLibrary.cylib\CapSense_CSD_P4_v2_20\PSoC4\Library\CapsenseP4Library_GCC.a(CSD_P4_SmartSense_v2_20.o)
                0x000020f0                TunePrescalers_P4_v2_20
 .text.TuneSensitivity_P4_v2_20
                0x00002138      0x100 C:\Program Files (x86)\Cypress\PSoC Creator\3.2\PSoC Creator\psoc\content\cycomponentlibrary\CyComponentLibrary.cylib\CapSense_CSD_P4_v2_20\PSoC4\Library\CapsenseP4Library_GCC.a(CSD_P4_SmartSense_v2_20.o)
                0x00002138                TuneSensitivity_P4_v2_20
 .text.MeasureNoiseEnvelope_P4_v2_20
                0x00002238      0x118 C:\Program Files (x86)\Cypress\PSoC Creator\3.2\PSoC Creator\psoc\content\cycomponentlibrary\CyComponentLibrary.cylib\CapSense_CSD_P4_v2_20\PSoC4\Library\CapsenseP4Library_GCC.a(CSD_P4_SmartSense_v2_20.o)
                0x00002238                MeasureNoiseEnvelope_P4_v2_20
 .text.CalculateThresholds_P4_v2_20
                0x00002350       0x40 C:\Program Files (x86)\Cypress\PSoC Creator\3.2\PSoC Creator\psoc\content\cycomponentlibrary\CyComponentLibrary.cylib\CapSense_CSD_P4_v2_20\PSoC4\Library\CapsenseP4Library_GCC.a(CSD_P4_SmartSense_v2_20.o)
                0x00002350                CalculateThresholds_P4_v2_20
 .text          0x00002390       0x9c c:/program files (x86)/cypress/psoc creator/3.2/psoc creator/import/gnu/arm/4.8.4/bin/../lib/gcc/arm-none-eabi/4.8.4/armv6-m\libgcc.a(_udivsi3.o)
                0x00002390                __aeabi_uidiv
                0x00002390                __udivsi3
                0x00002418                __aeabi_uidivmod
 .text          0x0000242c       0xc0 c:/program files (x86)/cypress/psoc creator/3.2/psoc creator/import/gnu/arm/4.8.4/bin/../lib/gcc/arm-none-eabi/4.8.4/armv6-m\libgcc.a(_divsi3.o)
                0x0000242c                __divsi3
                0x0000242c                __aeabi_idiv
                0x000024d8                __aeabi_idivmod
 .text          0x000024ec        0x4 c:/program files (x86)/cypress/psoc creator/3.2/psoc creator/import/gnu/arm/4.8.4/bin/../lib/gcc/arm-none-eabi/4.8.4/armv6-m\libgcc.a(_dvmd_tls.o)
                0x000024ec                __aeabi_idiv0
                0x000024ec                __aeabi_ldiv0
 .text.__libc_init_array
                0x000024f0       0x4c c:/program files (x86)/cypress/psoc creator/3.2/psoc creator/import/gnu/arm/4.8.4/bin/../lib/gcc/arm-none-eabi/4.8.4/../../../../arm-none-eabi/lib/armv6-m\libg_s.a(lib_a-init.o)
                0x000024f0                __libc_init_array
 .text.memcpy   0x0000253c       0x12 c:/program files (x86)/cypress/psoc creator/3.2/psoc creator/import/gnu/arm/4.8.4/bin/../lib/gcc/arm-none-eabi/4.8.4/../../../../arm-none-eabi/lib/armv6-m\libg_s.a(lib_a-memcpy-stub.o)
                0x0000253c                memcpy
 .text.memset   0x0000254e       0x10 c:/program files (x86)/cypress/psoc creator/3.2/psoc creator/import/gnu/arm/4.8.4/bin/../lib/gcc/arm-none-eabi/4.8.4/../../../../arm-none-eabi/lib/armv6-m\libg_s.a(lib_a-memset.o)
                0x0000254e                memset
 *(.plt)
 *(.gnu.warning)
 *(.glue_7t)
 .glue_7t       0x00000000        0x0 linker stubs
 *(.glue_7)
 .glue_7        0x00000000        0x0 linker stubs
 *(.vfp11_veneer)
 .vfp11_veneer  0x00000000        0x0 linker stubs
 *(.bootloader)
 *(.ARM.extab* .gnu.linkonce.armextab.*)
 *(.gcc_except_table)

.v4_bx          0x00002560        0x0
 .v4_bx         0x00000000        0x0 linker stubs

.iplt           0x00002560        0x0
 .iplt          0x00000000        0x0 c:/program files (x86)/cypress/psoc creator/3.2/psoc creator/import/gnu/arm/4.8.4/bin/../lib/gcc/arm-none-eabi/4.8.4/armv6-m/crtbegin.o

.eh_frame_hdr
 *(.eh_frame_hdr)

.eh_frame       0x00002560        0x4
 *(.eh_frame)
 .eh_frame      0x00002560        0x0 c:/program files (x86)/cypress/psoc creator/3.2/psoc creator/import/gnu/arm/4.8.4/bin/../lib/gcc/arm-none-eabi/4.8.4/armv6-m/crtbegin.o
 .eh_frame      0x00002560        0x4 c:/program files (x86)/cypress/psoc creator/3.2/psoc creator/import/gnu/arm/4.8.4/bin/../lib/gcc/arm-none-eabi/4.8.4/armv6-m/crtend.o
                0x00002564                PROVIDE (__exidx_start, .)

.ARM.exidx
 *(.ARM.exidx* .gnu.linkonce.armexidx.*)
                0x00002564                __exidx_end = .

.rodata         0x00002564      0x1ac
 *(.rodata .rodata.* .gnu.linkonce.r.*)
 .rodata        0x00002564       0x20 .\CortexM0\ARM_GCC_484\Debug\main.o
 .rodata        0x00002584       0x68 .\CortexM0\ARM_GCC_484\Debug\My First Project.a(cyfitter_cfg.o)
 .rodata        0x000025ec       0x30 .\CortexM0\ARM_GCC_484\Debug\My First Project.a(CyLib.o)
                0x000025ec                cyImoFreqMhz2Reg
 .rodata        0x0000261c       0x68 .\CortexM0\ARM_GCC_484\Debug\My First Project.a(CapSense.o)
                0x0000261c                CapSense_portTable
                0x00002624                CapSense_maskTable
                0x00002638                CapSense_pinShiftTbl
                0x00002640                CapSense_widgetNumber
                0x00002648                CapSense_prtSelTbl
                0x0000265c                CapSense_prtCfgTbl
                0x00002670                CapSense_prtDRTbl
 .rodata        0x00002684        0xc .\CortexM0\ARM_GCC_484\Debug\My First Project.a(CapSense_CSHL.o)
                0x00002684                CapSense_rawDataIndex
                0x00002688                CapSense_numberOfSensors
 .rodata        0x00002690       0x48 .\CortexM0\ARM_GCC_484\Debug\My First Project.a(CapSense_SMS.o)
                0x00002690                prescalerTable
                0x000026a0                CapSense_configPointers
                0x000026d8                . = ALIGN (0x4)
 *(.init)
 .init          0x000026d8        0x4 c:/program files (x86)/cypress/psoc creator/3.2/psoc creator/import/gnu/arm/4.8.4/bin/../lib/gcc/arm-none-eabi/4.8.4/armv6-m/crti.o
                0x000026d8                _init
 .init          0x000026dc        0x8 c:/program files (x86)/cypress/psoc creator/3.2/psoc creator/import/gnu/arm/4.8.4/bin/../lib/gcc/arm-none-eabi/4.8.4/armv6-m/crtn.o
                0x000026e4                . = ALIGN (0x4)
                0x000026e4                __preinit_array_start = .
 *(.preinit_array)
                0x000026e4                __preinit_array_end = .
                0x000026e4                . = ALIGN (0x4)
                0x000026e4                __init_array_start = .
 *(SORT(.init_array.*))
 *(.init_array)
 .init_array    0x000026e4        0x4 c:/program files (x86)/cypress/psoc creator/3.2/psoc creator/import/gnu/arm/4.8.4/bin/../lib/gcc/arm-none-eabi/4.8.4/armv6-m/crtbegin.o
 .init_array    0x000026e8        0x4 .\CortexM0\ARM_GCC_484\Debug\Cm0Start.o
                0x000026ec                __init_array_end = .
                0x000026ec                . = ALIGN (0x4)
 *(.fini)
 .fini          0x000026ec        0x4 c:/program files (x86)/cypress/psoc creator/3.2/psoc creator/import/gnu/arm/4.8.4/bin/../lib/gcc/arm-none-eabi/4.8.4/armv6-m/crti.o
                0x000026ec                _fini
 .fini          0x000026f0        0x8 c:/program files (x86)/cypress/psoc creator/3.2/psoc creator/import/gnu/arm/4.8.4/bin/../lib/gcc/arm-none-eabi/4.8.4/armv6-m/crtn.o
                0x000026f8                . = ALIGN (0x4)
                0x000026f8                __fini_array_start = .
 *(.fini_array)
 .fini_array    0x000026f8        0x4 c:/program files (x86)/cypress/psoc creator/3.2/psoc creator/import/gnu/arm/4.8.4/bin/../lib/gcc/arm-none-eabi/4.8.4/armv6-m/crtbegin.o
 *(SORT(.fini_array.*))
                0x000026fc                __fini_array_end = .
                0x000026fc                . = ALIGN (0x4)
 *crtbegin.o(.ctors)
 *(EXCLUDE_FILE(*crtend.o) .ctors)
 *(SORT(.ctors.*))
 *crtend.o(.ctors)
                0x000026fc                . = ALIGN (0x4)
 *crtbegin.o(.dtors)
 *(EXCLUDE_FILE(*crtend.o) .dtors)
 *(SORT(.dtors.*))
 *crtend.o(.dtors)
                0x000026fc                . = ALIGN (0x4)
                0x000026fc                __cy_regions = .
                0x000026fc        0x4 LONG 0x2710 __cy_region_init_ram
                0x00002700        0x4 LONG 0x200000c8 __cy_region_start_data
                0x00002704        0x4 LONG 0x50 __cy_region_init_size_ram
                0x00002708        0x4 LONG 0x108 __cy_region_zero_size_ram
                0x0000270c                __cy_regions_end = .
                0x00002710                . = ALIGN (0x8)
 *fill*         0x0000270c        0x4 
                0x00002710                _etext = .

.ramvectors     0x20000000       0xc0
                0x20000000                __cy_region_start_ram = .
 *(.ramvectors)
 .ramvectors    0x20000000       0xc0 .\CortexM0\ARM_GCC_484\Debug\Cm0Start.o
                0x20000000                CyRamVectors

.noinit         0x200000c0        0x4
 *(.noinit)
 .noinit        0x200000c0        0x4 .\CortexM0\ARM_GCC_484\Debug\Cm0Start.o

.data           0x200000c8       0x50 load address 0x00002710
                0x200000c8                __cy_region_start_data = .
 *(.jcr)
 .jcr           0x200000c8        0x0 c:/program files (x86)/cypress/psoc creator/3.2/psoc creator/import/gnu/arm/4.8.4/bin/../lib/gcc/arm-none-eabi/4.8.4/armv6-m/crtbegin.o
 .jcr           0x200000c8        0x4 c:/program files (x86)/cypress/psoc creator/3.2/psoc creator/import/gnu/arm/4.8.4/bin/../lib/gcc/arm-none-eabi/4.8.4/armv6-m/crtend.o
 *(.got.plt)
 *(.got)
 *(.shdata)
 *(.data .data.* .gnu.linkonce.d.*)
 .data          0x200000cc        0x2 .\CortexM0\ARM_GCC_484\Debug\piezoelectric.o
                0x200000cc                volume
                0x200000cd                tempo
 *fill*         0x200000ce        0x2 
 .data          0x200000d0       0x10 .\CortexM0\ARM_GCC_484\Debug\My First Project.a(CyLib.o)
                0x200000d0                cydelayFreqHz
                0x200000d4                cydelayFreqKhz
                0x200000d8                cydelayFreqMhz
                0x200000dc                cydelay32kMs
 .data          0x200000e0       0x1c .\CortexM0\ARM_GCC_484\Debug\My First Project.a(CapSense.o)
                0x200000e0                CapSense_sensorEnableMask
                0x200000e4                CapSense_pcTable
                0x200000f8                CapSense_widgetResolution
 .data          0x200000fc       0x14 .\CortexM0\ARM_GCC_484\Debug\My First Project.a(CapSense_CSHL.o)
                0x200000fc                CapSense_lowBaselineReset
                0x20000101                CapSense_enableRawFilters
                0x20000104                CapSense_debounce
 .data          0x20000110        0x8 .\CortexM0\ARM_GCC_484\Debug\My First Project.a(CapSense_SMS.o)
                0x20000110                SMS_LIB_SensorSensitivity
                0x20000118                . = ALIGN (0x8)
 *(.ram)
                0x20000118                _edata = .

.igot.plt       0x20000118        0x0 load address 0x00002760
 .igot.plt      0x00000000        0x0 c:/program files (x86)/cypress/psoc creator/3.2/psoc creator/import/gnu/arm/4.8.4/bin/../lib/gcc/arm-none-eabi/4.8.4/armv6-m/crtbegin.o

.bss            0x20000118      0x108 load address 0x00002760
                0x20000118                PROVIDE (__bss_start__, .)
 *(.shbss)
 *(.bss .bss.* .gnu.linkonce.b.*)
 .bss           0x20000118       0x1c c:/program files (x86)/cypress/psoc creator/3.2/psoc creator/import/gnu/arm/4.8.4/bin/../lib/gcc/arm-none-eabi/4.8.4/armv6-m/crtbegin.o
 .bss           0x20000134        0x2 .\CortexM0\ARM_GCC_484\Debug\piezoelectric.o
                0x20000134                current_frequency
 .bss           0x20000136        0x1 .\CortexM0\ARM_GCC_484\Debug\My First Project.a(PWM_1.o)
                0x20000136                PWM_1_initVar
 *fill*         0x20000137        0x1 
 .bss           0x20000138       0x10 .\CortexM0\ARM_GCC_484\Debug\My First Project.a(CapSense.o)
                0x20000138                CapSense_lowLevelTuningDone
                0x20000139                CapSense_prescalersTuningDone
                0x2000013a                CapSense_csdStatusVar
                0x2000013b                CapSense_sensorIndex
                0x2000013c                CapSense_sensorRaw
 .bss           0x20000148       0x28 .\CortexM0\ARM_GCC_484\Debug\My First Project.a(CapSense_CSHL.o)
                0x20000148                CapSense_sensorBaseline
                0x20000154                CapSense_sensorBaselineLow
                0x2000015c                CapSense_sensorSignal
                0x20000164                CapSense_sensorOnMask
 .bss           0x20000170        0x1 .\CortexM0\ARM_GCC_484\Debug\My First Project.a(CapSense_INT.o)
 *(COMMON)
 *fill*         0x20000171        0x1 
 COMMON         0x20000172        0x4 .\CortexM0\ARM_GCC_484\Debug\main.o
                0x20000172                curPos
                0x20000174                oldPos
 *fill*         0x20000176        0x2 
 COMMON         0x20000178       0x31 .\CortexM0\ARM_GCC_484\Debug\My First Project.a(CapSense.o)
                0x20000178                CapSense_csdTrim1
                0x2000017c                CapSense_sensorEnableMaskBackup
                0x20000180                CapSense_senseClkDividerVal
                0x20000188                CapSense_modulationIDAC
                0x20000190                CapSense_compensationIDAC
                0x20000198                scanSpeedTbl
                0x2000019c                CapSense_unscannedSnsDriveMode
                0x200001a4                CapSense_sampleClkDividerVal
 *fill*         0x200001a9        0x3 
 COMMON         0x200001ac       0x21 .\CortexM0\ARM_GCC_484\Debug\My First Project.a(CapSense_CSHL.o)
                0x200001ac                CapSense_noiseThreshold
                0x200001b0                CapSense_lowBaselineResetCnt
                0x200001b8                CapSense_negativeNoiseThreshold
                0x200001bc                CapSense_rawFilterData1
                0x200001c8                CapSense_hysteresis
                0x200001cc                CapSense_fingerThreshold
 *fill*         0x200001cd        0x3 
 COMMON         0x200001d0       0x4d .\CortexM0\ARM_GCC_484\Debug\My First Project.a(CapSense_SMS.o)
                0x200001d0                signRegisterTbl
                0x200001d8                runningDifferenceTbl
                0x200001e0                sampleMinTbl
                0x200001ec                previousSampleTbl
                0x200001f8                kValueTbl
                0x20000200                CapSense_config
                0x2000020c                sampleMaxTbl
                0x20000218                noiseEnvelopeTbl
                0x20000220                . = ALIGN (0x8)
 *fill*         0x2000021d        0x3 
 *(.ram.b)
                0x20000220                _end = .
                0x20000220                __end = .
                0x20000220                PROVIDE (end, .)
                0x20000220                PROVIDE (__bss_end__, .)
                0x00002710                __cy_region_init_ram = LOADADDR (.data)
                0x00000050                __cy_region_init_size_ram = (_edata - ADDR (.data))
                0x00000108                __cy_region_zero_size_ram = (_end - _edata)

.heap           0x20000220      0x100 load address 0x00002760
                0x20000220                . = _end
                0x20000320                . = (. + 0x100)
 *fill*         0x20000220      0x100 
                0x20000320                __cy_heap_limit = .

.stack          0x20000c00      0x400
                0x20000c00                __cy_stack_limit = .
                0x20001000                . = (. + 0x400)
 *fill*         0x20000c00      0x400 
                0x00000001                ASSERT ((__cy_stack_limit >= __cy_heap_limit), region RAM overflowed with stack)

.cyloadermeta
 *(.cyloadermeta)

.cyloadablemeta
 *(.cyloadablemeta)

.cyflashprotect
                0x90400000       0x20
 *(.cyflashprotect)
 .cyflashprotect
                0x90400000       0x20 .\CortexM0\ARM_GCC_484\Debug\cymetadata.o
                0x90400000                cy_meta_flashprotect

.cymeta         0x90500000        0xc
 *(.cymeta)
 .cymeta        0x90500000        0xc .\CortexM0\ARM_GCC_484\Debug\cymetadata.o
                0x90500000                cy_metadata

.cychipprotect  0x90600000        0x4
 *(.cychipprotect)
 .cychipprotect
                0x90600000        0x4 .\CortexM0\ARM_GCC_484\Debug\cymetadata.o
                0x90600000                cy_meta_chipprotect

.rel.dyn        0x00002760        0x0 load address 0x90600004
 .rel.iplt      0x00000000        0x0 c:/program files (x86)/cypress/psoc creator/3.2/psoc creator/import/gnu/arm/4.8.4/bin/../lib/gcc/arm-none-eabi/4.8.4/armv6-m/crtbegin.o

.stab
 *(.stab)

.stabstr
 *(.stabstr)

.debug
 *(.debug)

.line
 *(.line)

.debug_srcinfo
 *(.debug_srcinfo)

.debug_sfnames
 *(.debug_sfnames)

.debug_aranges  0x00000000      0x808
 *(.debug_aranges)
 .debug_aranges
                0x00000000       0x28 .\CortexM0\ARM_GCC_484\Debug\main.o
 .debug_aranges
                0x00000028       0x50 .\CortexM0\ARM_GCC_484\Debug\piezoelectric.o
 .debug_aranges
                0x00000078       0x18 .\CortexM0\ARM_GCC_484\Debug\cymetadata.o
 .debug_aranges
                0x00000090       0x48 .\CortexM0\ARM_GCC_484\Debug\Cm0Start.o
 .debug_aranges
                0x000000d8       0x58 .\CortexM0\ARM_GCC_484\Debug\My First Project.a(cyfitter_cfg.o)
 .debug_aranges
                0x00000130      0x158 .\CortexM0\ARM_GCC_484\Debug\My First Project.a(PWM_1.o)
 .debug_aranges
                0x00000288       0x20 .\CortexM0\ARM_GCC_484\Debug\My First Project.a(CyBootAsmGnu.o)
 .debug_aranges
                0x000002a8      0x170 .\CortexM0\ARM_GCC_484\Debug\My First Project.a(CyLib.o)
 .debug_aranges
                0x00000418      0x158 .\CortexM0\ARM_GCC_484\Debug\My First Project.a(CapSense.o)
 .debug_aranges
                0x00000570      0x150 .\CortexM0\ARM_GCC_484\Debug\My First Project.a(CapSense_CSHL.o)
 .debug_aranges
                0x000006c0       0x20 .\CortexM0\ARM_GCC_484\Debug\My First Project.a(CapSense_INT.o)
 .debug_aranges
                0x000006e0       0x60 .\CortexM0\ARM_GCC_484\Debug\My First Project.a(CapSense_SMS.o)
 .debug_aranges
                0x00000740       0x40 .\CortexM0\ARM_GCC_484\Debug\My First Project.a(CapSense_SampleClk.o)
 .debug_aranges
                0x00000780       0x40 .\CortexM0\ARM_GCC_484\Debug\My First Project.a(CapSense_SenseClk.o)
 .debug_aranges
                0x000007c0       0x48 C:\Program Files (x86)\Cypress\PSoC Creator\3.2\PSoC Creator\psoc\content\cycomponentlibrary\CyComponentLibrary.cylib\CapSense_CSD_P4_v2_20\PSoC4\Library\CapsenseP4Library_GCC.a(CSD_P4_SmartSense_v2_20.o)

.debug_pubnames
 *(.debug_pubnames)

.debug_info     0x00000000     0x44ed
 *(.debug_info .gnu.linkonce.wi.*)
 .debug_info    0x00000000      0x152 .\CortexM0\ARM_GCC_484\Debug\main.o
 .debug_info    0x00000152      0x27f .\CortexM0\ARM_GCC_484\Debug\piezoelectric.o
 .debug_info    0x000003d1       0xfd .\CortexM0\ARM_GCC_484\Debug\cymetadata.o
 .debug_info    0x000004ce      0x2fe .\CortexM0\ARM_GCC_484\Debug\Cm0Start.o
 .debug_info    0x000007cc      0x388 .\CortexM0\ARM_GCC_484\Debug\My First Project.a(cyfitter_cfg.o)
 .debug_info    0x00000b54      0x6f0 .\CortexM0\ARM_GCC_484\Debug\My First Project.a(PWM_1.o)
 .debug_info    0x00001244       0xa0 .\CortexM0\ARM_GCC_484\Debug\My First Project.a(CyBootAsmGnu.o)
 .debug_info    0x000012e4      0x852 .\CortexM0\ARM_GCC_484\Debug\My First Project.a(CyLib.o)
 .debug_info    0x00001b36      0xc36 .\CortexM0\ARM_GCC_484\Debug\My First Project.a(CapSense.o)
 .debug_info    0x0000276c      0xdfd .\CortexM0\ARM_GCC_484\Debug\My First Project.a(CapSense_CSHL.o)
 .debug_info    0x00003569      0x11b .\CortexM0\ARM_GCC_484\Debug\My First Project.a(CapSense_INT.o)
 .debug_info    0x00003684      0x5ce .\CortexM0\ARM_GCC_484\Debug\My First Project.a(CapSense_SMS.o)
 .debug_info    0x00003c52      0x14d .\CortexM0\ARM_GCC_484\Debug\My First Project.a(CapSense_SampleClk.o)
 .debug_info    0x00003d9f      0x14d .\CortexM0\ARM_GCC_484\Debug\My First Project.a(CapSense_SenseClk.o)
 .debug_info    0x00003eec      0x601 C:\Program Files (x86)\Cypress\PSoC Creator\3.2\PSoC Creator\psoc\content\cycomponentlibrary\CyComponentLibrary.cylib\CapSense_CSD_P4_v2_20\PSoC4\Library\CapsenseP4Library_GCC.a(CSD_P4_SmartSense_v2_20.o)

.debug_abbrev   0x00000000     0x1043
 *(.debug_abbrev)
 .debug_abbrev  0x00000000       0xc2 .\CortexM0\ARM_GCC_484\Debug\main.o
 .debug_abbrev  0x000000c2       0xde .\CortexM0\ARM_GCC_484\Debug\piezoelectric.o
 .debug_abbrev  0x000001a0       0x5d .\CortexM0\ARM_GCC_484\Debug\cymetadata.o
 .debug_abbrev  0x000001fd      0x1a5 .\CortexM0\ARM_GCC_484\Debug\Cm0Start.o
 .debug_abbrev  0x000003a2      0x19d .\CortexM0\ARM_GCC_484\Debug\My First Project.a(cyfitter_cfg.o)
 .debug_abbrev  0x0000053f      0x109 .\CortexM0\ARM_GCC_484\Debug\My First Project.a(PWM_1.o)
 .debug_abbrev  0x00000648       0x14 .\CortexM0\ARM_GCC_484\Debug\My First Project.a(CyBootAsmGnu.o)
 .debug_abbrev  0x0000065c      0x1a7 .\CortexM0\ARM_GCC_484\Debug\My First Project.a(CyLib.o)
 .debug_abbrev  0x00000803      0x174 .\CortexM0\ARM_GCC_484\Debug\My First Project.a(CapSense.o)
 .debug_abbrev  0x00000977      0x1c4 .\CortexM0\ARM_GCC_484\Debug\My First Project.a(CapSense_CSHL.o)
 .debug_abbrev  0x00000b3b       0x97 .\CortexM0\ARM_GCC_484\Debug\My First Project.a(CapSense_INT.o)
 .debug_abbrev  0x00000bd2      0x1a0 .\CortexM0\ARM_GCC_484\Debug\My First Project.a(CapSense_SMS.o)
 .debug_abbrev  0x00000d72       0xb5 .\CortexM0\ARM_GCC_484\Debug\My First Project.a(CapSense_SampleClk.o)
 .debug_abbrev  0x00000e27       0xb5 .\CortexM0\ARM_GCC_484\Debug\My First Project.a(CapSense_SenseClk.o)
 .debug_abbrev  0x00000edc      0x167 C:\Program Files (x86)\Cypress\PSoC Creator\3.2\PSoC Creator\psoc\content\cycomponentlibrary\CyComponentLibrary.cylib\CapSense_CSD_P4_v2_20\PSoC4\Library\CapsenseP4Library_GCC.a(CSD_P4_SmartSense_v2_20.o)

.debug_line     0x00000000     0x1c7f
 *(.debug_line)
 .debug_line    0x00000000       0xa3 .\CortexM0\ARM_GCC_484\Debug\main.o
 .debug_line    0x000000a3       0xef .\CortexM0\ARM_GCC_484\Debug\piezoelectric.o
 .debug_line    0x00000192       0x53 .\CortexM0\ARM_GCC_484\Debug\cymetadata.o
 .debug_line    0x000001e5      0x1b7 .\CortexM0\ARM_GCC_484\Debug\Cm0Start.o
 .debug_line    0x0000039c      0x1be .\CortexM0\ARM_GCC_484\Debug\My First Project.a(cyfitter_cfg.o)
 .debug_line    0x0000055a      0x375 .\CortexM0\ARM_GCC_484\Debug\My First Project.a(PWM_1.o)
 .debug_line    0x000008cf       0x69 .\CortexM0\ARM_GCC_484\Debug\My First Project.a(CyBootAsmGnu.o)
 .debug_line    0x00000938      0x448 .\CortexM0\ARM_GCC_484\Debug\My First Project.a(CyLib.o)
 .debug_line    0x00000d80      0x4ce .\CortexM0\ARM_GCC_484\Debug\My First Project.a(CapSense.o)
 .debug_line    0x0000124e      0x4a0 .\CortexM0\ARM_GCC_484\Debug\My First Project.a(CapSense_CSHL.o)
 .debug_line    0x000016ee       0x8d .\CortexM0\ARM_GCC_484\Debug\My First Project.a(CapSense_INT.o)
 .debug_line    0x0000177b      0x1a3 .\CortexM0\ARM_GCC_484\Debug\My First Project.a(CapSense_SMS.o)
 .debug_line    0x0000191e       0xd2 .\CortexM0\ARM_GCC_484\Debug\My First Project.a(CapSense_SampleClk.o)
 .debug_line    0x000019f0       0xd1 .\CortexM0\ARM_GCC_484\Debug\My First Project.a(CapSense_SenseClk.o)
 .debug_line    0x00001ac1      0x1be C:\Program Files (x86)\Cypress\PSoC Creator\3.2\PSoC Creator\psoc\content\cycomponentlibrary\CyComponentLibrary.cylib\CapSense_CSD_P4_v2_20\PSoC4\Library\CapsenseP4Library_GCC.a(CSD_P4_SmartSense_v2_20.o)

.debug_frame    0x00000000     0x1bf8
 *(.debug_frame)
 .debug_frame   0x00000000       0x4c .\CortexM0\ARM_GCC_484\Debug\main.o
 .debug_frame   0x0000004c       0xec .\CortexM0\ARM_GCC_484\Debug\piezoelectric.o
 .debug_frame   0x00000138       0xc8 .\CortexM0\ARM_GCC_484\Debug\Cm0Start.o
 .debug_frame   0x00000200      0x108 .\CortexM0\ARM_GCC_484\Debug\My First Project.a(cyfitter_cfg.o)
 .debug_frame   0x00000308      0x52c .\CortexM0\ARM_GCC_484\Debug\My First Project.a(PWM_1.o)
 .debug_frame   0x00000834      0x544 .\CortexM0\ARM_GCC_484\Debug\My First Project.a(CyLib.o)
 .debug_frame   0x00000d78      0x508 .\CortexM0\ARM_GCC_484\Debug\My First Project.a(CapSense.o)
 .debug_frame   0x00001280      0x4f8 .\CortexM0\ARM_GCC_484\Debug\My First Project.a(CapSense_CSHL.o)
 .debug_frame   0x00001778       0x2c .\CortexM0\ARM_GCC_484\Debug\My First Project.a(CapSense_INT.o)
 .debug_frame   0x000017a4      0x130 .\CortexM0\ARM_GCC_484\Debug\My First Project.a(CapSense_SMS.o)
 .debug_frame   0x000018d4       0xa0 .\CortexM0\ARM_GCC_484\Debug\My First Project.a(CapSense_SampleClk.o)
 .debug_frame   0x00001974       0xa0 .\CortexM0\ARM_GCC_484\Debug\My First Project.a(CapSense_SenseClk.o)
 .debug_frame   0x00001a14       0xe8 C:\Program Files (x86)\Cypress\PSoC Creator\3.2\PSoC Creator\psoc\content\cycomponentlibrary\CyComponentLibrary.cylib\CapSense_CSD_P4_v2_20\PSoC4\Library\CapsenseP4Library_GCC.a(CSD_P4_SmartSense_v2_20.o)
 .debug_frame   0x00001afc       0x20 c:/program files (x86)/cypress/psoc creator/3.2/psoc creator/import/gnu/arm/4.8.4/bin/../lib/gcc/arm-none-eabi/4.8.4/armv6-m\libgcc.a(_udivsi3.o)
 .debug_frame   0x00001b1c       0x20 c:/program files (x86)/cypress/psoc creator/3.2/psoc creator/import/gnu/arm/4.8.4/bin/../lib/gcc/arm-none-eabi/4.8.4/armv6-m\libgcc.a(_divsi3.o)
 .debug_frame   0x00001b3c       0x20 c:/program files (x86)/cypress/psoc creator/3.2/psoc creator/import/gnu/arm/4.8.4/bin/../lib/gcc/arm-none-eabi/4.8.4/../../../../arm-none-eabi/lib/armv6-m\libg_s.a(lib_a-errno.o)
 .debug_frame   0x00001b5c       0x28 c:/program files (x86)/cypress/psoc creator/3.2/psoc creator/import/gnu/arm/4.8.4/bin/../lib/gcc/arm-none-eabi/4.8.4/../../../../arm-none-eabi/lib/armv6-m\libg_s.a(lib_a-exit.o)
 .debug_frame   0x00001b84       0x2c c:/program files (x86)/cypress/psoc creator/3.2/psoc creator/import/gnu/arm/4.8.4/bin/../lib/gcc/arm-none-eabi/4.8.4/../../../../arm-none-eabi/lib/armv6-m\libg_s.a(lib_a-init.o)
 .debug_frame   0x00001bb0       0x28 c:/program files (x86)/cypress/psoc creator/3.2/psoc creator/import/gnu/arm/4.8.4/bin/../lib/gcc/arm-none-eabi/4.8.4/../../../../arm-none-eabi/lib/armv6-m\libg_s.a(lib_a-memcpy-stub.o)
 .debug_frame   0x00001bd8       0x20 c:/program files (x86)/cypress/psoc creator/3.2/psoc creator/import/gnu/arm/4.8.4/bin/../lib/gcc/arm-none-eabi/4.8.4/../../../../arm-none-eabi/lib/armv6-m\libg_s.a(lib_a-memset.o)

.debug_str      0x00000000     0x245d
 *(.debug_str)
 .debug_str     0x00000000      0x198 .\CortexM0\ARM_GCC_484\Debug\main.o
                                0x1dd (size before relaxing)
 .debug_str     0x00000198       0xcd .\CortexM0\ARM_GCC_484\Debug\piezoelectric.o
                                0x25c (size before relaxing)
 .debug_str     0x00000265       0x5b .\CortexM0\ARM_GCC_484\Debug\cymetadata.o
                                0x1cc (size before relaxing)
 .debug_str     0x000002c0      0x13c .\CortexM0\ARM_GCC_484\Debug\Cm0Start.o
                                0x2c0 (size before relaxing)
 .debug_str     0x000003fc      0x11e .\CortexM0\ARM_GCC_484\Debug\My First Project.a(cyfitter_cfg.o)
                                0x2d9 (size before relaxing)
 .debug_str     0x0000051a      0x3f2 .\CortexM0\ARM_GCC_484\Debug\My First Project.a(PWM_1.o)
                                0x576 (size before relaxing)
 .debug_str     0x0000090c      0x45b .\CortexM0\ARM_GCC_484\Debug\My First Project.a(CyLib.o)
                                0x60c (size before relaxing)
 .debug_str     0x00000d67      0x806 .\CortexM0\ARM_GCC_484\Debug\My First Project.a(CapSense.o)
                                0x9b2 (size before relaxing)
 .debug_str     0x0000156d      0x817 .\CortexM0\ARM_GCC_484\Debug\My First Project.a(CapSense_CSHL.o)
                                0xacf (size before relaxing)
 .debug_str     0x00001d84       0x4a .\CortexM0\ARM_GCC_484\Debug\My First Project.a(CapSense_INT.o)
                                0x22d (size before relaxing)
 .debug_str     0x00001dce      0x1d7 .\CortexM0\ARM_GCC_484\Debug\My First Project.a(CapSense_SMS.o)
                                0x686 (size before relaxing)
 .debug_str     0x00001fa5      0x10d .\CortexM0\ARM_GCC_484\Debug\My First Project.a(CapSense_SampleClk.o)
                                0x289 (size before relaxing)
 .debug_str     0x000020b2       0xdf .\CortexM0\ARM_GCC_484\Debug\My First Project.a(CapSense_SenseClk.o)
                                0x283 (size before relaxing)
 .debug_str     0x00002191      0x2cc C:\Program Files (x86)\Cypress\PSoC Creator\3.2\PSoC Creator\psoc\content\cycomponentlibrary\CyComponentLibrary.cylib\CapSense_CSD_P4_v2_20\PSoC4\Library\CapsenseP4Library_GCC.a(CSD_P4_SmartSense_v2_20.o)
                                0x593 (size before relaxing)

.debug_loc      0x00000000      0x666
 *(.debug_loc)
 .debug_loc     0x00000000      0x666 C:\Program Files (x86)\Cypress\PSoC Creator\3.2\PSoC Creator\psoc\content\cycomponentlibrary\CyComponentLibrary.cylib\CapSense_CSD_P4_v2_20\PSoC4\Library\CapsenseP4Library_GCC.a(CSD_P4_SmartSense_v2_20.o)

.debug_macinfo
 *(.debug_macinfo)

.debug_ranges   0x00000000      0x700
 *(.debug_ranges)
 .debug_ranges  0x00000000       0x18 .\CortexM0\ARM_GCC_484\Debug\main.o
 .debug_ranges  0x00000018       0x40 .\CortexM0\ARM_GCC_484\Debug\piezoelectric.o
 .debug_ranges  0x00000058       0x38 .\CortexM0\ARM_GCC_484\Debug\Cm0Start.o
 .debug_ranges  0x00000090       0x48 .\CortexM0\ARM_GCC_484\Debug\My First Project.a(cyfitter_cfg.o)
 .debug_ranges  0x000000d8      0x148 .\CortexM0\ARM_GCC_484\Debug\My First Project.a(PWM_1.o)
 .debug_ranges  0x00000220      0x160 .\CortexM0\ARM_GCC_484\Debug\My First Project.a(CyLib.o)
 .debug_ranges  0x00000380      0x148 .\CortexM0\ARM_GCC_484\Debug\My First Project.a(CapSense.o)
 .debug_ranges  0x000004c8      0x140 .\CortexM0\ARM_GCC_484\Debug\My First Project.a(CapSense_CSHL.o)
 .debug_ranges  0x00000608       0x10 .\CortexM0\ARM_GCC_484\Debug\My First Project.a(CapSense_INT.o)
 .debug_ranges  0x00000618       0x50 .\CortexM0\ARM_GCC_484\Debug\My First Project.a(CapSense_SMS.o)
 .debug_ranges  0x00000668       0x30 .\CortexM0\ARM_GCC_484\Debug\My First Project.a(CapSense_SampleClk.o)
 .debug_ranges  0x00000698       0x30 .\CortexM0\ARM_GCC_484\Debug\My First Project.a(CapSense_SenseClk.o)
 .debug_ranges  0x000006c8       0x38 C:\Program Files (x86)\Cypress\PSoC Creator\3.2\PSoC Creator\psoc\content\cycomponentlibrary\CyComponentLibrary.cylib\CapSense_CSD_P4_v2_20\PSoC4\Library\CapsenseP4Library_GCC.a(CSD_P4_SmartSense_v2_20.o)

.comment        0x00000000       0x70
 .comment       0x00000000       0x70 .\CortexM0\ARM_GCC_484\Debug\main.o
                                 0x71 (size before relaxing)
 .comment       0x00000000       0x71 .\CortexM0\ARM_GCC_484\Debug\piezoelectric.o
 .comment       0x00000000       0x71 .\CortexM0\ARM_GCC_484\Debug\cymetadata.o
 .comment       0x00000000       0x71 .\CortexM0\ARM_GCC_484\Debug\Cm0Start.o
 .comment       0x00000000       0x71 .\CortexM0\ARM_GCC_484\Debug\My First Project.a(cyfitter_cfg.o)
 .comment       0x00000000       0x71 .\CortexM0\ARM_GCC_484\Debug\My First Project.a(PWM_1.o)
 .comment       0x00000000       0x71 .\CortexM0\ARM_GCC_484\Debug\My First Project.a(CyLib.o)
 .comment       0x00000000       0x71 .\CortexM0\ARM_GCC_484\Debug\My First Project.a(CapSense.o)
 .comment       0x00000000       0x71 .\CortexM0\ARM_GCC_484\Debug\My First Project.a(CapSense_CSHL.o)
 .comment       0x00000000       0x71 .\CortexM0\ARM_GCC_484\Debug\My First Project.a(CapSense_INT.o)
 .comment       0x00000000       0x71 .\CortexM0\ARM_GCC_484\Debug\My First Project.a(CapSense_SMS.o)
 .comment       0x00000000       0x71 .\CortexM0\ARM_GCC_484\Debug\My First Project.a(CapSense_SampleClk.o)
 .comment       0x00000000       0x71 .\CortexM0\ARM_GCC_484\Debug\My First Project.a(CapSense_SenseClk.o)
 .comment       0x00000000       0x71 C:\Program Files (x86)\Cypress\PSoC Creator\3.2\PSoC Creator\psoc\content\cycomponentlibrary\CyComponentLibrary.cylib\CapSense_CSD_P4_v2_20\PSoC4\Library\CapsenseP4Library_GCC.a(CSD_P4_SmartSense_v2_20.o)

.debug_weaknames
 *(.debug_weaknames)

.debug_funcnames
 *(.debug_funcnames)

.debug_typenames
 *(.debug_typenames)

.debug_varnames
 *(.debug_varnames)

.note.gnu.arm.ident
 *(.note.gnu.arm.ident)

.ARM.attributes
                0x00000000       0x28
 *(.ARM.attributes)
 .ARM.attributes
                0x00000000       0x1e c:/program files (x86)/cypress/psoc creator/3.2/psoc creator/import/gnu/arm/4.8.4/bin/../lib/gcc/arm-none-eabi/4.8.4/armv6-m/crti.o
 .ARM.attributes
                0x0000001e       0x2c c:/program files (x86)/cypress/psoc creator/3.2/psoc creator/import/gnu/arm/4.8.4/bin/../lib/gcc/arm-none-eabi/4.8.4/armv6-m/crtbegin.o
 .ARM.attributes
                0x0000004a       0x1b c:/program files (x86)/cypress/psoc creator/3.2/psoc creator/import/gnu/arm/4.8.4/bin/../lib/gcc/arm-none-eabi/4.8.4/../../../../arm-none-eabi/lib/armv6-m/crt0.o
 .ARM.attributes
                0x00000065       0x31 .\CortexM0\ARM_GCC_484\Debug\main.o
 .ARM.attributes
                0x00000096       0x31 .\CortexM0\ARM_GCC_484\Debug\piezoelectric.o
 .ARM.attributes
                0x000000c7       0x31 .\CortexM0\ARM_GCC_484\Debug\cymetadata.o
 .ARM.attributes
                0x000000f8       0x31 .\CortexM0\ARM_GCC_484\Debug\Cm0Start.o
 .ARM.attributes
                0x00000129       0x31 .\CortexM0\ARM_GCC_484\Debug\My First Project.a(cyfitter_cfg.o)
 .ARM.attributes
                0x0000015a       0x31 .\CortexM0\ARM_GCC_484\Debug\My First Project.a(PWM_1.o)
 .ARM.attributes
                0x0000018b       0x21 .\CortexM0\ARM_GCC_484\Debug\My First Project.a(CyBootAsmGnu.o)
 .ARM.attributes
                0x000001ac       0x31 .\CortexM0\ARM_GCC_484\Debug\My First Project.a(CyLib.o)
 .ARM.attributes
                0x000001dd       0x31 .\CortexM0\ARM_GCC_484\Debug\My First Project.a(CapSense.o)
 .ARM.attributes
                0x0000020e       0x31 .\CortexM0\ARM_GCC_484\Debug\My First Project.a(CapSense_CSHL.o)
 .ARM.attributes
                0x0000023f       0x31 .\CortexM0\ARM_GCC_484\Debug\My First Project.a(CapSense_INT.o)
 .ARM.attributes
                0x00000270       0x31 .\CortexM0\ARM_GCC_484\Debug\My First Project.a(CapSense_SMS.o)
 .ARM.attributes
                0x000002a1       0x31 .\CortexM0\ARM_GCC_484\Debug\My First Project.a(CapSense_SampleClk.o)
 .ARM.attributes
                0x000002d2       0x31 .\CortexM0\ARM_GCC_484\Debug\My First Project.a(CapSense_SenseClk.o)
 .ARM.attributes
                0x00000303       0x31 C:\Program Files (x86)\Cypress\PSoC Creator\3.2\PSoC Creator\psoc\content\cycomponentlibrary\CyComponentLibrary.cylib\CapSense_CSD_P4_v2_20\PSoC4\Library\CapsenseP4Library_GCC.a(CSD_P4_SmartSense_v2_20.o)
 .ARM.attributes
                0x00000334       0x1e c:/program files (x86)/cypress/psoc creator/3.2/psoc creator/import/gnu/arm/4.8.4/bin/../lib/gcc/arm-none-eabi/4.8.4/armv6-m\libgcc.a(_udivsi3.o)
 .ARM.attributes
                0x00000352       0x1e c:/program files (x86)/cypress/psoc creator/3.2/psoc creator/import/gnu/arm/4.8.4/bin/../lib/gcc/arm-none-eabi/4.8.4/armv6-m\libgcc.a(_divsi3.o)
 .ARM.attributes
                0x00000370       0x1e c:/program files (x86)/cypress/psoc creator/3.2/psoc creator/import/gnu/arm/4.8.4/bin/../lib/gcc/arm-none-eabi/4.8.4/armv6-m\libgcc.a(_dvmd_tls.o)
 .ARM.attributes
                0x0000038e       0x2c c:/program files (x86)/cypress/psoc creator/3.2/psoc creator/import/gnu/arm/4.8.4/bin/../lib/gcc/arm-none-eabi/4.8.4/../../../../arm-none-eabi/lib/armv6-m\libg_s.a(lib_a-errno.o)
 .ARM.attributes
                0x000003ba       0x2c c:/program files (x86)/cypress/psoc creator/3.2/psoc creator/import/gnu/arm/4.8.4/bin/../lib/gcc/arm-none-eabi/4.8.4/../../../../arm-none-eabi/lib/armv6-m\libg_s.a(lib_a-exit.o)
 .ARM.attributes
                0x000003e6       0x2c c:/program files (x86)/cypress/psoc creator/3.2/psoc creator/import/gnu/arm/4.8.4/bin/../lib/gcc/arm-none-eabi/4.8.4/../../../../arm-none-eabi/lib/armv6-m\libg_s.a(lib_a-impure.o)
 .ARM.attributes
                0x00000412       0x2c c:/program files (x86)/cypress/psoc creator/3.2/psoc creator/import/gnu/arm/4.8.4/bin/../lib/gcc/arm-none-eabi/4.8.4/../../../../arm-none-eabi/lib/armv6-m\libg_s.a(lib_a-init.o)
 .ARM.attributes
                0x0000043e       0x2c c:/program files (x86)/cypress/psoc creator/3.2/psoc creator/import/gnu/arm/4.8.4/bin/../lib/gcc/arm-none-eabi/4.8.4/../../../../arm-none-eabi/lib/armv6-m\libg_s.a(lib_a-memcpy-stub.o)
 .ARM.attributes
                0x0000046a       0x2c c:/program files (x86)/cypress/psoc creator/3.2/psoc creator/import/gnu/arm/4.8.4/bin/../lib/gcc/arm-none-eabi/4.8.4/../../../../arm-none-eabi/lib/armv6-m\libg_s.a(lib_a-memset.o)
 .ARM.attributes
                0x00000496       0x2c c:/program files (x86)/cypress/psoc creator/3.2/psoc creator/import/gnu/arm/4.8.4/bin/../lib/gcc/arm-none-eabi/4.8.4/armv6-m/crtend.o
 .ARM.attributes
                0x000004c2       0x1e c:/program files (x86)/cypress/psoc creator/3.2/psoc creator/import/gnu/arm/4.8.4/bin/../lib/gcc/arm-none-eabi/4.8.4/armv6-m/crtn.o

/DISCARD/
 *(.note.GNU-stack)
OUTPUT(.\CortexM0\ARM_GCC_484\Debug\My First Project.elf elf32-littlearm)
