ARM GAS  C:\Users\IEUser\AppData\Local\Temp\ccsMQZXY.s 			page 1


   1              		.cpu cortex-m0
   2              		.fpu softvfp
   3              		.eabi_attribute 20, 1
   4              		.eabi_attribute 21, 1
   5              		.eabi_attribute 23, 3
   6              		.eabi_attribute 24, 1
   7              		.eabi_attribute 25, 1
   8              		.eabi_attribute 26, 1
   9              		.eabi_attribute 30, 6
  10              		.eabi_attribute 34, 0
  11              		.eabi_attribute 18, 4
  12              		.code	16
  13              		.file	"PIEZO_PIN.c"
  14              		.text
  15              	.Ltext0:
  16              		.cfi_sections	.debug_frame
  17              		.section	.text.PIEZO_PIN_Write,"ax",%progbits
  18              		.align	2
  19              		.global	PIEZO_PIN_Write
  20              		.code	16
  21              		.thumb_func
  22              		.type	PIEZO_PIN_Write, %function
  23              	PIEZO_PIN_Write:
  24              	.LFB0:
  25              		.file 1 ".\\Generated_Source\\PSoC4\\PIEZO_PIN.c"
   1:.\Generated_Source\PSoC4/PIEZO_PIN.c **** /*******************************************************************************
   2:.\Generated_Source\PSoC4/PIEZO_PIN.c **** * File Name: PIEZO_PIN.c  
   3:.\Generated_Source\PSoC4/PIEZO_PIN.c **** * Version 2.5
   4:.\Generated_Source\PSoC4/PIEZO_PIN.c **** *
   5:.\Generated_Source\PSoC4/PIEZO_PIN.c **** * Description:
   6:.\Generated_Source\PSoC4/PIEZO_PIN.c **** *  This file contains API to enable firmware control of a Pins component.
   7:.\Generated_Source\PSoC4/PIEZO_PIN.c **** *
   8:.\Generated_Source\PSoC4/PIEZO_PIN.c **** * Note:
   9:.\Generated_Source\PSoC4/PIEZO_PIN.c **** *
  10:.\Generated_Source\PSoC4/PIEZO_PIN.c **** ********************************************************************************
  11:.\Generated_Source\PSoC4/PIEZO_PIN.c **** * Copyright 2008-2014, Cypress Semiconductor Corporation.  All rights reserved.
  12:.\Generated_Source\PSoC4/PIEZO_PIN.c **** * You may use this file only in accordance with the license, terms, conditions, 
  13:.\Generated_Source\PSoC4/PIEZO_PIN.c **** * disclaimers, and limitations in the end user license agreement accompanying 
  14:.\Generated_Source\PSoC4/PIEZO_PIN.c **** * the software package with which this file was provided.
  15:.\Generated_Source\PSoC4/PIEZO_PIN.c **** *******************************************************************************/
  16:.\Generated_Source\PSoC4/PIEZO_PIN.c **** 
  17:.\Generated_Source\PSoC4/PIEZO_PIN.c **** #include "cytypes.h"
  18:.\Generated_Source\PSoC4/PIEZO_PIN.c **** #include "PIEZO_PIN.h"
  19:.\Generated_Source\PSoC4/PIEZO_PIN.c **** 
  20:.\Generated_Source\PSoC4/PIEZO_PIN.c **** #define SetP4PinDriveMode(shift, mode)  \
  21:.\Generated_Source\PSoC4/PIEZO_PIN.c ****     do { \
  22:.\Generated_Source\PSoC4/PIEZO_PIN.c ****         PIEZO_PIN_PC =   (PIEZO_PIN_PC & \
  23:.\Generated_Source\PSoC4/PIEZO_PIN.c ****                                 (uint32)(~(uint32)(PIEZO_PIN_DRIVE_MODE_IND_MASK << (PIEZO_PIN_DRIV
  24:.\Generated_Source\PSoC4/PIEZO_PIN.c ****                                 (uint32)((uint32)(mode) << (PIEZO_PIN_DRIVE_MODE_BITS * (shift))); 
  25:.\Generated_Source\PSoC4/PIEZO_PIN.c ****     } while (0)
  26:.\Generated_Source\PSoC4/PIEZO_PIN.c **** 
  27:.\Generated_Source\PSoC4/PIEZO_PIN.c **** 
  28:.\Generated_Source\PSoC4/PIEZO_PIN.c **** /*******************************************************************************
  29:.\Generated_Source\PSoC4/PIEZO_PIN.c **** * Function Name: PIEZO_PIN_Write
  30:.\Generated_Source\PSoC4/PIEZO_PIN.c **** ********************************************************************************
  31:.\Generated_Source\PSoC4/PIEZO_PIN.c **** *
  32:.\Generated_Source\PSoC4/PIEZO_PIN.c **** * Summary:
ARM GAS  C:\Users\IEUser\AppData\Local\Temp\ccsMQZXY.s 			page 2


  33:.\Generated_Source\PSoC4/PIEZO_PIN.c **** *  Assign a new value to the digital port's data output register.  
  34:.\Generated_Source\PSoC4/PIEZO_PIN.c **** *
  35:.\Generated_Source\PSoC4/PIEZO_PIN.c **** * Parameters:  
  36:.\Generated_Source\PSoC4/PIEZO_PIN.c **** *  prtValue:  The value to be assigned to the Digital Port. 
  37:.\Generated_Source\PSoC4/PIEZO_PIN.c **** *
  38:.\Generated_Source\PSoC4/PIEZO_PIN.c **** * Return: 
  39:.\Generated_Source\PSoC4/PIEZO_PIN.c **** *  None 
  40:.\Generated_Source\PSoC4/PIEZO_PIN.c **** *  
  41:.\Generated_Source\PSoC4/PIEZO_PIN.c **** *******************************************************************************/
  42:.\Generated_Source\PSoC4/PIEZO_PIN.c **** void PIEZO_PIN_Write(uint8 value) 
  43:.\Generated_Source\PSoC4/PIEZO_PIN.c **** {
  26              		.loc 1 43 0
  27              		.cfi_startproc
  28 0000 80B5     		push	{r7, lr}
  29              		.cfi_def_cfa_offset 8
  30              		.cfi_offset 7, -8
  31              		.cfi_offset 14, -4
  32 0002 84B0     		sub	sp, sp, #16
  33              		.cfi_def_cfa_offset 24
  34 0004 00AF     		add	r7, sp, #0
  35              		.cfi_def_cfa_register 7
  36 0006 021C     		mov	r2, r0
  37 0008 FB1D     		add	r3, r7, #7
  38 000a 1A70     		strb	r2, [r3]
  44:.\Generated_Source\PSoC4/PIEZO_PIN.c ****     uint8 drVal = (uint8)(PIEZO_PIN_DR & (uint8)(~PIEZO_PIN_MASK));
  39              		.loc 1 44 0
  40 000c 0E4B     		ldr	r3, .L2
  41 000e 1B68     		ldr	r3, [r3]
  42 0010 DAB2     		uxtb	r2, r3
  43 0012 3B1C     		mov	r3, r7
  44 0014 0F33     		add	r3, r3, #15
  45 0016 1021     		mov	r1, #16
  46 0018 8A43     		bic	r2, r1
  47 001a 1A70     		strb	r2, [r3]
  45:.\Generated_Source\PSoC4/PIEZO_PIN.c ****     drVal = (drVal | ((uint8)(value << PIEZO_PIN_SHIFT) & PIEZO_PIN_MASK));
  48              		.loc 1 45 0
  49 001c FB1D     		add	r3, r7, #7
  50 001e 1B78     		ldrb	r3, [r3]
  51 0020 1B01     		lsl	r3, r3, #4
  52 0022 DAB2     		uxtb	r2, r3
  53 0024 1023     		mov	r3, #16
  54 0026 1340     		and	r3, r2
  55 0028 D9B2     		uxtb	r1, r3
  56 002a 3B1C     		mov	r3, r7
  57 002c 0F33     		add	r3, r3, #15
  58 002e 3A1C     		mov	r2, r7
  59 0030 0F32     		add	r2, r2, #15
  60 0032 1278     		ldrb	r2, [r2]
  61 0034 0A43     		orr	r2, r1
  62 0036 1A70     		strb	r2, [r3]
  46:.\Generated_Source\PSoC4/PIEZO_PIN.c ****     PIEZO_PIN_DR = (uint32)drVal;
  63              		.loc 1 46 0
  64 0038 034B     		ldr	r3, .L2
  65 003a 3A1C     		mov	r2, r7
  66 003c 0F32     		add	r2, r2, #15
  67 003e 1278     		ldrb	r2, [r2]
  68 0040 1A60     		str	r2, [r3]
ARM GAS  C:\Users\IEUser\AppData\Local\Temp\ccsMQZXY.s 			page 3


  47:.\Generated_Source\PSoC4/PIEZO_PIN.c **** }
  69              		.loc 1 47 0
  70 0042 BD46     		mov	sp, r7
  71 0044 04B0     		add	sp, sp, #16
  72              		@ sp needed
  73 0046 80BD     		pop	{r7, pc}
  74              	.L3:
  75              		.align	2
  76              	.L2:
  77 0048 00000440 		.word	1074003968
  78              		.cfi_endproc
  79              	.LFE0:
  80              		.size	PIEZO_PIN_Write, .-PIEZO_PIN_Write
  81              		.section	.text.PIEZO_PIN_SetDriveMode,"ax",%progbits
  82              		.align	2
  83              		.global	PIEZO_PIN_SetDriveMode
  84              		.code	16
  85              		.thumb_func
  86              		.type	PIEZO_PIN_SetDriveMode, %function
  87              	PIEZO_PIN_SetDriveMode:
  88              	.LFB1:
  48:.\Generated_Source\PSoC4/PIEZO_PIN.c **** 
  49:.\Generated_Source\PSoC4/PIEZO_PIN.c **** 
  50:.\Generated_Source\PSoC4/PIEZO_PIN.c **** /*******************************************************************************
  51:.\Generated_Source\PSoC4/PIEZO_PIN.c **** * Function Name: PIEZO_PIN_SetDriveMode
  52:.\Generated_Source\PSoC4/PIEZO_PIN.c **** ********************************************************************************
  53:.\Generated_Source\PSoC4/PIEZO_PIN.c **** *
  54:.\Generated_Source\PSoC4/PIEZO_PIN.c **** * Summary:
  55:.\Generated_Source\PSoC4/PIEZO_PIN.c **** *  Change the drive mode on the pins of the port.
  56:.\Generated_Source\PSoC4/PIEZO_PIN.c **** * 
  57:.\Generated_Source\PSoC4/PIEZO_PIN.c **** * Parameters:  
  58:.\Generated_Source\PSoC4/PIEZO_PIN.c **** *  mode:  Change the pins to one of the following drive modes.
  59:.\Generated_Source\PSoC4/PIEZO_PIN.c **** *
  60:.\Generated_Source\PSoC4/PIEZO_PIN.c **** *  PIEZO_PIN_DM_STRONG     Strong Drive 
  61:.\Generated_Source\PSoC4/PIEZO_PIN.c **** *  PIEZO_PIN_DM_OD_HI      Open Drain, Drives High 
  62:.\Generated_Source\PSoC4/PIEZO_PIN.c **** *  PIEZO_PIN_DM_OD_LO      Open Drain, Drives Low 
  63:.\Generated_Source\PSoC4/PIEZO_PIN.c **** *  PIEZO_PIN_DM_RES_UP     Resistive Pull Up 
  64:.\Generated_Source\PSoC4/PIEZO_PIN.c **** *  PIEZO_PIN_DM_RES_DWN    Resistive Pull Down 
  65:.\Generated_Source\PSoC4/PIEZO_PIN.c **** *  PIEZO_PIN_DM_RES_UPDWN  Resistive Pull Up/Down 
  66:.\Generated_Source\PSoC4/PIEZO_PIN.c **** *  PIEZO_PIN_DM_DIG_HIZ    High Impedance Digital 
  67:.\Generated_Source\PSoC4/PIEZO_PIN.c **** *  PIEZO_PIN_DM_ALG_HIZ    High Impedance Analog 
  68:.\Generated_Source\PSoC4/PIEZO_PIN.c **** *
  69:.\Generated_Source\PSoC4/PIEZO_PIN.c **** * Return: 
  70:.\Generated_Source\PSoC4/PIEZO_PIN.c **** *  None
  71:.\Generated_Source\PSoC4/PIEZO_PIN.c **** *
  72:.\Generated_Source\PSoC4/PIEZO_PIN.c **** *******************************************************************************/
  73:.\Generated_Source\PSoC4/PIEZO_PIN.c **** void PIEZO_PIN_SetDriveMode(uint8 mode) 
  74:.\Generated_Source\PSoC4/PIEZO_PIN.c **** {
  89              		.loc 1 74 0
  90              		.cfi_startproc
  91 0000 80B5     		push	{r7, lr}
  92              		.cfi_def_cfa_offset 8
  93              		.cfi_offset 7, -8
  94              		.cfi_offset 14, -4
  95 0002 82B0     		sub	sp, sp, #8
  96              		.cfi_def_cfa_offset 16
  97 0004 00AF     		add	r7, sp, #0
ARM GAS  C:\Users\IEUser\AppData\Local\Temp\ccsMQZXY.s 			page 4


  98              		.cfi_def_cfa_register 7
  99 0006 021C     		mov	r2, r0
 100 0008 FB1D     		add	r3, r7, #7
 101 000a 1A70     		strb	r2, [r3]
  75:.\Generated_Source\PSoC4/PIEZO_PIN.c **** 	SetP4PinDriveMode(PIEZO_PIN__0__SHIFT, mode);
 102              		.loc 1 75 0
 103 000c 064B     		ldr	r3, .L5
 104 000e 064A     		ldr	r2, .L5
 105 0010 1168     		ldr	r1, [r2]
 106 0012 064A     		ldr	r2, .L5+4
 107 0014 1140     		and	r1, r2
 108 0016 FA1D     		add	r2, r7, #7
 109 0018 1278     		ldrb	r2, [r2]
 110 001a 1203     		lsl	r2, r2, #12
 111 001c 0A43     		orr	r2, r1
 112 001e 1A60     		str	r2, [r3]
  76:.\Generated_Source\PSoC4/PIEZO_PIN.c **** }
 113              		.loc 1 76 0
 114 0020 BD46     		mov	sp, r7
 115 0022 02B0     		add	sp, sp, #8
 116              		@ sp needed
 117 0024 80BD     		pop	{r7, pc}
 118              	.L6:
 119 0026 C046     		.align	2
 120              	.L5:
 121 0028 08000440 		.word	1074003976
 122 002c FF8FFFFF 		.word	-28673
 123              		.cfi_endproc
 124              	.LFE1:
 125              		.size	PIEZO_PIN_SetDriveMode, .-PIEZO_PIN_SetDriveMode
 126              		.section	.text.PIEZO_PIN_Read,"ax",%progbits
 127              		.align	2
 128              		.global	PIEZO_PIN_Read
 129              		.code	16
 130              		.thumb_func
 131              		.type	PIEZO_PIN_Read, %function
 132              	PIEZO_PIN_Read:
 133              	.LFB2:
  77:.\Generated_Source\PSoC4/PIEZO_PIN.c **** 
  78:.\Generated_Source\PSoC4/PIEZO_PIN.c **** 
  79:.\Generated_Source\PSoC4/PIEZO_PIN.c **** /*******************************************************************************
  80:.\Generated_Source\PSoC4/PIEZO_PIN.c **** * Function Name: PIEZO_PIN_Read
  81:.\Generated_Source\PSoC4/PIEZO_PIN.c **** ********************************************************************************
  82:.\Generated_Source\PSoC4/PIEZO_PIN.c **** *
  83:.\Generated_Source\PSoC4/PIEZO_PIN.c **** * Summary:
  84:.\Generated_Source\PSoC4/PIEZO_PIN.c **** *  Read the current value on the pins of the Digital Port in right justified 
  85:.\Generated_Source\PSoC4/PIEZO_PIN.c **** *  form.
  86:.\Generated_Source\PSoC4/PIEZO_PIN.c **** *
  87:.\Generated_Source\PSoC4/PIEZO_PIN.c **** * Parameters:  
  88:.\Generated_Source\PSoC4/PIEZO_PIN.c **** *  None 
  89:.\Generated_Source\PSoC4/PIEZO_PIN.c **** *
  90:.\Generated_Source\PSoC4/PIEZO_PIN.c **** * Return: 
  91:.\Generated_Source\PSoC4/PIEZO_PIN.c **** *  Returns the current value of the Digital Port as a right justified number
  92:.\Generated_Source\PSoC4/PIEZO_PIN.c **** *  
  93:.\Generated_Source\PSoC4/PIEZO_PIN.c **** * Note:
  94:.\Generated_Source\PSoC4/PIEZO_PIN.c **** *  Macro PIEZO_PIN_ReadPS calls this function. 
  95:.\Generated_Source\PSoC4/PIEZO_PIN.c **** *  
ARM GAS  C:\Users\IEUser\AppData\Local\Temp\ccsMQZXY.s 			page 5


  96:.\Generated_Source\PSoC4/PIEZO_PIN.c **** *******************************************************************************/
  97:.\Generated_Source\PSoC4/PIEZO_PIN.c **** uint8 PIEZO_PIN_Read(void) 
  98:.\Generated_Source\PSoC4/PIEZO_PIN.c **** {
 134              		.loc 1 98 0
 135              		.cfi_startproc
 136 0000 80B5     		push	{r7, lr}
 137              		.cfi_def_cfa_offset 8
 138              		.cfi_offset 7, -8
 139              		.cfi_offset 14, -4
 140 0002 00AF     		add	r7, sp, #0
 141              		.cfi_def_cfa_register 7
  99:.\Generated_Source\PSoC4/PIEZO_PIN.c ****     return (uint8)((PIEZO_PIN_PS & PIEZO_PIN_MASK) >> PIEZO_PIN_SHIFT);
 142              		.loc 1 99 0
 143 0004 044B     		ldr	r3, .L9
 144 0006 1A68     		ldr	r2, [r3]
 145 0008 1023     		mov	r3, #16
 146 000a 1340     		and	r3, r2
 147 000c 1B09     		lsr	r3, r3, #4
 148 000e DBB2     		uxtb	r3, r3
 100:.\Generated_Source\PSoC4/PIEZO_PIN.c **** }
 149              		.loc 1 100 0
 150 0010 181C     		mov	r0, r3
 151 0012 BD46     		mov	sp, r7
 152              		@ sp needed
 153 0014 80BD     		pop	{r7, pc}
 154              	.L10:
 155 0016 C046     		.align	2
 156              	.L9:
 157 0018 04000440 		.word	1074003972
 158              		.cfi_endproc
 159              	.LFE2:
 160              		.size	PIEZO_PIN_Read, .-PIEZO_PIN_Read
 161              		.section	.text.PIEZO_PIN_ReadDataReg,"ax",%progbits
 162              		.align	2
 163              		.global	PIEZO_PIN_ReadDataReg
 164              		.code	16
 165              		.thumb_func
 166              		.type	PIEZO_PIN_ReadDataReg, %function
 167              	PIEZO_PIN_ReadDataReg:
 168              	.LFB3:
 101:.\Generated_Source\PSoC4/PIEZO_PIN.c **** 
 102:.\Generated_Source\PSoC4/PIEZO_PIN.c **** 
 103:.\Generated_Source\PSoC4/PIEZO_PIN.c **** /*******************************************************************************
 104:.\Generated_Source\PSoC4/PIEZO_PIN.c **** * Function Name: PIEZO_PIN_ReadDataReg
 105:.\Generated_Source\PSoC4/PIEZO_PIN.c **** ********************************************************************************
 106:.\Generated_Source\PSoC4/PIEZO_PIN.c **** *
 107:.\Generated_Source\PSoC4/PIEZO_PIN.c **** * Summary:
 108:.\Generated_Source\PSoC4/PIEZO_PIN.c **** *  Read the current value assigned to a Digital Port's data output register
 109:.\Generated_Source\PSoC4/PIEZO_PIN.c **** *
 110:.\Generated_Source\PSoC4/PIEZO_PIN.c **** * Parameters:  
 111:.\Generated_Source\PSoC4/PIEZO_PIN.c **** *  None 
 112:.\Generated_Source\PSoC4/PIEZO_PIN.c **** *
 113:.\Generated_Source\PSoC4/PIEZO_PIN.c **** * Return: 
 114:.\Generated_Source\PSoC4/PIEZO_PIN.c **** *  Returns the current value assigned to the Digital Port's data output register
 115:.\Generated_Source\PSoC4/PIEZO_PIN.c **** *  
 116:.\Generated_Source\PSoC4/PIEZO_PIN.c **** *******************************************************************************/
 117:.\Generated_Source\PSoC4/PIEZO_PIN.c **** uint8 PIEZO_PIN_ReadDataReg(void) 
ARM GAS  C:\Users\IEUser\AppData\Local\Temp\ccsMQZXY.s 			page 6


 118:.\Generated_Source\PSoC4/PIEZO_PIN.c **** {
 169              		.loc 1 118 0
 170              		.cfi_startproc
 171 0000 80B5     		push	{r7, lr}
 172              		.cfi_def_cfa_offset 8
 173              		.cfi_offset 7, -8
 174              		.cfi_offset 14, -4
 175 0002 00AF     		add	r7, sp, #0
 176              		.cfi_def_cfa_register 7
 119:.\Generated_Source\PSoC4/PIEZO_PIN.c ****     return (uint8)((PIEZO_PIN_DR & PIEZO_PIN_MASK) >> PIEZO_PIN_SHIFT);
 177              		.loc 1 119 0
 178 0004 044B     		ldr	r3, .L13
 179 0006 1A68     		ldr	r2, [r3]
 180 0008 1023     		mov	r3, #16
 181 000a 1340     		and	r3, r2
 182 000c 1B09     		lsr	r3, r3, #4
 183 000e DBB2     		uxtb	r3, r3
 120:.\Generated_Source\PSoC4/PIEZO_PIN.c **** }
 184              		.loc 1 120 0
 185 0010 181C     		mov	r0, r3
 186 0012 BD46     		mov	sp, r7
 187              		@ sp needed
 188 0014 80BD     		pop	{r7, pc}
 189              	.L14:
 190 0016 C046     		.align	2
 191              	.L13:
 192 0018 00000440 		.word	1074003968
 193              		.cfi_endproc
 194              	.LFE3:
 195              		.size	PIEZO_PIN_ReadDataReg, .-PIEZO_PIN_ReadDataReg
 196              		.section	.text.PIEZO_PIN_ClearInterrupt,"ax",%progbits
 197              		.align	2
 198              		.global	PIEZO_PIN_ClearInterrupt
 199              		.code	16
 200              		.thumb_func
 201              		.type	PIEZO_PIN_ClearInterrupt, %function
 202              	PIEZO_PIN_ClearInterrupt:
 203              	.LFB4:
 121:.\Generated_Source\PSoC4/PIEZO_PIN.c **** 
 122:.\Generated_Source\PSoC4/PIEZO_PIN.c **** 
 123:.\Generated_Source\PSoC4/PIEZO_PIN.c **** /* If Interrupts Are Enabled for this Pins component */ 
 124:.\Generated_Source\PSoC4/PIEZO_PIN.c **** #if defined(PIEZO_PIN_INTSTAT) 
 125:.\Generated_Source\PSoC4/PIEZO_PIN.c **** 
 126:.\Generated_Source\PSoC4/PIEZO_PIN.c ****     /*******************************************************************************
 127:.\Generated_Source\PSoC4/PIEZO_PIN.c ****     * Function Name: PIEZO_PIN_ClearInterrupt
 128:.\Generated_Source\PSoC4/PIEZO_PIN.c ****     ********************************************************************************
 129:.\Generated_Source\PSoC4/PIEZO_PIN.c ****     *
 130:.\Generated_Source\PSoC4/PIEZO_PIN.c ****     * Summary:
 131:.\Generated_Source\PSoC4/PIEZO_PIN.c ****     *  Clears any active interrupts attached to port and returns the value of the 
 132:.\Generated_Source\PSoC4/PIEZO_PIN.c ****     *  interrupt status register.
 133:.\Generated_Source\PSoC4/PIEZO_PIN.c ****     *
 134:.\Generated_Source\PSoC4/PIEZO_PIN.c ****     * Parameters:  
 135:.\Generated_Source\PSoC4/PIEZO_PIN.c ****     *  None 
 136:.\Generated_Source\PSoC4/PIEZO_PIN.c ****     *
 137:.\Generated_Source\PSoC4/PIEZO_PIN.c ****     * Return: 
 138:.\Generated_Source\PSoC4/PIEZO_PIN.c ****     *  Returns the value of the interrupt status register
 139:.\Generated_Source\PSoC4/PIEZO_PIN.c ****     *  
ARM GAS  C:\Users\IEUser\AppData\Local\Temp\ccsMQZXY.s 			page 7


 140:.\Generated_Source\PSoC4/PIEZO_PIN.c ****     *******************************************************************************/
 141:.\Generated_Source\PSoC4/PIEZO_PIN.c ****     uint8 PIEZO_PIN_ClearInterrupt(void) 
 142:.\Generated_Source\PSoC4/PIEZO_PIN.c ****     {
 204              		.loc 1 142 0
 205              		.cfi_startproc
 206 0000 80B5     		push	{r7, lr}
 207              		.cfi_def_cfa_offset 8
 208              		.cfi_offset 7, -8
 209              		.cfi_offset 14, -4
 210 0002 82B0     		sub	sp, sp, #8
 211              		.cfi_def_cfa_offset 16
 212 0004 00AF     		add	r7, sp, #0
 213              		.cfi_def_cfa_register 7
 143:.\Generated_Source\PSoC4/PIEZO_PIN.c **** 		uint8 maskedStatus = (uint8)(PIEZO_PIN_INTSTAT & PIEZO_PIN_MASK);
 214              		.loc 1 143 0
 215 0006 094B     		ldr	r3, .L17
 216 0008 1B68     		ldr	r3, [r3]
 217 000a D9B2     		uxtb	r1, r3
 218 000c FB1D     		add	r3, r7, #7
 219 000e 1022     		mov	r2, #16
 220 0010 0A40     		and	r2, r1
 221 0012 1A70     		strb	r2, [r3]
 144:.\Generated_Source\PSoC4/PIEZO_PIN.c **** 		PIEZO_PIN_INTSTAT = maskedStatus;
 222              		.loc 1 144 0
 223 0014 054B     		ldr	r3, .L17
 224 0016 FA1D     		add	r2, r7, #7
 225 0018 1278     		ldrb	r2, [r2]
 226 001a 1A60     		str	r2, [r3]
 145:.\Generated_Source\PSoC4/PIEZO_PIN.c ****         return maskedStatus >> PIEZO_PIN_SHIFT;
 227              		.loc 1 145 0
 228 001c FB1D     		add	r3, r7, #7
 229 001e 1B78     		ldrb	r3, [r3]
 230 0020 1B09     		lsr	r3, r3, #4
 231 0022 DBB2     		uxtb	r3, r3
 146:.\Generated_Source\PSoC4/PIEZO_PIN.c ****     }
 232              		.loc 1 146 0
 233 0024 181C     		mov	r0, r3
 234 0026 BD46     		mov	sp, r7
 235 0028 02B0     		add	sp, sp, #8
 236              		@ sp needed
 237 002a 80BD     		pop	{r7, pc}
 238              	.L18:
 239              		.align	2
 240              	.L17:
 241 002c 10000440 		.word	1074003984
 242              		.cfi_endproc
 243              	.LFE4:
 244              		.size	PIEZO_PIN_ClearInterrupt, .-PIEZO_PIN_ClearInterrupt
 245              		.text
 246              	.Letext0:
 247              		.file 2 ".\\Generated_Source\\PSoC4\\cytypes.h"
 248              		.section	.debug_info,"",%progbits
 249              	.Ldebug_info0:
 250 0000 47010000 		.4byte	0x147
 251 0004 0400     		.2byte	0x4
 252 0006 00000000 		.4byte	.Ldebug_abbrev0
 253 000a 04       		.byte	0x4
ARM GAS  C:\Users\IEUser\AppData\Local\Temp\ccsMQZXY.s 			page 8


 254 000b 01       		.uleb128 0x1
 255 000c 1C010000 		.4byte	.LASF24
 256 0010 01       		.byte	0x1
 257 0011 CD000000 		.4byte	.LASF25
 258 0015 4F000000 		.4byte	.LASF26
 259 0019 00000000 		.4byte	.Ldebug_ranges0+0
 260 001d 00000000 		.4byte	0
 261 0021 00000000 		.4byte	.Ldebug_line0
 262 0025 02       		.uleb128 0x2
 263 0026 01       		.byte	0x1
 264 0027 06       		.byte	0x6
 265 0028 EF010000 		.4byte	.LASF0
 266 002c 02       		.uleb128 0x2
 267 002d 01       		.byte	0x1
 268 002e 08       		.byte	0x8
 269 002f 94000000 		.4byte	.LASF1
 270 0033 02       		.uleb128 0x2
 271 0034 02       		.byte	0x2
 272 0035 05       		.byte	0x5
 273 0036 D6010000 		.4byte	.LASF2
 274 003a 02       		.uleb128 0x2
 275 003b 02       		.byte	0x2
 276 003c 07       		.byte	0x7
 277 003d BA000000 		.4byte	.LASF3
 278 0041 02       		.uleb128 0x2
 279 0042 04       		.byte	0x4
 280 0043 05       		.byte	0x5
 281 0044 E6010000 		.4byte	.LASF4
 282 0048 02       		.uleb128 0x2
 283 0049 04       		.byte	0x4
 284 004a 07       		.byte	0x7
 285 004b A8000000 		.4byte	.LASF5
 286 004f 02       		.uleb128 0x2
 287 0050 08       		.byte	0x8
 288 0051 05       		.byte	0x5
 289 0052 B6010000 		.4byte	.LASF6
 290 0056 02       		.uleb128 0x2
 291 0057 08       		.byte	0x8
 292 0058 07       		.byte	0x7
 293 0059 38000000 		.4byte	.LASF7
 294 005d 03       		.uleb128 0x3
 295 005e 04       		.byte	0x4
 296 005f 05       		.byte	0x5
 297 0060 696E7400 		.ascii	"int\000"
 298 0064 02       		.uleb128 0x2
 299 0065 04       		.byte	0x4
 300 0066 07       		.byte	0x7
 301 0067 0F010000 		.4byte	.LASF8
 302 006b 04       		.uleb128 0x4
 303 006c E0010000 		.4byte	.LASF9
 304 0070 02       		.byte	0x2
 305 0071 5B       		.byte	0x5b
 306 0072 2C000000 		.4byte	0x2c
 307 0076 04       		.uleb128 0x4
 308 0077 08010000 		.4byte	.LASF10
 309 007b 02       		.byte	0x2
 310 007c 5D       		.byte	0x5d
ARM GAS  C:\Users\IEUser\AppData\Local\Temp\ccsMQZXY.s 			page 9


 311 007d 48000000 		.4byte	0x48
 312 0081 02       		.uleb128 0x2
 313 0082 04       		.byte	0x4
 314 0083 04       		.byte	0x4
 315 0084 32000000 		.4byte	.LASF11
 316 0088 02       		.uleb128 0x2
 317 0089 08       		.byte	0x8
 318 008a 04       		.byte	0x4
 319 008b 01010000 		.4byte	.LASF12
 320 008f 02       		.uleb128 0x2
 321 0090 01       		.byte	0x1
 322 0091 08       		.byte	0x8
 323 0092 D1010000 		.4byte	.LASF13
 324 0096 04       		.uleb128 0x4
 325 0097 00000000 		.4byte	.LASF14
 326 009b 02       		.byte	0x2
 327 009c F2       		.byte	0xf2
 328 009d A1000000 		.4byte	0xa1
 329 00a1 05       		.uleb128 0x5
 330 00a2 76000000 		.4byte	0x76
 331 00a6 06       		.uleb128 0x6
 332 00a7 06000000 		.4byte	.LASF15
 333 00ab 01       		.byte	0x1
 334 00ac 2A       		.byte	0x2a
 335 00ad 00000000 		.4byte	.LFB0
 336 00b1 4C000000 		.4byte	.LFE0-.LFB0
 337 00b5 01       		.uleb128 0x1
 338 00b6 9C       		.byte	0x9c
 339 00b7 D8000000 		.4byte	0xd8
 340 00bb 07       		.uleb128 0x7
 341 00bc 16000000 		.4byte	.LASF17
 342 00c0 01       		.byte	0x1
 343 00c1 2A       		.byte	0x2a
 344 00c2 6B000000 		.4byte	0x6b
 345 00c6 02       		.uleb128 0x2
 346 00c7 91       		.byte	0x91
 347 00c8 6F       		.sleb128 -17
 348 00c9 08       		.uleb128 0x8
 349 00ca A2000000 		.4byte	.LASF22
 350 00ce 01       		.byte	0x1
 351 00cf 2C       		.byte	0x2c
 352 00d0 6B000000 		.4byte	0x6b
 353 00d4 02       		.uleb128 0x2
 354 00d5 91       		.byte	0x91
 355 00d6 77       		.sleb128 -9
 356 00d7 00       		.byte	0
 357 00d8 06       		.uleb128 0x6
 358 00d9 FB010000 		.4byte	.LASF16
 359 00dd 01       		.byte	0x1
 360 00de 49       		.byte	0x49
 361 00df 00000000 		.4byte	.LFB1
 362 00e3 30000000 		.4byte	.LFE1-.LFB1
 363 00e7 01       		.uleb128 0x1
 364 00e8 9C       		.byte	0x9c
 365 00e9 FC000000 		.4byte	0xfc
 366 00ed 07       		.uleb128 0x7
 367 00ee 98010000 		.4byte	.LASF18
ARM GAS  C:\Users\IEUser\AppData\Local\Temp\ccsMQZXY.s 			page 10


 368 00f2 01       		.byte	0x1
 369 00f3 49       		.byte	0x49
 370 00f4 6B000000 		.4byte	0x6b
 371 00f8 02       		.uleb128 0x2
 372 00f9 91       		.byte	0x91
 373 00fa 77       		.sleb128 -9
 374 00fb 00       		.byte	0
 375 00fc 09       		.uleb128 0x9
 376 00fd F2000000 		.4byte	.LASF19
 377 0101 01       		.byte	0x1
 378 0102 61       		.byte	0x61
 379 0103 6B000000 		.4byte	0x6b
 380 0107 00000000 		.4byte	.LFB2
 381 010b 1C000000 		.4byte	.LFE2-.LFB2
 382 010f 01       		.uleb128 0x1
 383 0110 9C       		.byte	0x9c
 384 0111 09       		.uleb128 0x9
 385 0112 1C000000 		.4byte	.LASF20
 386 0116 01       		.byte	0x1
 387 0117 75       		.byte	0x75
 388 0118 6B000000 		.4byte	0x6b
 389 011c 00000000 		.4byte	.LFB3
 390 0120 1C000000 		.4byte	.LFE3-.LFB3
 391 0124 01       		.uleb128 0x1
 392 0125 9C       		.byte	0x9c
 393 0126 0A       		.uleb128 0xa
 394 0127 9D010000 		.4byte	.LASF21
 395 012b 01       		.byte	0x1
 396 012c 8D       		.byte	0x8d
 397 012d 6B000000 		.4byte	0x6b
 398 0131 00000000 		.4byte	.LFB4
 399 0135 30000000 		.4byte	.LFE4-.LFB4
 400 0139 01       		.uleb128 0x1
 401 013a 9C       		.byte	0x9c
 402 013b 08       		.uleb128 0x8
 403 013c C4010000 		.4byte	.LASF23
 404 0140 01       		.byte	0x1
 405 0141 8F       		.byte	0x8f
 406 0142 6B000000 		.4byte	0x6b
 407 0146 02       		.uleb128 0x2
 408 0147 91       		.byte	0x91
 409 0148 77       		.sleb128 -9
 410 0149 00       		.byte	0
 411 014a 00       		.byte	0
 412              		.section	.debug_abbrev,"",%progbits
 413              	.Ldebug_abbrev0:
 414 0000 01       		.uleb128 0x1
 415 0001 11       		.uleb128 0x11
 416 0002 01       		.byte	0x1
 417 0003 25       		.uleb128 0x25
 418 0004 0E       		.uleb128 0xe
 419 0005 13       		.uleb128 0x13
 420 0006 0B       		.uleb128 0xb
 421 0007 03       		.uleb128 0x3
 422 0008 0E       		.uleb128 0xe
 423 0009 1B       		.uleb128 0x1b
 424 000a 0E       		.uleb128 0xe
ARM GAS  C:\Users\IEUser\AppData\Local\Temp\ccsMQZXY.s 			page 11


 425 000b 55       		.uleb128 0x55
 426 000c 17       		.uleb128 0x17
 427 000d 11       		.uleb128 0x11
 428 000e 01       		.uleb128 0x1
 429 000f 10       		.uleb128 0x10
 430 0010 17       		.uleb128 0x17
 431 0011 00       		.byte	0
 432 0012 00       		.byte	0
 433 0013 02       		.uleb128 0x2
 434 0014 24       		.uleb128 0x24
 435 0015 00       		.byte	0
 436 0016 0B       		.uleb128 0xb
 437 0017 0B       		.uleb128 0xb
 438 0018 3E       		.uleb128 0x3e
 439 0019 0B       		.uleb128 0xb
 440 001a 03       		.uleb128 0x3
 441 001b 0E       		.uleb128 0xe
 442 001c 00       		.byte	0
 443 001d 00       		.byte	0
 444 001e 03       		.uleb128 0x3
 445 001f 24       		.uleb128 0x24
 446 0020 00       		.byte	0
 447 0021 0B       		.uleb128 0xb
 448 0022 0B       		.uleb128 0xb
 449 0023 3E       		.uleb128 0x3e
 450 0024 0B       		.uleb128 0xb
 451 0025 03       		.uleb128 0x3
 452 0026 08       		.uleb128 0x8
 453 0027 00       		.byte	0
 454 0028 00       		.byte	0
 455 0029 04       		.uleb128 0x4
 456 002a 16       		.uleb128 0x16
 457 002b 00       		.byte	0
 458 002c 03       		.uleb128 0x3
 459 002d 0E       		.uleb128 0xe
 460 002e 3A       		.uleb128 0x3a
 461 002f 0B       		.uleb128 0xb
 462 0030 3B       		.uleb128 0x3b
 463 0031 0B       		.uleb128 0xb
 464 0032 49       		.uleb128 0x49
 465 0033 13       		.uleb128 0x13
 466 0034 00       		.byte	0
 467 0035 00       		.byte	0
 468 0036 05       		.uleb128 0x5
 469 0037 35       		.uleb128 0x35
 470 0038 00       		.byte	0
 471 0039 49       		.uleb128 0x49
 472 003a 13       		.uleb128 0x13
 473 003b 00       		.byte	0
 474 003c 00       		.byte	0
 475 003d 06       		.uleb128 0x6
 476 003e 2E       		.uleb128 0x2e
 477 003f 01       		.byte	0x1
 478 0040 3F       		.uleb128 0x3f
 479 0041 19       		.uleb128 0x19
 480 0042 03       		.uleb128 0x3
 481 0043 0E       		.uleb128 0xe
ARM GAS  C:\Users\IEUser\AppData\Local\Temp\ccsMQZXY.s 			page 12


 482 0044 3A       		.uleb128 0x3a
 483 0045 0B       		.uleb128 0xb
 484 0046 3B       		.uleb128 0x3b
 485 0047 0B       		.uleb128 0xb
 486 0048 27       		.uleb128 0x27
 487 0049 19       		.uleb128 0x19
 488 004a 11       		.uleb128 0x11
 489 004b 01       		.uleb128 0x1
 490 004c 12       		.uleb128 0x12
 491 004d 06       		.uleb128 0x6
 492 004e 40       		.uleb128 0x40
 493 004f 18       		.uleb128 0x18
 494 0050 9742     		.uleb128 0x2117
 495 0052 19       		.uleb128 0x19
 496 0053 01       		.uleb128 0x1
 497 0054 13       		.uleb128 0x13
 498 0055 00       		.byte	0
 499 0056 00       		.byte	0
 500 0057 07       		.uleb128 0x7
 501 0058 05       		.uleb128 0x5
 502 0059 00       		.byte	0
 503 005a 03       		.uleb128 0x3
 504 005b 0E       		.uleb128 0xe
 505 005c 3A       		.uleb128 0x3a
 506 005d 0B       		.uleb128 0xb
 507 005e 3B       		.uleb128 0x3b
 508 005f 0B       		.uleb128 0xb
 509 0060 49       		.uleb128 0x49
 510 0061 13       		.uleb128 0x13
 511 0062 02       		.uleb128 0x2
 512 0063 18       		.uleb128 0x18
 513 0064 00       		.byte	0
 514 0065 00       		.byte	0
 515 0066 08       		.uleb128 0x8
 516 0067 34       		.uleb128 0x34
 517 0068 00       		.byte	0
 518 0069 03       		.uleb128 0x3
 519 006a 0E       		.uleb128 0xe
 520 006b 3A       		.uleb128 0x3a
 521 006c 0B       		.uleb128 0xb
 522 006d 3B       		.uleb128 0x3b
 523 006e 0B       		.uleb128 0xb
 524 006f 49       		.uleb128 0x49
 525 0070 13       		.uleb128 0x13
 526 0071 02       		.uleb128 0x2
 527 0072 18       		.uleb128 0x18
 528 0073 00       		.byte	0
 529 0074 00       		.byte	0
 530 0075 09       		.uleb128 0x9
 531 0076 2E       		.uleb128 0x2e
 532 0077 00       		.byte	0
 533 0078 3F       		.uleb128 0x3f
 534 0079 19       		.uleb128 0x19
 535 007a 03       		.uleb128 0x3
 536 007b 0E       		.uleb128 0xe
 537 007c 3A       		.uleb128 0x3a
 538 007d 0B       		.uleb128 0xb
ARM GAS  C:\Users\IEUser\AppData\Local\Temp\ccsMQZXY.s 			page 13


 539 007e 3B       		.uleb128 0x3b
 540 007f 0B       		.uleb128 0xb
 541 0080 27       		.uleb128 0x27
 542 0081 19       		.uleb128 0x19
 543 0082 49       		.uleb128 0x49
 544 0083 13       		.uleb128 0x13
 545 0084 11       		.uleb128 0x11
 546 0085 01       		.uleb128 0x1
 547 0086 12       		.uleb128 0x12
 548 0087 06       		.uleb128 0x6
 549 0088 40       		.uleb128 0x40
 550 0089 18       		.uleb128 0x18
 551 008a 9742     		.uleb128 0x2117
 552 008c 19       		.uleb128 0x19
 553 008d 00       		.byte	0
 554 008e 00       		.byte	0
 555 008f 0A       		.uleb128 0xa
 556 0090 2E       		.uleb128 0x2e
 557 0091 01       		.byte	0x1
 558 0092 3F       		.uleb128 0x3f
 559 0093 19       		.uleb128 0x19
 560 0094 03       		.uleb128 0x3
 561 0095 0E       		.uleb128 0xe
 562 0096 3A       		.uleb128 0x3a
 563 0097 0B       		.uleb128 0xb
 564 0098 3B       		.uleb128 0x3b
 565 0099 0B       		.uleb128 0xb
 566 009a 27       		.uleb128 0x27
 567 009b 19       		.uleb128 0x19
 568 009c 49       		.uleb128 0x49
 569 009d 13       		.uleb128 0x13
 570 009e 11       		.uleb128 0x11
 571 009f 01       		.uleb128 0x1
 572 00a0 12       		.uleb128 0x12
 573 00a1 06       		.uleb128 0x6
 574 00a2 40       		.uleb128 0x40
 575 00a3 18       		.uleb128 0x18
 576 00a4 9742     		.uleb128 0x2117
 577 00a6 19       		.uleb128 0x19
 578 00a7 00       		.byte	0
 579 00a8 00       		.byte	0
 580 00a9 00       		.byte	0
 581              		.section	.debug_aranges,"",%progbits
 582 0000 3C000000 		.4byte	0x3c
 583 0004 0200     		.2byte	0x2
 584 0006 00000000 		.4byte	.Ldebug_info0
 585 000a 04       		.byte	0x4
 586 000b 00       		.byte	0
 587 000c 0000     		.2byte	0
 588 000e 0000     		.2byte	0
 589 0010 00000000 		.4byte	.LFB0
 590 0014 4C000000 		.4byte	.LFE0-.LFB0
 591 0018 00000000 		.4byte	.LFB1
 592 001c 30000000 		.4byte	.LFE1-.LFB1
 593 0020 00000000 		.4byte	.LFB2
 594 0024 1C000000 		.4byte	.LFE2-.LFB2
 595 0028 00000000 		.4byte	.LFB3
ARM GAS  C:\Users\IEUser\AppData\Local\Temp\ccsMQZXY.s 			page 14


 596 002c 1C000000 		.4byte	.LFE3-.LFB3
 597 0030 00000000 		.4byte	.LFB4
 598 0034 30000000 		.4byte	.LFE4-.LFB4
 599 0038 00000000 		.4byte	0
 600 003c 00000000 		.4byte	0
 601              		.section	.debug_ranges,"",%progbits
 602              	.Ldebug_ranges0:
 603 0000 00000000 		.4byte	.LFB0
 604 0004 4C000000 		.4byte	.LFE0
 605 0008 00000000 		.4byte	.LFB1
 606 000c 30000000 		.4byte	.LFE1
 607 0010 00000000 		.4byte	.LFB2
 608 0014 1C000000 		.4byte	.LFE2
 609 0018 00000000 		.4byte	.LFB3
 610 001c 1C000000 		.4byte	.LFE3
 611 0020 00000000 		.4byte	.LFB4
 612 0024 30000000 		.4byte	.LFE4
 613 0028 00000000 		.4byte	0
 614 002c 00000000 		.4byte	0
 615              		.section	.debug_line,"",%progbits
 616              	.Ldebug_line0:
 617 0000 AB000000 		.section	.debug_str,"MS",%progbits,1
 617      02004800 
 617      00000201 
 617      FB0E0D00 
 617      01010101 
 618              	.LASF14:
 619 0000 72656733 		.ascii	"reg32\000"
 619      3200
 620              	.LASF15:
 621 0006 5049455A 		.ascii	"PIEZO_PIN_Write\000"
 621      4F5F5049 
 621      4E5F5772 
 621      69746500 
 622              	.LASF17:
 623 0016 76616C75 		.ascii	"value\000"
 623      6500
 624              	.LASF20:
 625 001c 5049455A 		.ascii	"PIEZO_PIN_ReadDataReg\000"
 625      4F5F5049 
 625      4E5F5265 
 625      61644461 
 625      74615265 
 626              	.LASF11:
 627 0032 666C6F61 		.ascii	"float\000"
 627      7400
 628              	.LASF7:
 629 0038 6C6F6E67 		.ascii	"long long unsigned int\000"
 629      206C6F6E 
 629      6720756E 
 629      7369676E 
 629      65642069 
 630              	.LASF26:
 631 004f 433A5C55 		.ascii	"C:\\Users\\IEUser\\Documents\\GitHub\\piezo-sensor\\"
 631      73657273 
 631      5C494555 
 631      7365725C 
ARM GAS  C:\Users\IEUser\AppData\Local\Temp\ccsMQZXY.s 			page 15


 631      446F6375 
 632 007d 4D792046 		.ascii	"My First Project.cydsn\000"
 632      69727374 
 632      2050726F 
 632      6A656374 
 632      2E637964 
 633              	.LASF1:
 634 0094 756E7369 		.ascii	"unsigned char\000"
 634      676E6564 
 634      20636861 
 634      7200
 635              	.LASF22:
 636 00a2 64725661 		.ascii	"drVal\000"
 636      6C00
 637              	.LASF5:
 638 00a8 6C6F6E67 		.ascii	"long unsigned int\000"
 638      20756E73 
 638      69676E65 
 638      6420696E 
 638      7400
 639              	.LASF3:
 640 00ba 73686F72 		.ascii	"short unsigned int\000"
 640      7420756E 
 640      7369676E 
 640      65642069 
 640      6E7400
 641              	.LASF25:
 642 00cd 2E5C4765 		.ascii	".\\Generated_Source\\PSoC4\\PIEZO_PIN.c\000"
 642      6E657261 
 642      7465645F 
 642      536F7572 
 642      63655C50 
 643              	.LASF19:
 644 00f2 5049455A 		.ascii	"PIEZO_PIN_Read\000"
 644      4F5F5049 
 644      4E5F5265 
 644      616400
 645              	.LASF12:
 646 0101 646F7562 		.ascii	"double\000"
 646      6C6500
 647              	.LASF10:
 648 0108 75696E74 		.ascii	"uint32\000"
 648      333200
 649              	.LASF8:
 650 010f 756E7369 		.ascii	"unsigned int\000"
 650      676E6564 
 650      20696E74 
 650      00
 651              	.LASF24:
 652 011c 474E5520 		.ascii	"GNU C 4.8.4 20140526 (release) [ARM/embedded-4_8-br"
 652      4320342E 
 652      382E3420 
 652      32303134 
 652      30353236 
 653 014f 616E6368 		.ascii	"anch revision 211358] -mcpu=cortex-m0 -mthumb -g -O"
 653      20726576 
 653      6973696F 
ARM GAS  C:\Users\IEUser\AppData\Local\Temp\ccsMQZXY.s 			page 16


 653      6E203231 
 653      31333538 
 654 0182 30202D66 		.ascii	"0 -ffunction-sections\000"
 654      66756E63 
 654      74696F6E 
 654      2D736563 
 654      74696F6E 
 655              	.LASF18:
 656 0198 6D6F6465 		.ascii	"mode\000"
 656      00
 657              	.LASF21:
 658 019d 5049455A 		.ascii	"PIEZO_PIN_ClearInterrupt\000"
 658      4F5F5049 
 658      4E5F436C 
 658      65617249 
 658      6E746572 
 659              	.LASF6:
 660 01b6 6C6F6E67 		.ascii	"long long int\000"
 660      206C6F6E 
 660      6720696E 
 660      7400
 661              	.LASF23:
 662 01c4 6D61736B 		.ascii	"maskedStatus\000"
 662      65645374 
 662      61747573 
 662      00
 663              	.LASF13:
 664 01d1 63686172 		.ascii	"char\000"
 664      00
 665              	.LASF2:
 666 01d6 73686F72 		.ascii	"short int\000"
 666      7420696E 
 666      7400
 667              	.LASF9:
 668 01e0 75696E74 		.ascii	"uint8\000"
 668      3800
 669              	.LASF4:
 670 01e6 6C6F6E67 		.ascii	"long int\000"
 670      20696E74 
 670      00
 671              	.LASF0:
 672 01ef 7369676E 		.ascii	"signed char\000"
 672      65642063 
 672      68617200 
 673              	.LASF16:
 674 01fb 5049455A 		.ascii	"PIEZO_PIN_SetDriveMode\000"
 674      4F5F5049 
 674      4E5F5365 
 674      74447269 
 674      76654D6F 
 675              		.ident	"GCC: (GNU Tools for ARM Embedded Processors) 4.8.4 20140526 (release) [ARM/embedded-4_8-br
